ITERATION=689
CANDIDATE_SHA256=d1cbe44b15d07857d87da9e0b78d1e9ec71a3f2763b5b997d76a48c6d1557acb
EXTENSION=v4tp_43592085816b37400d77_v178mspec
GPU=NVIDIA H20-3e
SM_COUNT=78
TOKENS=128
TP=4
W13_SPLIT_K=2
L2_POLICY=cold 256MiB clear outside profiled kernel
INPUT_CONTRACT=prequantized FP8-E4M3 X plus FP32 group128 scale
TP4_SINGLE_LAUNCH_SPLIT2=REG48 STACK64 SHARED2048 LOCAL0 CONSTANT[0]1361
TP4_SINGLE_LAUNCH_SPLIT4=REG48 STACK64 SHARED2048 LOCAL0 CONSTANT[0]1361
LOCAL_ACCEPTED=true
LOCAL_COSINE=0.9999980904790449
LOCAL_REL_L2=0.0019542379331360005
LOCAL_FINITE=true
PACKED_GENERATION_AFTER=[0,0,0,0]
TP4_ACCEPTED=true
TP4_ALLREDUCE_OK=true
TP4_COSINE_MIN=0.9999926659126305
TP4_REL_L2_MAX=0.0038299181204722544
TP4_MAX_ABS=17408.0
TP4_FINITE=true
