SWEEP_CONFIG chunks=2 blocks=16 port=29716
W0903 07:06:50.685000 286828 torch/distributed/run.py:851] 
W0903 07:06:50.685000 286828 torch/distributed/run.py:851] *****************************************
W0903 07:06:50.685000 286828 torch/distributed/run.py:851] Setting OMP_NUM_THREADS environment variable for each process to be 1 in default, to avoid your system being overloaded, please further tune the variable for optimal performance in your application as needed. 
W0903 07:06:50.685000 286828 torch/distributed/run.py:851] *****************************************
FUSED_AB_ENV {"benchmark": "same-process fused-k6-push versus stock CARv2", "candidate": "pipeline", "gpu": "NVIDIA H20-3e", "l2_policy": "cold; separate 256MiB clear immediately before every graph replay, clear excluded from CUDA events", "m_values": [128], "outer": 2, "pair_order": "fused/control then control/fused by batch", "pipeline_ar_blocks": 16, "pipeline_chunks": 2, "pull_blocks": "default", "pull_unroll": "default", "replays_per_outer_per_impl": 30, "route_pattern": "random", "same_communicator": true, "same_weights_and_inputs": true, "sm_count": 78, "world_size": 4}
FUSED_AB_RESULT {"cold_samples_per_impl": 60, "control_batch_medians_ms_max_rank": [0.3267520070075989, 0.3378879874944687], "control_correctness": {"allreduce_ok": true, "cosine_min_rank": 0.9999956088584286, "finite_all_ranks": true, "max_abs_max_rank": 1024.0, "max_abs_over_ref_max_rank": 0.005714285714285714, "rel_l2_max_rank": 0.002963504140733186}, "control_latency_ms_max": 0.34326401352882385, "control_latency_ms_median": 0.32710400223731995, "control_latency_ms_min": 0.3247680068016052, "fused_batch_medians_ms_max_rank": [0.3623359948396683, 0.37748798727989197], "fused_correctness": {"allreduce_ok": true, "cosine_min_rank": 0.9999956088584286, "finite_all_ranks": true, "max_abs_max_rank": 1024.0, "max_abs_over_ref_max_rank": 0.005714285714285714, "rel_l2_max_rank": 0.002963504140733186}, "fused_latency_ms_max": 0.3904320001602173, "fused_latency_ms_median": 0.3729120045900345, "fused_latency_ms_min": 0.3598400056362152, "fused_vs_control_max_abs": 0.0, "m": 128, "speedup_control_over_fused": 0.8771613630323483}
FUSED_AB_SUMMARY {"control_geometric_mean_ms": 0.32710400223731995, "fused_geometric_mean_ms": 0.3729120045900345, "m_values": [128], "speedup_control_over_fused": 0.8771613630323483}
SWEEP_STATUS chunks=2 blocks=16 status=0
SWEEP_CONFIG chunks=2 blocks=32 port=29717
W0903 07:07:08.954000 287093 torch/distributed/run.py:851] 
W0903 07:07:08.954000 287093 torch/distributed/run.py:851] *****************************************
W0903 07:07:08.954000 287093 torch/distributed/run.py:851] Setting OMP_NUM_THREADS environment variable for each process to be 1 in default, to avoid your system being overloaded, please further tune the variable for optimal performance in your application as needed. 
W0903 07:07:08.954000 287093 torch/distributed/run.py:851] *****************************************
FUSED_AB_ENV {"benchmark": "same-process fused-k6-push versus stock CARv2", "candidate": "pipeline", "gpu": "NVIDIA H20-3e", "l2_policy": "cold; separate 256MiB clear immediately before every graph replay, clear excluded from CUDA events", "m_values": [128], "outer": 2, "pair_order": "fused/control then control/fused by batch", "pipeline_ar_blocks": 32, "pipeline_chunks": 2, "pull_blocks": "default", "pull_unroll": "default", "replays_per_outer_per_impl": 30, "route_pattern": "random", "same_communicator": true, "same_weights_and_inputs": true, "sm_count": 78, "world_size": 4}
FUSED_AB_RESULT {"cold_samples_per_impl": 60, "control_batch_medians_ms_max_rank": [0.3277919888496399, 0.33025600016117096], "control_correctness": {"allreduce_ok": true, "cosine_min_rank": 0.9999956088584286, "finite_all_ranks": true, "max_abs_max_rank": 1024.0, "max_abs_over_ref_max_rank": 0.005714285714285714, "rel_l2_max_rank": 0.002963504140733186}, "control_latency_ms_max": 0.333407998085022, "control_latency_ms_median": 0.3288799971342087, "control_latency_ms_min": 0.3256640136241913, "fused_batch_medians_ms_max_rank": [0.3447519987821579, 0.3577919900417328], "fused_correctness": {"allreduce_ok": true, "cosine_min_rank": 0.9999956088584286, "finite_all_ranks": true, "max_abs_max_rank": 1024.0, "max_abs_over_ref_max_rank": 0.005714285714285714, "rel_l2_max_rank": 0.002963504140733186}, "fused_latency_ms_max": 0.3777279853820801, "fused_latency_ms_median": 0.34756799042224884, "fused_latency_ms_min": 0.34323200583457947, "fused_vs_control_max_abs": 0.0, "m": 128, "speedup_control_over_fused": 0.9462321220508921}
FUSED_AB_SUMMARY {"control_geometric_mean_ms": 0.3288799971342087, "fused_geometric_mean_ms": 0.34756799042224884, "m_values": [128], "speedup_control_over_fused": 0.9462321220508921}
SWEEP_STATUS chunks=2 blocks=32 status=0
SWEEP_CONFIG chunks=2 blocks=78 port=29718
W0903 07:07:26.544000 287361 torch/distributed/run.py:851] 
W0903 07:07:26.544000 287361 torch/distributed/run.py:851] *****************************************
W0903 07:07:26.544000 287361 torch/distributed/run.py:851] Setting OMP_NUM_THREADS environment variable for each process to be 1 in default, to avoid your system being overloaded, please further tune the variable for optimal performance in your application as needed. 
W0903 07:07:26.544000 287361 torch/distributed/run.py:851] *****************************************
FUSED_AB_ENV {"benchmark": "same-process fused-k6-push versus stock CARv2", "candidate": "pipeline", "gpu": "NVIDIA H20-3e", "l2_policy": "cold; separate 256MiB clear immediately before every graph replay, clear excluded from CUDA events", "m_values": [128], "outer": 2, "pair_order": "fused/control then control/fused by batch", "pipeline_ar_blocks": 78, "pipeline_chunks": 2, "pull_blocks": "default", "pull_unroll": "default", "replays_per_outer_per_impl": 30, "route_pattern": "random", "same_communicator": true, "same_weights_and_inputs": true, "sm_count": 78, "world_size": 4}
FUSED_AB_RESULT {"cold_samples_per_impl": 60, "control_batch_medians_ms_max_rank": [0.326447993516922, 0.32601599395275116], "control_correctness": {"allreduce_ok": true, "cosine_min_rank": 0.9999956088584286, "finite_all_ranks": true, "max_abs_max_rank": 1024.0, "max_abs_over_ref_max_rank": 0.005714285714285714, "rel_l2_max_rank": 0.002963504140733186}, "control_latency_ms_max": 0.382176011800766, "control_latency_ms_median": 0.32633599638938904, "control_latency_ms_min": 0.3243519961833954, "fused_batch_medians_ms_max_rank": [0.3396799862384796, 0.339136004447937], "fused_correctness": {"allreduce_ok": true, "cosine_min_rank": 0.9999956088584286, "finite_all_ranks": true, "max_abs_max_rank": 1024.0, "max_abs_over_ref_max_rank": 0.005714285714285714, "rel_l2_max_rank": 0.002963504140733186}, "fused_latency_ms_max": 0.3776960074901581, "fused_latency_ms_median": 0.3395040035247803, "fused_latency_ms_min": 0.3372479975223541, "fused_vs_control_max_abs": 0.0, "m": 128, "speedup_control_over_fused": 0.961213985700672}
FUSED_AB_SUMMARY {"control_geometric_mean_ms": 0.32633599638938904, "fused_geometric_mean_ms": 0.33950400352478033, "m_values": [128], "speedup_control_over_fused": 0.9612139857006718}
SWEEP_STATUS chunks=2 blocks=78 status=0
SWEEP_CONFIG chunks=4 blocks=16 port=29719
W0903 07:07:44.590000 287626 torch/distributed/run.py:851] 
W0903 07:07:44.590000 287626 torch/distributed/run.py:851] *****************************************
W0903 07:07:44.590000 287626 torch/distributed/run.py:851] Setting OMP_NUM_THREADS environment variable for each process to be 1 in default, to avoid your system being overloaded, please further tune the variable for optimal performance in your application as needed. 
W0903 07:07:44.590000 287626 torch/distributed/run.py:851] *****************************************
FUSED_AB_ENV {"benchmark": "same-process fused-k6-push versus stock CARv2", "candidate": "pipeline", "gpu": "NVIDIA H20-3e", "l2_policy": "cold; separate 256MiB clear immediately before every graph replay, clear excluded from CUDA events", "m_values": [128], "outer": 2, "pair_order": "fused/control then control/fused by batch", "pipeline_ar_blocks": 16, "pipeline_chunks": 4, "pull_blocks": "default", "pull_unroll": "default", "replays_per_outer_per_impl": 30, "route_pattern": "random", "same_communicator": true, "same_weights_and_inputs": true, "sm_count": 78, "world_size": 4}
FUSED_AB_RESULT {"cold_samples_per_impl": 60, "control_batch_medians_ms_max_rank": [0.326432004570961, 0.32683199644088745], "control_correctness": {"allreduce_ok": true, "cosine_min_rank": 0.9999956088584286, "finite_all_ranks": true, "max_abs_max_rank": 1024.0, "max_abs_over_ref_max_rank": 0.005714285714285714, "rel_l2_max_rank": 0.002963504140733186}, "control_latency_ms_max": 0.3545919954776764, "control_latency_ms_median": 0.32651200890541077, "control_latency_ms_min": 0.32441601157188416, "fused_batch_medians_ms_max_rank": [0.360384002327919, 0.36057598888874054], "fused_correctness": {"allreduce_ok": true, "cosine_min_rank": 0.9999956088584286, "finite_all_ranks": true, "max_abs_max_rank": 1024.0, "max_abs_over_ref_max_rank": 0.005714285714285714, "rel_l2_max_rank": 0.002963504140733186}, "fused_latency_ms_max": 0.40089601278305054, "fused_latency_ms_median": 0.3604639917612076, "fused_latency_ms_min": 0.358271986246109, "fused_vs_control_max_abs": 0.0, "m": 128, "speedup_control_over_fused": 0.9058103343695739}
FUSED_AB_SUMMARY {"control_geometric_mean_ms": 0.32651200890541077, "fused_geometric_mean_ms": 0.36046399176120764, "m_values": [128], "speedup_control_over_fused": 0.9058103343695737}
SWEEP_STATUS chunks=4 blocks=16 status=0
SWEEP_CONFIG chunks=4 blocks=32 port=29720
W0903 07:08:02.352000 287891 torch/distributed/run.py:851] 
W0903 07:08:02.352000 287891 torch/distributed/run.py:851] *****************************************
W0903 07:08:02.352000 287891 torch/distributed/run.py:851] Setting OMP_NUM_THREADS environment variable for each process to be 1 in default, to avoid your system being overloaded, please further tune the variable for optimal performance in your application as needed. 
W0903 07:08:02.352000 287891 torch/distributed/run.py:851] *****************************************
FUSED_AB_ENV {"benchmark": "same-process fused-k6-push versus stock CARv2", "candidate": "pipeline", "gpu": "NVIDIA H20-3e", "l2_policy": "cold; separate 256MiB clear immediately before every graph replay, clear excluded from CUDA events", "m_values": [128], "outer": 2, "pair_order": "fused/control then control/fused by batch", "pipeline_ar_blocks": 32, "pipeline_chunks": 4, "pull_blocks": "default", "pull_unroll": "default", "replays_per_outer_per_impl": 30, "route_pattern": "random", "same_communicator": true, "same_weights_and_inputs": true, "sm_count": 78, "world_size": 4}
FUSED_AB_RESULT {"cold_samples_per_impl": 60, "control_batch_medians_ms_max_rank": [0.32652799785137177, 0.326447993516922], "control_correctness": {"allreduce_ok": true, "cosine_min_rank": 0.9999956088584286, "finite_all_ranks": true, "max_abs_max_rank": 1024.0, "max_abs_over_ref_max_rank": 0.005714285714285714, "rel_l2_max_rank": 0.002963504140733186}, "control_latency_ms_max": 0.35206401348114014, "control_latency_ms_median": 0.3264639973640442, "control_latency_ms_min": 0.32393598556518555, "fused_batch_medians_ms_max_rank": [0.3513279855251312, 0.35152000188827515], "fused_correctness": {"allreduce_ok": true, "cosine_min_rank": 0.9999956088584286, "finite_all_ranks": true, "max_abs_max_rank": 1024.0, "max_abs_over_ref_max_rank": 0.005714285714285714, "rel_l2_max_rank": 0.002963504140733186}, "fused_latency_ms_max": 0.4851840138435364, "fused_latency_ms_median": 0.35139200091362, "fused_latency_ms_min": 0.35020801424980164, "fused_vs_control_max_abs": 0.0, "m": 128, "speedup_control_over_fused": 0.929059274301171}
FUSED_AB_SUMMARY {"control_geometric_mean_ms": 0.3264639973640442, "fused_geometric_mean_ms": 0.35139200091362, "m_values": [128], "speedup_control_over_fused": 0.929059274301171}
SWEEP_STATUS chunks=4 blocks=32 status=0
SWEEP_CONFIG chunks=4 blocks=78 port=29721
W0903 07:08:20.225000 288162 torch/distributed/run.py:851] 
W0903 07:08:20.225000 288162 torch/distributed/run.py:851] *****************************************
W0903 07:08:20.225000 288162 torch/distributed/run.py:851] Setting OMP_NUM_THREADS environment variable for each process to be 1 in default, to avoid your system being overloaded, please further tune the variable for optimal performance in your application as needed. 
W0903 07:08:20.225000 288162 torch/distributed/run.py:851] *****************************************
FUSED_AB_ENV {"benchmark": "same-process fused-k6-push versus stock CARv2", "candidate": "pipeline", "gpu": "NVIDIA H20-3e", "l2_policy": "cold; separate 256MiB clear immediately before every graph replay, clear excluded from CUDA events", "m_values": [128], "outer": 2, "pair_order": "fused/control then control/fused by batch", "pipeline_ar_blocks": 78, "pipeline_chunks": 4, "pull_blocks": "default", "pull_unroll": "default", "replays_per_outer_per_impl": 30, "route_pattern": "random", "same_communicator": true, "same_weights_and_inputs": true, "sm_count": 78, "world_size": 4}
FUSED_AB_RESULT {"cold_samples_per_impl": 60, "control_batch_medians_ms_max_rank": [0.3266879916191101, 0.33404800295829773], "control_correctness": {"allreduce_ok": true, "cosine_min_rank": 0.9999956088584286, "finite_all_ranks": true, "max_abs_max_rank": 1024.0, "max_abs_over_ref_max_rank": 0.005714285714285714, "rel_l2_max_rank": 0.002963504140733186}, "control_latency_ms_max": 0.33660799264907837, "control_latency_ms_median": 0.32760000228881836, "control_latency_ms_min": 0.3251839876174927, "fused_batch_medians_ms_max_rank": [0.35126399993896484, 0.3582240045070648], "fused_correctness": {"allreduce_ok": true, "cosine_min_rank": 0.9999956088584286, "finite_all_ranks": true, "max_abs_max_rank": 1024.0, "max_abs_over_ref_max_rank": 0.005714285714285714, "rel_l2_max_rank": 0.002963504140733186}, "fused_latency_ms_max": 0.39561599493026733, "fused_latency_ms_median": 0.3564320057630539, "fused_latency_ms_min": 0.35046398639678955, "fused_vs_control_max_abs": 0.0, "m": 128, "speedup_control_over_fused": 0.919109386901124}
FUSED_AB_SUMMARY {"control_geometric_mean_ms": 0.3276000022888183, "fused_geometric_mean_ms": 0.3564320057630539, "m_values": [128], "speedup_control_over_fused": 0.9191093869011239}
SWEEP_STATUS chunks=4 blocks=78 status=0
BENCH_EXIT_STATUS=0
