	
Fatbin elf code:	Fatbin elf code:
================	================
arch = sm_90a	arch = sm_90a
code version = [1,8]	code version = [1,8]
host = linux	host = linux
compile_size = 64bit	compile_size = 64bit
identifier = /tmp/torch_ext_v4_tp/v4_flash_tp_wgmma_sdyn_wo128_lr256_sr4_sb2_st2_ws64_wca1_dh1_dl1_dsl0_nws1_twl1_bwc1_ibc1_m21_ro1_w2gl0_w2pf1_w13pf1_lmw1_sil0_mb0_v50/cuda.cu	identifier = /tmp/torch_ext_v4_tp/v4_flash_tp_wgmma_sdyn_wo128_lr256_sr4_sb2_st2_ws64_wca1_dh1_dl1_dsl0_nws1_twl1_bwc1_ibc1_m21_ro1_w2gl0_w2pf1_w13pf1_lmw1_sil1_mb0_v50/cuda.cu
	
Resource usage:	Resource usage:
 Common:	 Common:
  GLOBAL:29 CONSTANT[4]:232 CONSTANT[3]:32	  GLOBAL:29 CONSTANT[4]:232 CONSTANT[3]:32
 Function _Z26reduce_swiglu_quant_kernelILi256ELi2EEvPKfP13__nv_bfloat16PhPfi:	 Function _Z26reduce_swiglu_quant_kernelILi256ELi2EEvPKfP13__nv_bfloat16PhPfi:
  REG:19 STACK:0 SHARED:2048 LOCAL:0 CONSTANT[0]:564 TEXTURE:0 SURFACE:0 SAMPLER:0	  REG:19 STACK:0 SHARED:2048 LOCAL:0 CONSTANT[0]:564 TEXTURE:0 SURFACE:0 SAMPLER:0
 Function _Z26reduce_swiglu_quant_kernelILi256ELi4EEvPKfP13__nv_bfloat16PhPfi:	 Function _Z26reduce_swiglu_quant_kernelILi256ELi4EEvPKfP13__nv_bfloat16PhPfi:
  REG:24 STACK:0 SHARED:2048 LOCAL:0 CONSTANT[0]:564 TEXTURE:0 SURFACE:0 SAMPLER:0	  REG:24 STACK:0 SHARED:2048 LOCAL:0 CONSTANT[0]:564 TEXTURE:0 SURFACE:0 SAMPLER:0
 Function _Z26reduce_swiglu_quant_kernelILi512ELi2EEvPKfP13__nv_bfloat16PhPfi:	 Function _Z26reduce_swiglu_quant_kernelILi512ELi2EEvPKfP13__nv_bfloat16PhPfi:
  REG:19 STACK:0 SHARED:2048 LOCAL:0 CONSTANT[0]:564 TEXTURE:0 SURFACE:0 SAMPLER:0	  REG:19 STACK:0 SHARED:2048 LOCAL:0 CONSTANT[0]:564 TEXTURE:0 SURFACE:0 SAMPLER:0
 Function _Z26reduce_swiglu_quant_kernelILi512ELi4EEvPKfP13__nv_bfloat16PhPfi:	 Function _Z26reduce_swiglu_quant_kernelILi512ELi4EEvPKfP13__nv_bfloat16PhPfi:
  REG:24 STACK:0 SHARED:2048 LOCAL:0 CONSTANT[0]:564 TEXTURE:0 SURFACE:0 SAMPLER:0	  REG:24 STACK:0 SHARED:2048 LOCAL:0 CONSTANT[0]:564 TEXTURE:0 SURFACE:0 SAMPLER:0
 Function _Z20reduce_swiglu_kernelILi256ELi2EEvPKfP13__nv_bfloat16i:	 Function _Z20reduce_swiglu_kernelILi256ELi2EEvPKfP13__nv_bfloat16i:
  REG:18 STACK:0 SHARED:1024 LOCAL:0 CONSTANT[0]:548 TEXTURE:0 SURFACE:0 SAMPLER:0	  REG:18 STACK:0 SHARED:1024 LOCAL:0 CONSTANT[0]:548 TEXTURE:0 SURFACE:0 SAMPLER:0
 Function _Z20reduce_swiglu_kernelILi256ELi4EEvPKfP13__nv_bfloat16i:	 Function _Z20reduce_swiglu_kernelILi256ELi4EEvPKfP13__nv_bfloat16i:
  REG:20 STACK:0 SHARED:1024 LOCAL:0 CONSTANT[0]:548 TEXTURE:0 SURFACE:0 SAMPLER:0	  REG:20 STACK:0 SHARED:1024 LOCAL:0 CONSTANT[0]:548 TEXTURE:0 SURFACE:0 SAMPLER:0
 Function _Z20reduce_swiglu_kernelILi512ELi2EEvPKfP13__nv_bfloat16i:	 Function _Z20reduce_swiglu_kernelILi512ELi2EEvPKfP13__nv_bfloat16i:
  REG:18 STACK:0 SHARED:1024 LOCAL:0 CONSTANT[0]:548 TEXTURE:0 SURFACE:0 SAMPLER:0	  REG:18 STACK:0 SHARED:1024 LOCAL:0 CONSTANT[0]:548 TEXTURE:0 SURFACE:0 SAMPLER:0
 Function _Z20reduce_swiglu_kernelILi512ELi4EEvPKfP13__nv_bfloat16i:	 Function _Z20reduce_swiglu_kernelILi512ELi4EEvPKfP13__nv_bfloat16i:
  REG:20 STACK:0 SHARED:1024 LOCAL:0 CONSTANT[0]:548 TEXTURE:0 SURFACE:0 SAMPLER:0	  REG:20 STACK:0 SHARED:1024 LOCAL:0 CONSTANT[0]:548 TEXTURE:0 SURFACE:0 SAMPLER:0
 Function _Z10route_gemmILi256ELi4096ELi1ELb0EEv14CUtensorMap_stS0_PKhS2_PKfS2_S4_PKiS6_S6_S4_PfPK5uint2i:	 Function _Z10route_gemmILi256ELi4096ELi1ELb0EEv14CUtensorMap_stS0_PKhS2_PKfS2_S4_PKiS6_S6_S4_PfPK5uint2i:
  REG:48 STACK:8 SHARED:2048 LOCAL:0 CONSTANT[0]:988 TEXTURE:0 SURFACE:0 SAMPLER:0	  REG:52 STACK:8 SHARED:2048 LOCAL:0 CONSTANT[0]:988 TEXTURE:0 SURFACE:0 SAMPLER:0
 Function _Z10route_gemmILi512ELi4096ELi1ELb0EEv14CUtensorMap_stS0_PKhS2_PKfS2_S4_PKiS6_S6_S4_PfPK5uint2i:	 Function _Z10route_gemmILi512ELi4096ELi1ELb0EEv14CUtensorMap_stS0_PKhS2_PKfS2_S4_PKiS6_S6_S4_PfPK5uint2i:
  REG:54 STACK:8 SHARED:2048 LOCAL:0 CONSTANT[0]:988 TEXTURE:0 SURFACE:0 SAMPLER:0	  REG:53 STACK:8 SHARED:2048 LOCAL:0 CONSTANT[0]:988 TEXTURE:0 SURFACE:0 SAMPLER:0
 Function _Z10route_gemmILi4096ELi512ELi2ELb1EEv14CUtensorMap_stS0_PKhS2_PKfS2_S4_PKiS6_S6_S4_PfPK5uint2i:	 Function _Z10route_gemmILi4096ELi512ELi2ELb1EEv14CUtensorMap_stS0_PKhS2_PKfS2_S4_PKiS6_S6_S4_PfPK5uint2i:
  REG:54 STACK:8 SHARED:2048 LOCAL:0 CONSTANT[0]:988 TEXTURE:0 SURFACE:0 SAMPLER:0	  REG:53 STACK:8 SHARED:2048 LOCAL:0 CONSTANT[0]:988 TEXTURE:0 SURFACE:0 SAMPLER:0
 Function _Z10route_gemmILi4096ELi512ELi4ELb1EEv14CUtensorMap_stS0_PKhS2_PKfS2_S4_PKiS6_S6_S4_PfPK5uint2i:	 Function _Z10route_gemmILi4096ELi512ELi4ELb1EEv14CUtensorMap_stS0_PKhS2_PKfS2_S4_PKiS6_S6_S4_PfPK5uint2i:
  REG:54 STACK:8 SHARED:2048 LOCAL:0 CONSTANT[0]:988 TEXTURE:0 SURFACE:0 SAMPLER:0	  REG:53 STACK:8 SHARED:2048 LOCAL:0 CONSTANT[0]:988 TEXTURE:0 SURFACE:0 SAMPLER:0
 Function _Z10route_gemmILi4096ELi1024ELi2ELb1EEv14CUtensorMap_stS0_PKhS2_PKfS2_S4_PKiS6_S6_S4_PfPK5uint2i:	 Function _Z10route_gemmILi4096ELi1024ELi2ELb1EEv14CUtensorMap_stS0_PKhS2_PKfS2_S4_PKiS6_S6_S4_PfPK5uint2i:
  REG:54 STACK:8 SHARED:2048 LOCAL:0 CONSTANT[0]:988 TEXTURE:0 SURFACE:0 SAMPLER:0	  REG:53 STACK:8 SHARED:2048 LOCAL:0 CONSTANT[0]:988 TEXTURE:0 SURFACE:0 SAMPLER:0
 Function _Z10route_gemmILi4096ELi1024ELi4ELb1EEv14CUtensorMap_stS0_PKhS2_PKfS2_S4_PKiS6_S6_S4_PfPK5uint2i:	 Function _Z10route_gemmILi4096ELi1024ELi4ELb1EEv14CUtensorMap_stS0_PKhS2_PKfS2_S4_PKiS6_S6_S4_PfPK5uint2i:
  REG:54 STACK:8 SHARED:2048 LOCAL:0 CONSTANT[0]:988 TEXTURE:0 SURFACE:0 SAMPLER:0	  REG:53 STACK:8 SHARED:2048 LOCAL:0 CONSTANT[0]:988 TEXTURE:0 SURFACE:0 SAMPLER:0
 Function _Z18braid_mode2_kernelPjl:	 Function _Z18braid_mode2_kernelPjl:
  REG:15 STACK:0 SHARED:1024 LOCAL:0 CONSTANT[0]:544 TEXTURE:0 SURFACE:0 SAMPLER:0	  REG:15 STACK:0 SHARED:1024 LOCAL:0 CONSTANT[0]:544 TEXTURE:0 SURFACE:0 SAMPLER:0
 Function _Z16cast_bf16_kernelPKfP13__nv_bfloat16i:	 Function _Z16cast_bf16_kernelPKfP13__nv_bfloat16i:
  REG:10 STACK:0 SHARED:1024 LOCAL:0 CONSTANT[0]:548 TEXTURE:0 SURFACE:0 SAMPLER:0	  REG:10 STACK:0 SHARED:1024 LOCAL:0 CONSTANT[0]:548 TEXTURE:0 SURFACE:0 SAMPLER:0
 Function _Z24fused_route_quant_kernelPKiPK13__nv_bfloat16PiS4_S4_PhPfi:	 Function _Z24fused_route_quant_kernelPKiPK13__nv_bfloat16PiS4_S4_PhPfi:
  REG:29 STACK:0 SHARED:5120 LOCAL:0 CONSTANT[0]:588 TEXTURE:0 SURFACE:0 SAMPLER:0	  REG:29 STACK:0 SHARED:5120 LOCAL:0 CONSTANT[0]:588 TEXTURE:0 SURFACE:0 SAMPLER:0
