V4_WGMMA_PREP routes_ok=True quant_exact=True scale_max_abs=0
V4_WGMMA_CHECK M=128 pattern=balanced Is=512 active=256 padded=2048 split_k=2 mode2=True interleaved_bulk=True fused_act_quant=True w2_global_lut=False w2_bf16_atomic=True
V4_WGMMA_W13 cos=0.999999982 rel_l2=0.000193131
V4_WGMMA_ACT cos=0.999999216 rel_l2=0.001252641
V4_WGMMA_W2 cos=0.999993314 rel_l2=0.003657027 finite=True
V4_WGMMA_OK
V4_WGMMA_PREP routes_ok=True quant_exact=True scale_max_abs=0
V4_WGMMA_CHECK M=128 pattern=skew Is=512 active=6 padded=768 split_k=2 mode2=True interleaved_bulk=True fused_act_quant=True w2_global_lut=False w2_bf16_atomic=True
V4_WGMMA_W13 cos=0.999999982 rel_l2=0.000192593
V4_WGMMA_ACT cos=0.999999169 rel_l2=0.001290348
V4_WGMMA_W2 cos=0.999993821 rel_l2=0.003515503 finite=True
V4_WGMMA_OK
V4_WGMMA_PREP routes_ok=True quant_exact=True scale_max_abs=0
V4_WGMMA_CHECK M=8 pattern=balanced Is=256 active=48 padded=384 split_k=4 mode2=True interleaved_bulk=True fused_act_quant=True w2_global_lut=False w2_bf16_atomic=True
V4_WGMMA_W13 cos=0.999999982 rel_l2=0.000192301
V4_WGMMA_ACT cos=0.999999254 rel_l2=0.001221729
V4_WGMMA_W2 cos=0.999992870 rel_l2=0.003776355 finite=True
V4_WGMMA_OK
V4_WGMMA_PREP routes_ok=True quant_exact=True scale_max_abs=0
V4_WGMMA_CHECK M=128 pattern=skew Is=256 active=6 padded=768 split_k=2 mode2=True interleaved_bulk=True fused_act_quant=True w2_global_lut=False w2_bf16_atomic=True
V4_WGMMA_W13 cos=0.999999982 rel_l2=0.000193591
V4_WGMMA_ACT cos=0.999999103 rel_l2=0.001340891
V4_WGMMA_W2 cos=0.999993893 rel_l2=0.003494972 finite=True
V4_WGMMA_OK
V4_WGMMA_PREP routes_ok=True quant_exact=True scale_max_abs=0
V4_WGMMA_CHECK M=8 pattern=balanced Is=512 active=48 padded=384 split_k=4 mode2=True interleaved_bulk=True fused_act_quant=True w2_global_lut=False w2_bf16_atomic=True
V4_WGMMA_W13 cos=0.999999982 rel_l2=0.000193494
V4_WGMMA_ACT cos=0.999999289 rel_l2=0.001192182
V4_WGMMA_W2 cos=0.999993004 rel_l2=0.003740714 finite=True
V4_WGMMA_OK
