W0906 12:37:46.083000 264930 /lustre/raplab/client/xutingz/workspace/miniforge3/lib/python3.12/site-packages/torch/distributed/run.py:851] 
W0906 12:37:46.083000 264930 /lustre/raplab/client/xutingz/workspace/miniforge3/lib/python3.12/site-packages/torch/distributed/run.py:851] *****************************************
W0906 12:37:46.083000 264930 /lustre/raplab/client/xutingz/workspace/miniforge3/lib/python3.12/site-packages/torch/distributed/run.py:851] Setting OMP_NUM_THREADS environment variable for each process to be 1 in default, to avoid your system being overloaded, please further tune the variable for optimal performance in your application as needed. 
W0906 12:37:46.083000 264930 /lustre/raplab/client/xutingz/workspace/miniforge3/lib/python3.12/site-packages/torch/distributed/run.py:851] *****************************************
SINGLE_MULTI_ENV {"benchmark": "v4_flash_tp_single_vs_multi_cuda_graph", "candidate": "TP-specialized MegaMoE single kernel", "control": "selected multi-kernel path from the same source", "gpu": "NVIDIA H20-3e", "input_contract": "shared FP8-E4M3 X + FP32 group128 scale; BF16-to-FP8 quantization outside timed graphs", "l2_policy": "cold; separate 256MiB Triton clear immediately before every implementation replay, clear excluded from events", "m_values": [128], "native_megamoe": false, "native_normalized_weight_scale": false, "native_register_dequant": false, "native_rs_half_prefetch": false, "native_rs_k128_batch": false, "native_rs_scale_word_cache": false, "native_single_l1_warmup_wave": false, "native_skip_cleanup_grid_sync": false, "native_split_weight_scale_tma": false, "native_tile_weight_scale_tma": false, "native_tp_local_barrier_fastpath": false, "native_tp_local_parallel_combine_chunks": false, "native_tp_local_route_build": false, "native_two_cta_per_sm": false, "outer": 2, "pair_granularity": "replay", "replays_per_outer_per_impl": 10, "route_pattern": "random", "single_launch_156cta_4wg": false, "single_launch_78cta_8wg": false, "single_launch_78cta_local_w13": false, "single_launch_78cta_wg_dag": false, "single_launch_act_w2_cohort": false, "single_launch_adaptive_grid_poll": false, "single_launch_adaptive_grid_poll_max_ns": 512, "single_launch_assume_valid_gemm_tasks": true, "single_launch_balanced_activation_workers": false, "single_launch_balanced_w2_workers": false, "single_launch_balanced_workers": false, "single_launch_cluster_w13_act": false, "single_launch_compact_w13_bundle": true, "single_launch_cooperative_grid": false, "single_launch_ctas_per_sm": 8, "single_launch_dual_wg_ctas_per_sm": 4, "single_launch_dual_wg_phases": false, "single_launch_dual_wg_private_act": false, "single_launch_grid_barrier_no_entry_sync": false, "single_launch_grid_barrier_poll_warp": 0, "single_launch_grid_poll_sleep_ns": 64, "single_launch_grouped_w13_act": false, "single_launch_hierarchical_grid": false, "single_launch_interleaved": false, "single_launch_m128_bound9": false, "single_launch_m128_unbounded": true, "single_launch_min_blocks": 8, "single_launch_noinline_gemm": false, "single_launch_p2p_two_shot": true, "single_launch_p2p_two_shot_blocks": 64, "single_launch_packed_grid_barrier": true, "single_launch_persistent_gemm_state": false, "single_launch_phase_stamps": false, "single_launch_relaxed_grid_poll": true, "single_launch_release_grid_arrival": true, "single_launch_route_dynamic_smem": true, "single_launch_schedule": 0, "single_launch_skip_activation_task_sync": false, "single_launch_skip_final_cta_sync": false, "single_launch_tail_act_only": false, "single_launch_tail_group_ctas": 16, "single_launch_tail_overlap": false, "single_launch_w13_act_tail_pipe": false, "single_launch_w13_completion_act": false, "single_launch_w13_n64_tail": false, "single_launch_w13_next_task_prefetch": false, "single_launch_w13_phase_compact_abi": true, "single_launch_w13_phase_noinline": true, "single_launch_w13_tail_split4": false, "single_launch_w13_wave_rotate": 0, "single_launch_w2_bulk_reduce_combine": false, "single_launch_w2_bulk_reduce_routes": 8, "single_launch_w2_chunk_ar_dedicated": false, "single_launch_w2_chunk_ar_helper_stage": 3, "single_launch_w2_chunk_ar_l2_load": false, "single_launch_w2_chunk_ar_overlap": false, "single_launch_w2_chunk_ar_post": false, "single_launch_w2_chunk_ar_post_concurrent": false, "single_launch_w2_chunk_ar_strong_producer_fence": false, "single_launch_w2_chunk_ar_wait_only": false, "single_launch_w2_chunk_major": false, "single_launch_w2_n64_tail": false, "single_launch_w2_next_task_prefetch": false, "single_launch_w2_phase_noinline": true, "single_launch_w2_producer_atomic_combine": false, "single_launch_w2_unroll2_bound9": false, "single_launch_w2_wave_rotate": 0, "sm_count": 78, "warmup_replays": 2, "world_size": 4}
SINGLE_MULTI_CORRECTNESS {"candidate_accept": false, "candidate_combine_routes": null, "candidate_embedded_comm_vs_native_nccl": null, "candidate_final": {"allreduce_ok": false, "cosine_min_rank": NaN, "finite_all_ranks": false, "max_abs_max_rank": NaN, "max_abs_over_ref_max_rank": NaN, "rel_l2_max_rank": NaN}, "candidate_l2_cross_route_rank0": null, "candidate_l2_dequant": null, "candidate_l2_dequant_vs_unweighted_control": null, "candidate_l2_fp8_byte_mismatches_max_rank": null, "candidate_l2_scale": null, "candidate_local_raw": null, "candidate_local_scaled_1p5": null, "candidate_local_vs_own_combine_sum": null, "control_final": {"allreduce_ok": false, "cosine_min_rank": 0.9210312560910321, "finite_all_ranks": true, "max_abs_max_rank": 120832.0, "max_abs_over_ref_max_rank": 0.6413043478260869, "rel_l2_max_rank": 0.3975496704303415}, "m": 128}
[rank2]: Traceback (most recent call last):
[rank2]:   File "/lustre/raplab/client/xutingz/fac/DeepGEMM_tp/bench/iter713_prebuilt_extension_runner.py", line 119, in <module>
[rank2]:     main()
[rank2]:   File "/lustre/raplab/client/xutingz/fac/DeepGEMM_tp/bench/iter713_prebuilt_extension_runner.py", line 115, in main
[rank2]:     runpy.run_path(target, run_name="__main__")
[rank2]:   File "<frozen runpy>", line 287, in run_path
[rank2]:   File "<frozen runpy>", line 98, in _run_module_code
[rank2]:   File "<frozen runpy>", line 88, in _run_code
[rank2]:   File "bench/v4_flash_tp_single_vs_multi_graph.py", line 1119, in <module>
[rank2]:     main()
[rank2]:   File "/home/xutingz/workspace/miniforge3/lib/python3.12/site-packages/torch/utils/_contextlib.py", line 124, in decorate_context
[rank2]:     return func(*args, **kwargs)
[rank2]:            ^^^^^^^^^^^^^^^^^^^^^
[rank2]:   File "bench/v4_flash_tp_single_vs_multi_graph.py", line 1009, in main
[rank2]:     raise RuntimeError(f"correctness failure at M={m}")
[rank2]: RuntimeError: correctness failure at M=128
[rank0]: Traceback (most recent call last):
[rank0]:   File "/lustre/raplab/client/xutingz/fac/DeepGEMM_tp/bench/iter713_prebuilt_extension_runner.py", line 119, in <module>
[rank0]:     main()
[rank0]:   File "/lustre/raplab/client/xutingz/fac/DeepGEMM_tp/bench/iter713_prebuilt_extension_runner.py", line 115, in main
[rank0]:     runpy.run_path(target, run_name="__main__")
[rank0]:   File "<frozen runpy>", line 287, in run_path
[rank0]:   File "<frozen runpy>", line 98, in _run_module_code
[rank0]:   File "<frozen runpy>", line 88, in _run_code
[rank0]:   File "bench/v4_flash_tp_single_vs_multi_graph.py", line 1119, in <module>
[rank0]:     main()
[rank0]:   File "/home/xutingz/workspace/miniforge3/lib/python3.12/site-packages/torch/utils/_contextlib.py", line 124, in decorate_context
[rank0]:     return func(*args, **kwargs)
[rank0]:            ^^^^^^^^^^^^^^^^^^^^^
[rank0]:   File "bench/v4_flash_tp_single_vs_multi_graph.py", line 1009, in main
[rank0]:     raise RuntimeError(f"correctness failure at M={m}")
[rank0]: RuntimeError: correctness failure at M=128
[rank3]: Traceback (most recent call last):
[rank3]:   File "/lustre/raplab/client/xutingz/fac/DeepGEMM_tp/bench/iter713_prebuilt_extension_runner.py", line 119, in <module>
[rank3]:     main()
[rank3]:   File "/lustre/raplab/client/xutingz/fac/DeepGEMM_tp/bench/iter713_prebuilt_extension_runner.py", line 115, in main
[rank3]:     runpy.run_path(target, run_name="__main__")
[rank3]:   File "<frozen runpy>", line 287, in run_path
[rank3]:   File "<frozen runpy>", line 98, in _run_module_code
[rank3]:   File "<frozen runpy>", line 88, in _run_code
[rank3]:   File "bench/v4_flash_tp_single_vs_multi_graph.py", line 1119, in <module>
[rank3]:     main()
[rank3]:   File "/home/xutingz/workspace/miniforge3/lib/python3.12/site-packages/torch/utils/_contextlib.py", line 124, in decorate_context
[rank3]:     return func(*args, **kwargs)
[rank3]:            ^^^^^^^^^^^^^^^^^^^^^
[rank3]:   File "bench/v4_flash_tp_single_vs_multi_graph.py", line 1009, in main
[rank3]:     raise RuntimeError(f"correctness failure at M={m}")
[rank3]: RuntimeError: correctness failure at M=128
[rank1]: Traceback (most recent call last):
[rank1]:   File "/lustre/raplab/client/xutingz/fac/DeepGEMM_tp/bench/iter713_prebuilt_extension_runner.py", line 119, in <module>
[rank1]:     main()
[rank1]:   File "/lustre/raplab/client/xutingz/fac/DeepGEMM_tp/bench/iter713_prebuilt_extension_runner.py", line 115, in main
[rank1]:     runpy.run_path(target, run_name="__main__")
[rank1]:   File "<frozen runpy>", line 287, in run_path
[rank1]:   File "<frozen runpy>", line 98, in _run_module_code
[rank1]:   File "<frozen runpy>", line 88, in _run_code
[rank1]:   File "bench/v4_flash_tp_single_vs_multi_graph.py", line 1119, in <module>
[rank1]:     main()
[rank1]:   File "/home/xutingz/workspace/miniforge3/lib/python3.12/site-packages/torch/utils/_contextlib.py", line 124, in decorate_context
[rank1]:     return func(*args, **kwargs)
[rank1]:            ^^^^^^^^^^^^^^^^^^^^^
[rank1]:   File "bench/v4_flash_tp_single_vs_multi_graph.py", line 1009, in main
[rank1]:     raise RuntimeError(f"correctness failure at M={m}")
[rank1]: RuntimeError: correctness failure at M=128
W0906 12:38:23.755000 264930 /lustre/raplab/client/xutingz/workspace/miniforge3/lib/python3.12/site-packages/torch/distributed/elastic/multiprocessing/api.py:1012] Sending process 264999 closing signal SIGTERM
W0906 12:38:23.761000 264930 /lustre/raplab/client/xutingz/workspace/miniforge3/lib/python3.12/site-packages/torch/distributed/elastic/multiprocessing/api.py:1012] Sending process 265001 closing signal SIGTERM
W0906 12:38:23.761000 264930 /lustre/raplab/client/xutingz/workspace/miniforge3/lib/python3.12/site-packages/torch/distributed/elastic/multiprocessing/api.py:1012] Sending process 265002 closing signal SIGTERM
E0906 12:38:24.175000 264930 /lustre/raplab/client/xutingz/workspace/miniforge3/lib/python3.12/site-packages/torch/distributed/elastic/multiprocessing/api.py:986] failed (exitcode: 1) local_rank: 1 (pid: 265000) of binary: /home/xutingz/workspace/miniforge3/bin/python
Traceback (most recent call last):
  File "/home/xutingz/workspace/miniforge3/bin/torchrun", line 8, in <module>
    sys.exit(main())
             ^^^^^^
  File "/home/xutingz/workspace/miniforge3/lib/python3.12/site-packages/torch/distributed/elastic/multiprocessing/errors/__init__.py", line 362, in wrapper
    return f(*args, **kwargs)
           ^^^^^^^^^^^^^^^^^^
  File "/home/xutingz/workspace/miniforge3/lib/python3.12/site-packages/torch/distributed/run.py", line 990, in main
    run(args)
  File "/home/xutingz/workspace/miniforge3/lib/python3.12/site-packages/torch/distributed/run.py", line 981, in run
    elastic_launch(
  File "/home/xutingz/workspace/miniforge3/lib/python3.12/site-packages/torch/distributed/launcher/api.py", line 170, in __call__
    return launch_agent(self._config, self._entrypoint, list(args))
           ^^^^^^^^^^^^^^^^^^^^^^^^^^^^^^^^^^^^^^^^^^^^^^^^^^^^^^^^
  File "/home/xutingz/workspace/miniforge3/lib/python3.12/site-packages/torch/distributed/launcher/api.py", line 317, in launch_agent
    raise ChildFailedError(
torch.distributed.elastic.multiprocessing.errors.ChildFailedError: 
============================================================
bench/iter713_prebuilt_extension_runner.py FAILED
------------------------------------------------------------
Failures:
[1]:
  time      : 2026-09-06_12:38:24
  host      : H20-GPU-06.cm.cluster
  rank      : 0 (local_rank: 0)
  exitcode  : 1 (pid: 264999)
  error_file: <N/A>
  traceback : To enable traceback see: https://pytorch.org/docs/stable/elastic/errors.html
[2]:
  time      : 2026-09-06_12:38:24
  host      : H20-GPU-06.cm.cluster
  rank      : 2 (local_rank: 2)
  exitcode  : 1 (pid: 265001)
  error_file: <N/A>
  traceback : To enable traceback see: https://pytorch.org/docs/stable/elastic/errors.html
[3]:
  time      : 2026-09-06_12:38:24
  host      : H20-GPU-06.cm.cluster
  rank      : 3 (local_rank: 3)
  exitcode  : 1 (pid: 265002)
  error_file: <N/A>
  traceback : To enable traceback see: https://pytorch.org/docs/stable/elastic/errors.html
------------------------------------------------------------
Root Cause (first observed failure):
[0]:
  time      : 2026-09-06_12:38:23
  host      : H20-GPU-06.cm.cluster
  rank      : 1 (local_rank: 1)
  exitcode  : 1 (pid: 265000)
  error_file: <N/A>
  traceback : To enable traceback see: https://pytorch.org/docs/stable/elastic/errors.html
============================================================
