ITER424_STATIC_ACTIVATION_WG_TP4_M8_M128_COLD_SCREEN
date=2026-09-05
host=H20-GPU-06
container=dpskv4_h20_weekly_gap_20260727
gpus=0,1,2,3
commit=2be58df
reference_branch=megamoe_nvfp4_dev_m
protocol=TP4 CUDA Graph; candidate one business kernel versus same-source selected multi-kernel plus SGLang CustomAllReduceV2 control; random routes seed 20260904; two replay-interleaved outer batches; ten timed samples per arm per batch; two warmup replays; rank-max; independent excluded 256MiB cold-L2 clear immediately before every replay
input_contract=shared prequantized FP8-E4M3 X plus FP32 group128 scale and shared MXFP4 weights/routes
m8.active_experts=45
m8.routed_rows=48
m8.padded_rows=360
m8.w13_split_k=4
m8.candidate_ar=single_launch_multicast_push
m8.control_ar=multicast_push
m8.candidate_batch_medians_us=[99.552,100.080]
m8.control_batch_medians_us=[73.952,73.936]
m8.candidate_median_us=99.984
m8.control_median_us=73.936
m8.candidate_over_control=1.352305
m8.speedup_control_over_candidate=0.739478
m8.correctness=PASS_IDENTICAL_TO_CONTROL
m128.active_experts=240
m128.routed_rows=768
m128.padded_rows=1944
m128.w13_split_k=2
m128.candidate_ar=single_launch_p2p_two_shot
m128.control_ar=stock_custom_all_reduce_v2
m128.candidate_batch_medians_us=[394.496,398.560]
m128.control_batch_medians_us=[302.064,301.152]
m128.candidate_median_us=396.272
m128.control_median_us=301.536
m128.candidate_over_control=1.314178
m128.speedup_control_over_candidate=0.760932
m128.correctness=PASS_IDENTICAL_TO_CONTROL
endpoint_candidate_geomean_us=199.049895
endpoint_control_geomean_us=149.312974
endpoint_candidate_over_control=1.333105
comparison_iter420_m8_us=101.952_to_99.984_minus1.93pct
comparison_iter420_m128_us=405.952_to_396.272_minus2.38pct
result=CORRECT_BUT_REJECT_FOR_SELECTION
interpretation=separating the activation owner and moving loop state to shared memory recovers 1.968us at M8 and 9.680us at M128, but cannot pay the fine-grained readiness/activation serialization cost; profile M128 before deciding whether to batch readiness or abandon this policy
ITER424_STATIC_ACTIVATION_WG_TP4_M8_M128_COLD_SCREEN_OK
