W0904 18:59:15.962000 500509 torch/distributed/run.py:851] 
W0904 18:59:15.962000 500509 torch/distributed/run.py:851] *****************************************
W0904 18:59:15.962000 500509 torch/distributed/run.py:851] Setting OMP_NUM_THREADS environment variable for each process to be 1 in default, to avoid your system being overloaded, please further tune the variable for optimal performance in your application as needed. 
W0904 18:59:15.962000 500509 torch/distributed/run.py:851] *****************************************
SINGLE_MULTI_ENV {"benchmark": "v4_flash_tp_single_vs_multi_cuda_graph", "candidate": "native one-CTA-per-SM MegaMoE kernel", "control": "selected multi-kernel path from the same source", "gpu": "NVIDIA H20-3e", "input_contract": "shared FP8-E4M3 X + FP32 group128 scale; BF16-to-FP8 quantization outside timed graphs", "l2_policy": "cold; separate 256MiB Triton clear immediately before every implementation replay, clear excluded from events", "m_values": [8, 128], "native_megamoe": true, "outer": 2, "pair_granularity": "batch", "replays_per_outer_per_impl": 10, "route_pattern": "random", "single_launch_act_w2_cohort": false, "single_launch_balanced_workers": false, "single_launch_cluster_w13_act": false, "single_launch_cooperative_grid": false, "single_launch_ctas_per_sm": 8, "single_launch_dual_wg_phases": false, "single_launch_dual_wg_private_act": false, "single_launch_grid_poll_sleep_ns": 64, "single_launch_grouped_w13_act": false, "single_launch_hierarchical_grid": false, "single_launch_interleaved": false, "single_launch_m128_bound9": false, "single_launch_min_blocks": 8, "single_launch_noinline_gemm": false, "single_launch_p2p_two_shot": true, "single_launch_p2p_two_shot_blocks": 64, "single_launch_packed_grid_barrier": true, "single_launch_persistent_gemm_state": false, "single_launch_phase_stamps": false, "single_launch_relaxed_grid_poll": true, "single_launch_route_dynamic_smem": false, "single_launch_schedule": 0, "single_launch_skip_final_cta_sync": false, "single_launch_tail_act_only": false, "single_launch_tail_group_ctas": 16, "single_launch_tail_overlap": false, "single_launch_w13_completion_act": false, "single_launch_w13_n64_tail": false, "single_launch_w2_unroll2_bound9": false, "sm_count": 78, "warmup_replays": 3, "world_size": 4}
SINGLE_MULTI_CORRECTNESS {"candidate_accept": false, "candidate_combine_routes": null, "candidate_embedded_comm_vs_native_nccl": {"cosine_min_rank": 0.9999917759916745, "finite_all_ranks": true, "rel_l2_max_rank": 0.004055621719535723}, "candidate_final": {"allreduce_ok": false, "cosine_min_rank": 0.9993588000366143, "finite_all_ranks": true, "max_abs_max_rank": 5120.0, "max_abs_over_ref_max_rank": 0.034722222222222224, "rel_l2_max_rank": 0.03584385057682129}, "candidate_l2_cross_route_rank0": null, "candidate_l2_dequant": null, "candidate_l2_dequant_vs_unweighted_control": null, "candidate_l2_fp8_byte_mismatches_max_rank": null, "candidate_l2_scale": null, "candidate_local_raw": {"cosine_min_rank": 0.9993504746331086, "finite_all_ranks": true, "rel_l2_max_rank": 0.3347476520452073}, "candidate_local_scaled_1p5": {"cosine_min_rank": 0.9993491776988246, "finite_all_ranks": true, "rel_l2_max_rank": 0.036125237613516666}, "candidate_local_vs_own_combine_sum": null, "control_final": {"allreduce_ok": true, "cosine_min_rank": 0.999995792174228, "finite_all_ranks": true, "max_abs_max_rank": 512.0, "max_abs_over_ref_max_rank": 0.003472222222222222, "rel_l2_max_rank": 0.0029011666602172213}, "m": 8}
[rank1]: Traceback (most recent call last):
[rank1]:   File "/lustre/raplab/client/xutingz/fac/DeepGEMM_tp/bench/v4_flash_tp_single_vs_multi_graph.py", line 604, in <module>
[rank1]:     main()
[rank1]:   File "/usr/local/lib/python3.12/dist-packages/torch/utils/_contextlib.py", line 124, in decorate_context
[rank1]:     return func(*args, **kwargs)
[rank1]:            ^^^^^^^^^^^^^^^^^^^^^
[rank1]:   File "/lustre/raplab/client/xutingz/fac/DeepGEMM_tp/bench/v4_flash_tp_single_vs_multi_graph.py", line 498, in main
[rank1]:     raise RuntimeError(f"correctness failure at M={m}")
[rank1]: RuntimeError: correctness failure at M=8
[rank3]: Traceback (most recent call last):
[rank3]:   File "/lustre/raplab/client/xutingz/fac/DeepGEMM_tp/bench/v4_flash_tp_single_vs_multi_graph.py", line 604, in <module>
[rank3]:     main()
[rank3]:   File "/usr/local/lib/python3.12/dist-packages/torch/utils/_contextlib.py", line 124, in decorate_context
[rank3]:     return func(*args, **kwargs)
[rank3]:            ^^^^^^^^^^^^^^^^^^^^^
[rank3]:   File "/lustre/raplab/client/xutingz/fac/DeepGEMM_tp/bench/v4_flash_tp_single_vs_multi_graph.py", line 498, in main
[rank3]:     raise RuntimeError(f"correctness failure at M={m}")
[rank3]: RuntimeError: correctness failure at M=8
[rank0]: Traceback (most recent call last):
[rank0]:   File "/lustre/raplab/client/xutingz/fac/DeepGEMM_tp/bench/v4_flash_tp_single_vs_multi_graph.py", line 604, in <module>
[rank0]:     main()
[rank0]:   File "/usr/local/lib/python3.12/dist-packages/torch/utils/_contextlib.py", line 124, in decorate_context
[rank0]:     return func(*args, **kwargs)
[rank0]:            ^^^^^^^^^^^^^^^^^^^^^
[rank0]:   File "/lustre/raplab/client/xutingz/fac/DeepGEMM_tp/bench/v4_flash_tp_single_vs_multi_graph.py", line 498, in main
[rank0]:     raise RuntimeError(f"correctness failure at M={m}")
[rank0]: RuntimeError: correctness failure at M=8
[rank2]: Traceback (most recent call last):
[rank2]:   File "/lustre/raplab/client/xutingz/fac/DeepGEMM_tp/bench/v4_flash_tp_single_vs_multi_graph.py", line 604, in <module>
[rank2]:     main()
[rank2]:   File "/usr/local/lib/python3.12/dist-packages/torch/utils/_contextlib.py", line 124, in decorate_context
[rank2]:     return func(*args, **kwargs)
[rank2]:            ^^^^^^^^^^^^^^^^^^^^^
[rank2]:   File "/lustre/raplab/client/xutingz/fac/DeepGEMM_tp/bench/v4_flash_tp_single_vs_multi_graph.py", line 498, in main
[rank2]:     raise RuntimeError(f"correctness failure at M={m}")
[rank2]: RuntimeError: correctness failure at M=8
W0904 19:00:21.594000 500509 torch/distributed/elastic/multiprocessing/api.py:1012] Sending process 500578 closing signal SIGTERM
W0904 19:00:21.595000 500509 torch/distributed/elastic/multiprocessing/api.py:1012] Sending process 500579 closing signal SIGTERM
W0904 19:00:21.595000 500509 torch/distributed/elastic/multiprocessing/api.py:1012] Sending process 500580 closing signal SIGTERM
E0904 19:00:21.809000 500509 torch/distributed/elastic/multiprocessing/api.py:986] failed (exitcode: 1) local_rank: 3 (pid: 500581) of binary: /usr/bin/python3
Traceback (most recent call last):
  File "/usr/local/bin/torchrun", line 6, in <module>
    sys.exit(main())
             ^^^^^^
  File "/usr/local/lib/python3.12/dist-packages/torch/distributed/elastic/multiprocessing/errors/__init__.py", line 362, in wrapper
    return f(*args, **kwargs)
           ^^^^^^^^^^^^^^^^^^
  File "/usr/local/lib/python3.12/dist-packages/torch/distributed/run.py", line 990, in main
    run(args)
  File "/usr/local/lib/python3.12/dist-packages/torch/distributed/run.py", line 981, in run
    elastic_launch(
  File "/usr/local/lib/python3.12/dist-packages/torch/distributed/launcher/api.py", line 170, in __call__
    return launch_agent(self._config, self._entrypoint, list(args))
           ^^^^^^^^^^^^^^^^^^^^^^^^^^^^^^^^^^^^^^^^^^^^^^^^^^^^^^^^
  File "/usr/local/lib/python3.12/dist-packages/torch/distributed/launcher/api.py", line 317, in launch_agent
    raise ChildFailedError(
torch.distributed.elastic.multiprocessing.errors.ChildFailedError: 
============================================================
bench/v4_flash_tp_single_vs_multi_graph.py FAILED
------------------------------------------------------------
Failures:
[1]:
  time      : 2026-09-04_19:00:21
  host      : H20-GPU-06.cm.cluster
  rank      : 0 (local_rank: 0)
  exitcode  : 1 (pid: 500578)
  error_file: <N/A>
  traceback : To enable traceback see: https://pytorch.org/docs/stable/elastic/errors.html
[2]:
  time      : 2026-09-04_19:00:21
  host      : H20-GPU-06.cm.cluster
  rank      : 1 (local_rank: 1)
  exitcode  : 1 (pid: 500579)
  error_file: <N/A>
  traceback : To enable traceback see: https://pytorch.org/docs/stable/elastic/errors.html
[3]:
  time      : 2026-09-04_19:00:21
  host      : H20-GPU-06.cm.cluster
  rank      : 2 (local_rank: 2)
  exitcode  : 1 (pid: 500580)
  error_file: <N/A>
  traceback : To enable traceback see: https://pytorch.org/docs/stable/elastic/errors.html
------------------------------------------------------------
Root Cause (first observed failure):
[0]:
  time      : 2026-09-04_19:00:21
  host      : H20-GPU-06.cm.cluster
  rank      : 3 (local_rank: 3)
  exitcode  : 1 (pid: 500581)
  error_file: <N/A>
  traceback : To enable traceback see: https://pytorch.org/docs/stable/elastic/errors.html
============================================================
