ITERATION=715f/715g
HOST=H20-GPU-06
CONTAINER=megamoe
TOOLCHAIN=CUDA 12.8 V12.8.61
SOURCE_DIR=/tmp/iter714b_unique_rdc
BUILD_DIR=/tmp/iter715f_unique_dlto
CUDA_ENTRY=tp4_megamoe_single_launch_kernel_iter715f
CUDA_SOURCE_SHA256=db22ba26e47726ecfe4a22d5fbb84e4853af3fc2817fab26c83154213949d192
HOST_SOURCE_SHA256=ff11619ae0d2a1269332b3ccbd46b097eea0f1a00f90ceb5ce004cd061686acf
BUILD_NINJA_SHA256=71207b880eab6a68048ee4159eb8bab7ee841f3df7c28272c16b05383ca25def
CUDA_LTO_OBJECT_SHA256=f58b533a8a721e93e33b81691f144fe1be76709ad4bd67ab6a24c65f64fbb40b
DLTO_PTX_SHA256=d756d0cfb3b0310ec6abaaf36ce0edfcb24918f1b1e4ec812e1956e28cb98269
COMPILE_TARGETS=compute_90a,code=lto_90a
DEVICE_LINK_FLAGS=-dlink -dlto -arch=sm_90a
DLTO_PTX_VERSION=8.7
DLTO_PTX_TARGET=sm_90
FIRST_WGMMA_LINE=523:wgmma.fence.sync.aligned
DEVICE_LINK_RESULT=FAIL
FIRST_ERROR=Instruction_wgmma.fence_not_supported_on_target_sm_90
CUBIN_PRESENT=false
CUDA_BUSINESS_KERNEL_LAUNCHED=false
CORRECTNESS_RESULT=none
TIMING_RESULT=none
DECISION=reject_available_toolchain_cannot_preserve_sm90a_lto_target
