Traceback (most recent call last):
  File "/usr/local/lib/python3.12/dist-packages/torch/utils/cpp_extension.py", line 2774, in _run_ninja_build
    subprocess.run(
  File "/usr/lib/python3.12/subprocess.py", line 571, in run
    raise CalledProcessError(retcode, process.args,
subprocess.CalledProcessError: Command '['ninja', '-v', '-j', '2']' returned non-zero exit status 1.

The above exception was the direct cause of the following exception:

Traceback (most recent call last):
  File "/lustre/raplab/client/xutingz/fac/DeepGEMM_tp/bench/test_v4_flash_tp_native_local.py", line 11, in <module>
    import v4_flash_tp_native_megamoe as native
  File "/lustre/raplab/client/xutingz/fac/DeepGEMM_tp/v4_flash_tp_native_megamoe.py", line 808, in <module>
    _ext = load_inline(
           ^^^^^^^^^^^^
  File "/usr/local/lib/python3.12/dist-packages/torch/utils/cpp_extension.py", line 2174, in load_inline
    return _jit_compile(
           ^^^^^^^^^^^^^
  File "/usr/local/lib/python3.12/dist-packages/torch/utils/cpp_extension.py", line 2268, in _jit_compile
    _write_ninja_file_and_build_library(
  File "/usr/local/lib/python3.12/dist-packages/torch/utils/cpp_extension.py", line 2429, in _write_ninja_file_and_build_library
    _run_ninja_build(
  File "/usr/local/lib/python3.12/dist-packages/torch/utils/cpp_extension.py", line 2791, in _run_ninja_build
    raise RuntimeError(message) from e
RuntimeError: Error building extension 'v4tp_native_megamoe_rd1_264882d7188293b343f2': [1/3] c++ -MMD -MF main.o.d -DTORCH_EXTENSION_NAME=v4tp_native_megamoe_rd1_264882d7188293b343f2 -DTORCH_API_INCLUDE_EXTENSION_H -isystem /usr/local/lib/python3.12/dist-packages/torch/include -isystem /usr/local/lib/python3.12/dist-packages/torch/include/torch/csrc/api/include -isystem /usr/local/cuda/include -isystem /usr/include/python3.12 -fPIC -std=c++17 -O3 -std=c++17 -c /tmp/torch_ext_v4_tp/v4tp_native_megamoe_rd1_264882d7188293b343f2/main.cpp -o main.o 
[2/3] /usr/local/cuda/bin/nvcc -MD -MF cuda.cuda.o.d -DTORCH_EXTENSION_NAME=v4tp_native_megamoe_rd1_264882d7188293b343f2 -DTORCH_API_INCLUDE_EXTENSION_H -isystem /usr/local/lib/python3.12/dist-packages/torch/include -isystem /usr/local/lib/python3.12/dist-packages/torch/include/torch/csrc/api/include -isystem /usr/local/cuda/include -isystem /usr/include/python3.12 -D__CUDA_NO_HALF_OPERATORS__ -D__CUDA_NO_HALF_CONVERSIONS__ -D__CUDA_NO_BFLOAT16_CONVERSIONS__ -D__CUDA_NO_HALF2_OPERATORS__ --expt-relaxed-constexpr --compiler-options '-fPIC' -O3 --expt-relaxed-constexpr --expt-extended-lambda -gencode arch=compute_90a,code=sm_90a -std=c++20 -lineinfo -DK_NATIVE_REGISTER_DEQUANT=1 -I/lustre/raplab/client/xutingz/fac/DeepGEMM/deep_gemm/include -I/lustre/raplab/client/xutingz/fac/DeepGEMM_tp -c /tmp/torch_ext_v4_tp/v4tp_native_megamoe_rd1_264882d7188293b343f2/cuda.cu -o cuda.cuda.o 
FAILED: [code=1] cuda.cuda.o 
/usr/local/cuda/bin/nvcc -MD -MF cuda.cuda.o.d -DTORCH_EXTENSION_NAME=v4tp_native_megamoe_rd1_264882d7188293b343f2 -DTORCH_API_INCLUDE_EXTENSION_H -isystem /usr/local/lib/python3.12/dist-packages/torch/include -isystem /usr/local/lib/python3.12/dist-packages/torch/include/torch/csrc/api/include -isystem /usr/local/cuda/include -isystem /usr/include/python3.12 -D__CUDA_NO_HALF_OPERATORS__ -D__CUDA_NO_HALF_CONVERSIONS__ -D__CUDA_NO_BFLOAT16_CONVERSIONS__ -D__CUDA_NO_HALF2_OPERATORS__ --expt-relaxed-constexpr --compiler-options '-fPIC' -O3 --expt-relaxed-constexpr --expt-extended-lambda -gencode arch=compute_90a,code=sm_90a -std=c++20 -lineinfo -DK_NATIVE_REGISTER_DEQUANT=1 -I/lustre/raplab/client/xutingz/fac/DeepGEMM/deep_gemm/include -I/lustre/raplab/client/xutingz/fac/DeepGEMM_tp -c /tmp/torch_ext_v4_tp/v4tp_native_megamoe_rd1_264882d7188293b343f2/cuda.cu -o cuda.cuda.o 
/lustre/raplab/client/xutingz/fac/DeepGEMM_tp/v4_flash_tp_native_body.inl(340): warning #177-D: variable "kAfterWorkspaceCleanBarrierTag" was declared but never referenced
      constexpr uint32_t kAfterWorkspaceCleanBarrierTag = 3;
                         ^

Remark: The warnings can be suppressed with "-diag-suppress <warning-number>"

/lustre/raplab/client/xutingz/fac/DeepGEMM_tp/v4_flash_tp_native_body.inl(1793): error: static assertion failed with "Hidden is too large"
          static_assert(kNumChunkSlots * kNumEpilogueWarps * kNumHiddenBytes / kNumChunks <= SMEM_BEFORE_BARRIER_SIZE, "Hidden is too large");
          ^
          detected during instantiation of "void deep_gemm::v4_flash_tp4_native_megamoe_impl<kIntermediate>(void *, int *, uint32_t, deep_gemm::layout::SymBuffer<1U>, cute::TmaDescriptor, cute::TmaDescriptor, cute::TmaDescriptor, cute::TmaDescriptor, cute::TmaDescriptor, cute::TmaDescriptor, cute::TmaDescriptor, __nv_bfloat16 *, uint32_t *, uint8_t *, uint8_t *, uint8_t *, uint8_t *, uint8_t *, __nv_bfloat16 *, const uint8_t *, uint8_t *, uint8_t *, int, int64_t, __nv_bool) [with kIntermediate=512]" 

1 error detected in the compilation of "/tmp/torch_ext_v4_tp/v4tp_native_megamoe_rd1_264882d7188293b343f2/cuda.cu".
ninja: build stopped: subcommand failed.

