W0906 12:22:27.634000 263156 /lustre/raplab/client/xutingz/workspace/miniforge3/lib/python3.12/site-packages/torch/distributed/run.py:851] 
W0906 12:22:27.634000 263156 /lustre/raplab/client/xutingz/workspace/miniforge3/lib/python3.12/site-packages/torch/distributed/run.py:851] *****************************************
W0906 12:22:27.634000 263156 /lustre/raplab/client/xutingz/workspace/miniforge3/lib/python3.12/site-packages/torch/distributed/run.py:851] Setting OMP_NUM_THREADS environment variable for each process to be 1 in default, to avoid your system being overloaded, please further tune the variable for optimal performance in your application as needed. 
W0906 12:22:27.634000 263156 /lustre/raplab/client/xutingz/workspace/miniforge3/lib/python3.12/site-packages/torch/distributed/run.py:851] *****************************************
[rank1]: Traceback (most recent call last):
[rank1]:   File "/lustre/raplab/client/xutingz/fac/DeepGEMM_tp/bench/iter713_prebuilt_extension_runner.py", line 97, in <module>
[rank1]:     main()
[rank1]:   File "/lustre/raplab/client/xutingz/fac/DeepGEMM_tp/bench/iter713_prebuilt_extension_runner.py", line 93, in main
[rank1]:     runpy.run_path(target, run_name="__main__")
[rank1]:   File "<frozen runpy>", line 287, in run_path
[rank1]:   File "<frozen runpy>", line 98, in _run_module_code
[rank1]:   File "<frozen runpy>", line 88, in _run_code
[rank1]:   File "bench/v4_flash_tp_single_vs_multi_graph.py", line 1119, in <module>
[rank1]:     main()
[rank1]:   File "/home/xutingz/workspace/miniforge3/lib/python3.12/site-packages/torch/utils/_contextlib.py", line 124, in decorate_context
[rank1]:     return func(*args, **kwargs)
[rank1]:            ^^^^^^^^^^^^^^^^^^^^^
[rank1]:   File "bench/v4_flash_tp_single_vs_multi_graph.py", line 148, in main
[rank1]:     rank, world_size, device, cpu_group = custom.init_distributed()
[rank1]:                                           ^^^^^^^^^^^^^^^^^^^^^^^^^
[rank1]:   File "/lustre/raplab/client/xutingz/fac/DeepGEMM_tp/bench/v4_flash_tp_wgmma_graph.py", line 83, in init_distributed
[rank1]:     ps._WORLD = coordinator = ps.init_world_group(
[rank1]:                               ^^^^^^^^^^^^^^^^^^^^
[rank1]:   File "/lustre/raplab/client/xutingz/workspace/codex_correct_forks_20260731/sglang/python/sglang/srt/distributed/parallel_state.py", line 1655, in init_world_group
[rank1]:     return GroupCoordinator(
[rank1]:            ^^^^^^^^^^^^^^^^^
[rank1]:   File "/lustre/raplab/client/xutingz/workspace/codex_correct_forks_20260731/sglang/python/sglang/srt/distributed/parallel_state.py", line 410, in __init__
[rank1]:     from sglang.srt.layers.dp_attention import is_allocation_symmetric
[rank1]:   File "/lustre/raplab/client/xutingz/workspace/codex_correct_forks_20260731/sglang/python/sglang/srt/layers/dp_attention.py", line 10, in <module>
[rank1]:     from sglang.srt.distributed import (
[rank1]: ImportError: cannot import name 'GroupCoordinator' from 'sglang.srt.distributed' (unknown location)
[rank2]: Traceback (most recent call last):
[rank2]:   File "/lustre/raplab/client/xutingz/fac/DeepGEMM_tp/bench/iter713_prebuilt_extension_runner.py", line 97, in <module>
[rank2]:     main()
[rank2]:   File "/lustre/raplab/client/xutingz/fac/DeepGEMM_tp/bench/iter713_prebuilt_extension_runner.py", line 93, in main
[rank2]:     runpy.run_path(target, run_name="__main__")
[rank2]:   File "<frozen runpy>", line 287, in run_path
[rank2]:   File "<frozen runpy>", line 98, in _run_module_code
[rank2]:   File "<frozen runpy>", line 88, in _run_code
[rank2]:   File "bench/v4_flash_tp_single_vs_multi_graph.py", line 1119, in <module>
[rank2]:     main()
[rank2]:   File "/home/xutingz/workspace/miniforge3/lib/python3.12/site-packages/torch/utils/_contextlib.py", line 124, in decorate_context
[rank2]:     return func(*args, **kwargs)
[rank2]:            ^^^^^^^^^^^^^^^^^^^^^
[rank2]:   File "bench/v4_flash_tp_single_vs_multi_graph.py", line 148, in main
[rank2]:     rank, world_size, device, cpu_group = custom.init_distributed()
[rank2]:                                           ^^^^^^^^^^^^^^^^^^^^^^^^^
[rank2]:   File "/lustre/raplab/client/xutingz/fac/DeepGEMM_tp/bench/v4_flash_tp_wgmma_graph.py", line 83, in init_distributed
[rank2]:     ps._WORLD = coordinator = ps.init_world_group(
[rank2]:                               ^^^^^^^^^^^^^^^^^^^^
[rank2]:   File "/lustre/raplab/client/xutingz/workspace/codex_correct_forks_20260731/sglang/python/sglang/srt/distributed/parallel_state.py", line 1655, in init_world_group
[rank2]:     return GroupCoordinator(
[rank2]:            ^^^^^^^^^^^^^^^^^
[rank2]:   File "/lustre/raplab/client/xutingz/workspace/codex_correct_forks_20260731/sglang/python/sglang/srt/distributed/parallel_state.py", line 410, in __init__
[rank2]:     from sglang.srt.layers.dp_attention import is_allocation_symmetric
[rank2]:   File "/lustre/raplab/client/xutingz/workspace/codex_correct_forks_20260731/sglang/python/sglang/srt/layers/dp_attention.py", line 10, in <module>
[rank2]:     from sglang.srt.distributed import (
[rank2]: ImportError: cannot import name 'GroupCoordinator' from 'sglang.srt.distributed' (unknown location)
[rank0]: Traceback (most recent call last):
[rank0]:   File "/lustre/raplab/client/xutingz/fac/DeepGEMM_tp/bench/iter713_prebuilt_extension_runner.py", line 97, in <module>
[rank0]:     main()
[rank0]:   File "/lustre/raplab/client/xutingz/fac/DeepGEMM_tp/bench/iter713_prebuilt_extension_runner.py", line 93, in main
[rank0]:     runpy.run_path(target, run_name="__main__")
[rank0]:   File "<frozen runpy>", line 287, in run_path
[rank0]:   File "<frozen runpy>", line 98, in _run_module_code
[rank0]:   File "<frozen runpy>", line 88, in _run_code
[rank0]:   File "bench/v4_flash_tp_single_vs_multi_graph.py", line 1119, in <module>
[rank0]:     main()
[rank0]:   File "/home/xutingz/workspace/miniforge3/lib/python3.12/site-packages/torch/utils/_contextlib.py", line 124, in decorate_context
[rank0]:     return func(*args, **kwargs)
[rank0]:            ^^^^^^^^^^^^^^^^^^^^^
[rank0]:   File "bench/v4_flash_tp_single_vs_multi_graph.py", line 148, in main
[rank0]:     rank, world_size, device, cpu_group = custom.init_distributed()
[rank0]:                                           ^^^^^^^^^^^^^^^^^^^^^^^^^
[rank0]:   File "/lustre/raplab/client/xutingz/fac/DeepGEMM_tp/bench/v4_flash_tp_wgmma_graph.py", line 83, in init_distributed
[rank0]:     ps._WORLD = coordinator = ps.init_world_group(
[rank0]:                               ^^^^^^^^^^^^^^^^^^^^
[rank0]:   File "/lustre/raplab/client/xutingz/workspace/codex_correct_forks_20260731/sglang/python/sglang/srt/distributed/parallel_state.py", line 1655, in init_world_group
[rank0]:     return GroupCoordinator(
[rank0]:            ^^^^^^^^^^^^^^^^^
[rank0]:   File "/lustre/raplab/client/xutingz/workspace/codex_correct_forks_20260731/sglang/python/sglang/srt/distributed/parallel_state.py", line 410, in __init__
[rank0]:     from sglang.srt.layers.dp_attention import is_allocation_symmetric
[rank0]:   File "/lustre/raplab/client/xutingz/workspace/codex_correct_forks_20260731/sglang/python/sglang/srt/layers/dp_attention.py", line 10, in <module>
[rank0]:     from sglang.srt.distributed import (
[rank0]: ImportError: cannot import name 'GroupCoordinator' from 'sglang.srt.distributed' (unknown location)
[rank3]: Traceback (most recent call last):
[rank3]:   File "/lustre/raplab/client/xutingz/fac/DeepGEMM_tp/bench/iter713_prebuilt_extension_runner.py", line 97, in <module>
[rank3]:     main()
[rank3]:   File "/lustre/raplab/client/xutingz/fac/DeepGEMM_tp/bench/iter713_prebuilt_extension_runner.py", line 93, in main
[rank3]:     runpy.run_path(target, run_name="__main__")
[rank3]:   File "<frozen runpy>", line 287, in run_path
[rank3]:   File "<frozen runpy>", line 98, in _run_module_code
[rank3]:   File "<frozen runpy>", line 88, in _run_code
[rank3]:   File "bench/v4_flash_tp_single_vs_multi_graph.py", line 1119, in <module>
[rank3]:     main()
[rank3]:   File "/home/xutingz/workspace/miniforge3/lib/python3.12/site-packages/torch/utils/_contextlib.py", line 124, in decorate_context
[rank3]:     return func(*args, **kwargs)
[rank3]:            ^^^^^^^^^^^^^^^^^^^^^
[rank3]:   File "bench/v4_flash_tp_single_vs_multi_graph.py", line 148, in main
[rank3]:     rank, world_size, device, cpu_group = custom.init_distributed()
[rank3]:                                           ^^^^^^^^^^^^^^^^^^^^^^^^^
[rank3]:   File "/lustre/raplab/client/xutingz/fac/DeepGEMM_tp/bench/v4_flash_tp_wgmma_graph.py", line 83, in init_distributed
[rank3]:     ps._WORLD = coordinator = ps.init_world_group(
[rank3]:                               ^^^^^^^^^^^^^^^^^^^^
[rank3]:   File "/lustre/raplab/client/xutingz/workspace/codex_correct_forks_20260731/sglang/python/sglang/srt/distributed/parallel_state.py", line 1655, in init_world_group
[rank3]:     return GroupCoordinator(
[rank3]:            ^^^^^^^^^^^^^^^^^
[rank3]:   File "/lustre/raplab/client/xutingz/workspace/codex_correct_forks_20260731/sglang/python/sglang/srt/distributed/parallel_state.py", line 410, in __init__
[rank3]:     from sglang.srt.layers.dp_attention import is_allocation_symmetric
[rank3]:   File "/lustre/raplab/client/xutingz/workspace/codex_correct_forks_20260731/sglang/python/sglang/srt/layers/dp_attention.py", line 10, in <module>
[rank3]:     from sglang.srt.distributed import (
[rank3]: ImportError: cannot import name 'GroupCoordinator' from 'sglang.srt.distributed' (unknown location)
W0906 12:22:58.421000 263156 /lustre/raplab/client/xutingz/workspace/miniforge3/lib/python3.12/site-packages/torch/distributed/elastic/multiprocessing/api.py:1012] Sending process 263226 closing signal SIGTERM
W0906 12:22:58.425000 263156 /lustre/raplab/client/xutingz/workspace/miniforge3/lib/python3.12/site-packages/torch/distributed/elastic/multiprocessing/api.py:1012] Sending process 263227 closing signal SIGTERM
W0906 12:22:58.425000 263156 /lustre/raplab/client/xutingz/workspace/miniforge3/lib/python3.12/site-packages/torch/distributed/elastic/multiprocessing/api.py:1012] Sending process 263228 closing signal SIGTERM
E0906 12:22:58.639000 263156 /lustre/raplab/client/xutingz/workspace/miniforge3/lib/python3.12/site-packages/torch/distributed/elastic/multiprocessing/api.py:986] failed (exitcode: 1) local_rank: 0 (pid: 263225) of binary: /home/xutingz/workspace/miniforge3/bin/python
Traceback (most recent call last):
  File "/home/xutingz/workspace/miniforge3/bin/torchrun", line 8, in <module>
    sys.exit(main())
             ^^^^^^
  File "/home/xutingz/workspace/miniforge3/lib/python3.12/site-packages/torch/distributed/elastic/multiprocessing/errors/__init__.py", line 362, in wrapper
    return f(*args, **kwargs)
           ^^^^^^^^^^^^^^^^^^
  File "/home/xutingz/workspace/miniforge3/lib/python3.12/site-packages/torch/distributed/run.py", line 990, in main
    run(args)
  File "/home/xutingz/workspace/miniforge3/lib/python3.12/site-packages/torch/distributed/run.py", line 981, in run
    elastic_launch(
  File "/home/xutingz/workspace/miniforge3/lib/python3.12/site-packages/torch/distributed/launcher/api.py", line 170, in __call__
    return launch_agent(self._config, self._entrypoint, list(args))
           ^^^^^^^^^^^^^^^^^^^^^^^^^^^^^^^^^^^^^^^^^^^^^^^^^^^^^^^^
  File "/home/xutingz/workspace/miniforge3/lib/python3.12/site-packages/torch/distributed/launcher/api.py", line 317, in launch_agent
    raise ChildFailedError(
torch.distributed.elastic.multiprocessing.errors.ChildFailedError: 
============================================================
bench/iter713_prebuilt_extension_runner.py FAILED
------------------------------------------------------------
Failures:
[1]:
  time      : 2026-09-06_12:22:58
  host      : H20-GPU-06.cm.cluster
  rank      : 1 (local_rank: 1)
  exitcode  : 1 (pid: 263226)
  error_file: <N/A>
  traceback : To enable traceback see: https://pytorch.org/docs/stable/elastic/errors.html
[2]:
  time      : 2026-09-06_12:22:58
  host      : H20-GPU-06.cm.cluster
  rank      : 2 (local_rank: 2)
  exitcode  : 1 (pid: 263227)
  error_file: <N/A>
  traceback : To enable traceback see: https://pytorch.org/docs/stable/elastic/errors.html
[3]:
  time      : 2026-09-06_12:22:58
  host      : H20-GPU-06.cm.cluster
  rank      : 3 (local_rank: 3)
  exitcode  : 1 (pid: 263228)
  error_file: <N/A>
  traceback : To enable traceback see: https://pytorch.org/docs/stable/elastic/errors.html
------------------------------------------------------------
Root Cause (first observed failure):
[0]:
  time      : 2026-09-06_12:22:58
  host      : H20-GPU-06.cm.cluster
  rank      : 0 (local_rank: 0)
  exitcode  : 1 (pid: 263225)
  error_file: <N/A>
  traceback : To enable traceback see: https://pytorch.org/docs/stable/elastic/errors.html
============================================================
