[313318] python3.12@127.0.0.1
  void route_gemm<512, 4096, 1, 0, 0, 0>(CUtensorMap_st, CUtensorMap_st, const unsigned char *, const unsigned char *, const float *, const unsigned char *, const float *, const int *, const int *, const int *, const float *, float *, const uint2 *, int *, int, int) (10272, 1, 1)x(128, 1, 1), Context 1, Stream 13, Device 0, CC 9.0
    Warning: Data collection happened without fixed GPU frequencies. Profiling results may be inconsistent.
    Section: GPU Speed Of Light Throughput
    ----------------------- ----------- ------------
    Metric Name             Metric Unit Metric Value
    ----------------------- ----------- ------------
    DRAM Frequency                  Ghz         3.20
    SM Frequency                    Ghz         1.76
    Elapsed Cycles                cycle      189,343
    Memory Throughput                 %        55.19
    DRAM Throughput                   %        55.19
    Duration                         us       107.01
    L1/TEX Cache Throughput           %        50.86
    L2 Cache Throughput               %        68.16
    SM Active Cycles              cycle   183,070.49
    Compute (SM) Throughput           %        74.54
    ----------------------- ----------- ------------

    OPT   Compute is more heavily utilized than Memory: Look at the Compute Workload Analysis section to see what the   
          compute pipelines are spending their time doing. Also, consider whether any computation is redundant and      
          could be reduced or moved to look-up tables.                                                                  

    Section: Memory Workload Analysis
    -------------------------------------- ----------- ------------
    Metric Name                            Metric Unit Metric Value
    -------------------------------------- ----------- ------------
    Local Memory Spilling Requests                                0
    Local Memory Spilling Request Overhead           %      no data
    Memory Throughput                          Tbyte/s         2.66
    Mem Busy                                         %        49.45
    Max Bandwidth                                    %        55.19
    L1/TEX Hit Rate                                  %        54.59
    L2 Persisting Size                           Mbyte        11.80
    L2 Compression Success Rate                      %            0
    L2 Compression Ratio                             %            0
    L2 Compression Input Sectors                sector      477,909
    L2 Hit Rate                                      %         9.38
    Mem Pipes Busy                                   %        36.78
    -------------------------------------- ----------- ------------

    Section: Scheduler Statistics
    ---------------------------- ----------- ------------
    Metric Name                  Metric Unit Metric Value
    ---------------------------- ----------- ------------
    One or More Eligible                   %        77.18
    Issued Warp Per Scheduler                        0.77
    No Eligible                            %        22.82
    Active Warps Per Scheduler          warp         8.66
    Eligible Warps Per Scheduler        warp         2.62
    ---------------------------- ----------- ------------

    Section: Warp State Statistics
    ---------------------------------------- ----------- ------------
    Metric Name                              Metric Unit Metric Value
    ---------------------------------------- ----------- ------------
    Warp Cycles Per Issued Instruction             cycle        11.23
    Warp Cycles Per Executed Instruction           cycle        11.23
    Avg. Active Threads Per Warp                                31.08
    Avg. Not Predicated Off Threads Per Warp                    30.40
    ---------------------------------------- ----------- ------------

    Section: Instruction Statistics
    ---------------------------------------- ----------- ------------
    Metric Name                              Metric Unit Metric Value
    ---------------------------------------- ----------- ------------
    Avg. Executed Instructions Per Scheduler        inst   140,323.28
    Executed Instructions                           inst   43,780,864
    Avg. Issued Instructions Per Scheduler          inst   140,338.08
    Issued Instructions                             inst   43,785,480
    ---------------------------------------- ----------- ------------

    Section: Launch Statistics
    -------------------------------- --------------- ---------------
    Metric Name                          Metric Unit    Metric Value
    -------------------------------- --------------- ---------------
    Block Size                                                   128
    Cluster Scheduling Policy                           PolicySpread
    Cluster Size                                                   0
    Function Cache Configuration                     CachePreferNone
    Grid Size                                                 10,272
    Registers Per Thread             register/thread              54
    Shared Memory Configuration Size           Kbyte          233.47
    Driver Shared Memory Per Block       Kbyte/block            1.02
    Dynamic Shared Memory Per Block      Kbyte/block           21.50
    Static Shared Memory Per Block       Kbyte/block            1.02
    # SMs                                         SM              78
    Stack Size                                                 1,024
    Threads                                   thread       1,314,816
    # TPCs                                                        39
    Enabled TPC IDs                                              all
    Uses Green Context                                             0
    Waves Per SM                                               14.63
    -------------------------------- --------------- ---------------

    Section: Source Counters
    ------------------------- ----------- ------------
    Metric Name               Metric Unit Metric Value
    ------------------------- ----------- ------------
    Branch Instructions Ratio           %         0.03
    Branch Instructions              inst    1,191,200
    Branch Efficiency                   %        88.75
    Avg. Divergent Branches      branches       229.85
    ------------------------- ----------- ------------

    OPT   Est. Speedup: 18.83%                                                                                          
          This kernel has uncoalesced global accesses resulting in a total of 189824 excessive sectors (19% of the      
          total 973632 sectors). Check the L2 Theoretical Sectors Global Excessive table for the primary source         
          locations. The CUDA Programming Guide                                                                         
          (https://docs.nvidia.com/cuda/cuda-c-programming-guide/index.html#device-memory-accesses) has additional      
          information on reducing uncoalesced device memory accesses.                                                   

