DEFAULT_MAIN_CALLS_AND_LINES
        /*8730*/                   CALL.REL.NOINC 0x10e90 ;                                             /* 0x0000008400d47944 */
        /*8b60*/                   CALL.REL.NOINC 0x10e90 ;                                             /* 0x0000008000c87944 */
DEFAULT_MAIN_CALL_COUNT=2
CANDIDATE_MAIN_CALLS_AND_LINES
        /*24e0*/                   CALL.REL.NOINC 0xb280 ;                                              /* 0x0000008c00647944 */
        /*2b90*/                   CALL.REL.NOINC 0x10f60 ;                                             /* 0x000000e000f07944 */
        /*2fd0*/                   CALL.REL.NOINC 0x10f60 ;                                             /* 0x000000dc00e07944 */
CANDIDATE_MAIN_CALL_COUNT=3
CANDIDATE_W13_PHASE_RESOURCE
CANDIDATE_RELEVANT_ELF_SYMBOLS
    d 2e0034    4fc  0  4                    CUDA_INFO       40    3       78 .nv.info._Z32tp4_megamoe_single_launch_kernelILi2ELi128EEv14CUtensorMap_stS0_S0_S0_PKhS2_PKfS2_S2_S4_S2_S4_PKiS4_PiS7_S7_PfP13__nv_bfloat16PhS8_SA_PK5uint2S7_S7_SA_PjSB_SB_SB_SB_SB_SA_S2_SB_SB_iilb
   4c 2e6a60      0 18  8                         RELA       40    3       78 .rela.text._Z32tp4_megamoe_single_launch_kernelILi2ELi128EEv14CUtensorMap_stS0_S0_S0_PKhS2_PKfS2_S2_S4_S2_S4_PKiS4_PiS7_S7_PfP13__nv_bfloat16PhS8_SA_PK5uint2S7_S7_SA_PjSB_SB_SB_SB_SB_SA_S2_SB_SB_iilb
   78 2e8580  11680  0 80                     PROGBITS        6    3       aa .text._Z32tp4_megamoe_single_launch_kernelILi2ELi128EEv14CUtensorMap_stS0_S0_S0_PKhS2_PKfS2_S2_S4_S2_S4_PKiS4_PiS7_S7_PfP13__nv_bfloat16PhS8_SA_PK5uint2S7_S7_SA_PjSB_SB_SB_SB_SB_SA_S2_SB_SB_iilb
   b6 3db400   1000  0 400                       NOBITS       43    0       78 .nv.shared._Z32tp4_megamoe_single_launch_kernelILi2ELi128EEv14CUtensorMap_stS0_S0_S0_PKhS2_PKfS2_S2_S4_S2_S4_PKiS4_PiS7_S7_PfP13__nv_bfloat16PhS8_SA_PK5uint2S7_S7_SA_PjSB_SB_SB_SB_SB_SA_S2_SB_SB_iilb
   f6 3db400    591  0  4                     PROGBITS       42    0       78 .nv.constant0._Z32tp4_megamoe_single_launch_kernelILi2ELi128EEv14CUtensorMap_stS0_S0_S0_PKhS2_PKfS2_S2_S4_S2_S4_PKiS4_PiS7_S7_PfP13__nv_bfloat16PhS8_SA_PK5uint2S7_S7_SA_PjSB_SB_SB_SB_SB_SA_S2_SB_SB_iilb
 0x3               0               0      0x3        0   0x78     .text._Z32tp4_megamoe_single_launch_kernelILi2ELi128EEv14CUtensorMap_stS0_S0_S0_PKhS2_PKfS2_S2_S4_S2_S4_PKiS4_PiS7_S7_PfP13__nv_bfloat16PhS8_SA_PK5uint2S7_S7_SA_PjSB_SB_SB_SB_SB_SA_S2_SB_SB_iilb
 0x4               0               0      0x3        0   0xb6     .nv.shared._Z32tp4_megamoe_single_launch_kernelILi2ELi128EEv14CUtensorMap_stS0_S0_S0_PKhS2_PKfS2_S2_S4_S2_S4_PKiS4_PiS7_S7_PfP13__nv_bfloat16PhS8_SA_PK5uint2S7_S7_SA_PjSB_SB_SB_SB_SB_SA_S2_SB_SB_iilb
 0x29          0xb280          0x5ce0      0x2        0   0x78     $_Z32tp4_megamoe_single_launch_kernelILi2ELi128EEv14CUtensorMap_stS0_S0_S0_PKhS2_PKfS2_S2_S4_S2_S4_PKiS4_PiS7_S7_PfP13__nv_bfloat16PhS8_SA_PK5uint2S7_S7_SA_PjSB_SB_SB_SB_SB_SA_S2_SB_SB_iilb$_Z28single_launch_w13_gemm_phaseILi2EEvPK14CUtensorMap_stS2_PKhS4_PKfS4_S6_PKiS8_S8_S6_PfPK5uint2iiii
 0x2d          0xb310          0x5ce0      0x2        0   0x79     $_Z32tp4_megamoe_single_launch_kernelILi4ELi128EEv14CUtensorMap_stS0_S0_S0_PKhS2_PKfS2_S2_S4_S2_S4_PKiS4_PiS7_S7_PfP13__nv_bfloat16PhS8_SA_PK5uint2S7_S7_SA_PjSB_SB_SB_SB_SB_SA_S2_SB_SB_iilb$_Z28single_launch_w13_gemm_phaseILi4EEvPK14CUtensorMap_stS2_PKhS4_PKfS4_S6_PKiS8_S8_S6_PfPK5uint2iiii
 0x31          0xb280          0x5ce0      0x2        0   0x7a     $_Z32tp4_megamoe_single_launch_kernelILi2ELi64EEv14CUtensorMap_stS0_S0_S0_PKhS2_PKfS2_S2_S4_S2_S4_PKiS4_PiS7_S7_PfP13__nv_bfloat16PhS8_SA_PK5uint2S7_S7_SA_PjSB_SB_SB_SB_SB_SA_S2_SB_SB_iilb$_Z28single_launch_w13_gemm_phaseILi2EEvPK14CUtensorMap_stS2_PKhS4_PKfS4_S6_PKiS8_S8_S6_PfPK5uint2iiii
 0x35          0xb2f0          0x5ce0      0x2        0   0x7b     $_Z32tp4_megamoe_single_launch_kernelILi4ELi64EEv14CUtensorMap_stS0_S0_S0_PKhS2_PKfS2_S2_S4_S2_S4_PKiS4_PiS7_S7_PfP13__nv_bfloat16PhS8_SA_PK5uint2S7_S7_SA_PjSB_SB_SB_SB_SB_SA_S2_SB_SB_iilb$_Z28single_launch_w13_gemm_phaseILi4EEvPK14CUtensorMap_stS2_PKhS4_PKfS4_S6_PKiS8_S8_S6_PfPK5uint2iiii
 0x39          0xa330          0x5ce0      0x2        0   0x7c     $_Z32tp4_megamoe_single_launch_kernelILi4ELi32EEv14CUtensorMap_stS0_S0_S0_PKhS2_PKfS2_S2_S4_S2_S4_PKiS4_PiS7_S7_PfP13__nv_bfloat16PhS8_SA_PK5uint2S7_S7_SA_PjSB_SB_SB_SB_SB_SA_S2_SB_SB_iilb$_Z28single_launch_w13_gemm_phaseILi4EEvPK14CUtensorMap_stS2_PKhS4_PKfS4_S6_PKiS8_S8_S6_PfPK5uint2iiii
 0x3d          0xa330          0x5ce0      0x2        0   0x7d     $_Z32tp4_megamoe_single_launch_kernelILi4ELi16EEv14CUtensorMap_stS0_S0_S0_PKhS2_PKfS2_S2_S4_S2_S4_PKiS4_PiS7_S7_PfP13__nv_bfloat16PhS8_SA_PK5uint2S7_S7_SA_PjSB_SB_SB_SB_SB_SA_S2_SB_SB_iilb$_Z28single_launch_w13_gemm_phaseILi4EEvPK14CUtensorMap_stS2_PKhS4_PKfS4_S6_PKiS8_S8_S6_PfPK5uint2iiii
 0x41          0xa330          0x5ce0      0x2        0   0x7e     $_Z32tp4_megamoe_single_launch_kernelILi4ELi8EEv14CUtensorMap_stS0_S0_S0_PKhS2_PKfS2_S2_S4_S2_S4_PKiS4_PiS7_S7_PfP13__nv_bfloat16PhS8_SA_PK5uint2S7_S7_SA_PjSB_SB_SB_SB_SB_SA_S2_SB_SB_iilb$_Z28single_launch_w13_gemm_phaseILi4EEvPK14CUtensorMap_stS2_PKhS4_PKfS4_S6_PKiS8_S8_S6_PfPK5uint2iiii
 0xaa               0         0x11680     0x12     0x10   0x78     _Z32tp4_megamoe_single_launch_kernelILi2ELi128EEv14CUtensorMap_stS0_S0_S0_PKhS2_PKfS2_S2_S4_S2_S4_PKiS4_PiS7_S7_PfP13__nv_bfloat16PhS8_SA_PK5uint2S7_S7_SA_PjSB_SB_SB_SB_SB_SA_S2_SB_SB_iilb
 0xe8               0               0      0x3        0   0xf6     .nv.constant0._Z32tp4_megamoe_single_launch_kernelILi2ELi128EEv14CUtensorMap_stS0_S0_S0_PKhS2_PKfS2_S2_S4_S2_S4_PKiS4_PiS7_S7_PfP13__nv_bfloat16PhS8_SA_PK5uint2S7_S7_SA_PjSB_SB_SB_SB_SB_SA_S2_SB_SB_iilb
.nv.shared._Z32tp4_megamoe_single_launch_kernelILi2ELi128EEv14CUtensorMap_stS0_S0_S0_PKhS2_PKfS2_S2_S4_S2_S4_PKiS4_PiS7_S7_PfP13__nv_bfloat16PhS8_SA_PK5uint2S7_S7_SA_PjSB_SB_SB_SB_SB_SA_S2_SB_SB_iilb
.nv.constant0._Z32tp4_megamoe_single_launch_kernelILi2ELi128EEv14CUtensorMap_stS0_S0_S0_PKhS2_PKfS2_S2_S4_S2_S4_PKiS4_PiS7_S7_PfP13__nv_bfloat16PhS8_SA_PK5uint2S7_S7_SA_PjSB_SB_SB_SB_SB_SA_S2_SB_SB_iilb
	Value:	function: $_Z32tp4_megamoe_single_launch_kernelILi4ELi8EEv14CUtensorMap_stS0_S0_S0_PKhS2_PKfS2_S2_S4_S2_S4_PKiS4_PiS7_S7_PfP13__nv_bfloat16PhS8_SA_PK5uint2S7_S7_SA_PjSB_SB_SB_SB_SB_SA_S2_SB_SB_iilb$_Z28single_launch_w13_gemm_phaseILi4EEvPK14CUtensorMap_stS2_PKhS4_PKfS4_S6_PKiS8_S8_S6_PfPK5uint2iiii(0x41)	frame size: 0x20
	Value:	function: $_Z32tp4_megamoe_single_launch_kernelILi4ELi16EEv14CUtensorMap_stS0_S0_S0_PKhS2_PKfS2_S2_S4_S2_S4_PKiS4_PiS7_S7_PfP13__nv_bfloat16PhS8_SA_PK5uint2S7_S7_SA_PjSB_SB_SB_SB_SB_SA_S2_SB_SB_iilb$_Z28single_launch_w13_gemm_phaseILi4EEvPK14CUtensorMap_stS2_PKhS4_PKfS4_S6_PKiS8_S8_S6_PfPK5uint2iiii(0x3d)	frame size: 0x20
