V4_WGMMA_PREP routes_ok=True quant_exact=True scale_max_abs=0
V4_WGMMA_CHECK M=8 pattern=balanced Is=512 active=48 padded=384 split_k=4 mode2=True interleaved_bulk=True fused_act_quant=True w2_global_lut=False leader_mbar_wait=True w13_fp16_partial=True
V4_WGMMA_W13 cos=0.999999961 rel_l2=0.000282312
V4_WGMMA_ACT cos=0.999998559 rel_l2=0.001698548
V4_WGMMA_W2 cos=0.999997277 rel_l2=0.002333506 finite=True
V4_WGMMA_OK
V4_WGMMA_PREP routes_ok=True quant_exact=True scale_max_abs=0
V4_WGMMA_CHECK M=128 pattern=balanced Is=512 active=256 padded=2048 split_k=2 mode2=True interleaved_bulk=True fused_act_quant=True w2_global_lut=False leader_mbar_wait=True w13_fp16_partial=True
V4_WGMMA_W13 cos=0.999999960 rel_l2=0.000283437
V4_WGMMA_ACT cos=0.999998622 rel_l2=0.001661365
V4_WGMMA_W2 cos=0.999997233 rel_l2=0.002352304 finite=True
V4_WGMMA_OK
V4_WGMMA_PREP routes_ok=True quant_exact=True scale_max_abs=0
V4_WGMMA_CHECK M=128 pattern=skew Is=512 active=6 padded=768 split_k=2 mode2=True interleaved_bulk=True fused_act_quant=True w2_global_lut=False leader_mbar_wait=True w13_fp16_partial=True
V4_WGMMA_W13 cos=0.999999960 rel_l2=0.000282997
V4_WGMMA_ACT cos=0.999998566 rel_l2=0.001693955
V4_WGMMA_W2 cos=0.999997241 rel_l2=0.002349046 finite=True
V4_WGMMA_OK
V4_WGMMA_PREP routes_ok=True quant_exact=True scale_max_abs=0
V4_WGMMA_CHECK M=128 pattern=skew Is=256 active=6 padded=768 split_k=2 mode2=True interleaved_bulk=True fused_act_quant=True w2_global_lut=False leader_mbar_wait=True w13_fp16_partial=True
V4_WGMMA_W13 cos=0.999999960 rel_l2=0.000283314
V4_WGMMA_ACT cos=0.999998515 rel_l2=0.001724016
V4_WGMMA_W2 cos=0.999997237 rel_l2=0.002350604 finite=True
V4_WGMMA_OK
V4_WGMMA_PREP routes_ok=True quant_exact=True scale_max_abs=0
V4_WGMMA_CHECK M=8 pattern=balanced Is=512 active=48 padded=384 split_k=4 mode2=True interleaved_bulk=True fused_act_quant=True w2_global_lut=False leader_mbar_wait=True w13_fp16_partial=True
V4_WGMMA_W13 cos=0.999999961 rel_l2=0.000282312
V4_WGMMA_ACT cos=0.999998559 rel_l2=0.001698295
V4_WGMMA_W2 cos=0.999997221 rel_l2=0.002357731 finite=True
V4_WGMMA_OK
