v4tp_7babc76b617baae01065_v178mspec
EXT=/tmp/torch_ext_v4_tp/v4tp_f72712dd95f6ccb3ff4e_v178mspec/v4tp_f72712dd95f6ccb3ff4e_v178mspec.so
 Function _Z32tp4_megamoe_single_launch_kernelILi2ELi128EEv14CUtensorMap_stS0_S0_S0_PKhS2_PKfS2_S2_S4_S2_S4_PKiS4_PiS7_S7_PfP13__nv_bfloat16PhS8_SA_PK5uint2S7_S7_SA_PjSB_SB_SB_SB_SB_SA_S2_SB_SB_iilb:
  REG:56 STACK:32 SHARED:2048 LOCAL:0 CONSTANT[0]:1425 TEXTURE:0 SURFACE:0 SAMPLER:0
 Function _Z32tp4_megamoe_single_launch_kernelILi4ELi128EEv14CUtensorMap_stS0_S0_S0_PKhS2_PKfS2_S2_S4_S2_S4_PKiS4_PiS7_S7_PfP13__nv_bfloat16PhS8_SA_PK5uint2S7_S7_SA_PjSB_SB_SB_SB_SB_SA_S2_SB_SB_iilb:
  REG:56 STACK:32 SHARED:2048 LOCAL:0 CONSTANT[0]:1425 TEXTURE:0 SURFACE:0 SAMPLER:0
 Function _Z32tp4_megamoe_single_launch_kernelILi2ELi64EEv14CUtensorMap_stS0_S0_S0_PKhS2_PKfS2_S2_S4_S2_S4_PKiS4_PiS7_S7_PfP13__nv_bfloat16PhS8_SA_PK5uint2S7_S7_SA_PjSB_SB_SB_SB_SB_SA_S2_SB_SB_iilb:
  REG:64 STACK:32 SHARED:2048 LOCAL:0 CONSTANT[0]:1425 TEXTURE:0 SURFACE:0 SAMPLER:0
 Function _Z32tp4_megamoe_single_launch_kernelILi4ELi64EEv14CUtensorMap_stS0_S0_S0_PKhS2_PKfS2_S2_S4_S2_S4_PKiS4_PiS7_S7_PfP13__nv_bfloat16PhS8_SA_PK5uint2S7_S7_SA_PjSB_SB_SB_SB_SB_SA_S2_SB_SB_iilb:
  REG:64 STACK:32 SHARED:2048 LOCAL:0 CONSTANT[0]:1425 TEXTURE:0 SURFACE:0 SAMPLER:0
 Function _Z32tp4_megamoe_single_launch_kernelILi4ELi32EEv14CUtensorMap_stS0_S0_S0_PKhS2_PKfS2_S2_S4_S2_S4_PKiS4_PiS7_S7_PfP13__nv_bfloat16PhS8_SA_PK5uint2S7_S7_SA_PjSB_SB_SB_SB_SB_SA_S2_SB_SB_iilb:
  REG:61 STACK:32 SHARED:2048 LOCAL:0 CONSTANT[0]:1425 TEXTURE:0 SURFACE:0 SAMPLER:0
 Function _Z32tp4_megamoe_single_launch_kernelILi2ELi32EEv14CUtensorMap_stS0_S0_S0_PKhS2_PKfS2_S2_S4_S2_S4_PKiS4_PiS7_S7_PfP13__nv_bfloat16PhS8_SA_PK5uint2S7_S7_SA_PjSB_SB_SB_SB_SB_SA_S2_SB_SB_iilb:
  REG:62 STACK:32 SHARED:2048 LOCAL:0 CONSTANT[0]:1425 TEXTURE:0 SURFACE:0 SAMPLER:0
 Function _Z32tp4_megamoe_single_launch_kernelILi4ELi16EEv14CUtensorMap_stS0_S0_S0_PKhS2_PKfS2_S2_S4_S2_S4_PKiS4_PiS7_S7_PfP13__nv_bfloat16PhS8_SA_PK5uint2S7_S7_SA_PjSB_SB_SB_SB_SB_SA_S2_SB_SB_iilb:
  REG:61 STACK:32 SHARED:2048 LOCAL:0 CONSTANT[0]:1425 TEXTURE:0 SURFACE:0 SAMPLER:0
 Function _Z32tp4_megamoe_single_launch_kernelILi2ELi16EEv14CUtensorMap_stS0_S0_S0_PKhS2_PKfS2_S2_S4_S2_S4_PKiS4_PiS7_S7_PfP13__nv_bfloat16PhS8_SA_PK5uint2S7_S7_SA_PjSB_SB_SB_SB_SB_SA_S2_SB_SB_iilb:
  REG:62 STACK:32 SHARED:2048 LOCAL:0 CONSTANT[0]:1425 TEXTURE:0 SURFACE:0 SAMPLER:0
 Function _Z32tp4_megamoe_single_launch_kernelILi4ELi8EEv14CUtensorMap_stS0_S0_S0_PKhS2_PKfS2_S2_S4_S2_S4_PKiS4_PiS7_S7_PfP13__nv_bfloat16PhS8_SA_PK5uint2S7_S7_SA_PjSB_SB_SB_SB_SB_SA_S2_SB_SB_iilb:
  REG:61 STACK:32 SHARED:2048 LOCAL:0 CONSTANT[0]:1425 TEXTURE:0 SURFACE:0 SAMPLER:0
 Function _Z32tp4_megamoe_single_launch_kernelILi2ELi8EEv14CUtensorMap_stS0_S0_S0_PKhS2_PKfS2_S2_S4_S2_S4_PKiS4_PiS7_S7_PfP13__nv_bfloat16PhS8_SA_PK5uint2S7_S7_SA_PjSB_SB_SB_SB_SB_SA_S2_SB_SB_iilb:
  REG:62 STACK:32 SHARED:2048 LOCAL:0 CONSTANT[0]:1425 TEXTURE:0 SURFACE:0 SAMPLER:0
 Function _Z26reduce_swiglu_quant_kernelILi256ELi1EEvPKfP13__nv_bfloat16PhPfPKiS7_S1_i:
  REG:19 STACK:0 SHARED:2048 LOCAL:0 CONSTANT[0]:588 TEXTURE:0 SURFACE:0 SAMPLER:0
 Function _Z26reduce_swiglu_quant_kernelILi256ELi2EEvPKfP13__nv_bfloat16PhPfPKiS7_S1_i:
  REG:19 STACK:0 SHARED:2048 LOCAL:0 CONSTANT[0]:588 TEXTURE:0 SURFACE:0 SAMPLER:0
