ITER400_78CTA_SMID_MAP_TP4_COLD_SCREEN
date=2026-09-05
host=H20-GPU-06
container=dpskv4_h20_weekly_gap_20260727
gpus=0,1,2,3
world_size=4
route_pattern=random
seed=20260904
outer=2
replays_per_outer_per_impl=10
warmup_replays=2
pair_granularity=replay
l2_policy=separate_256MiB_clear_before_every_replay_clear_excluded
input_contract=shared_prequantized_FP8_E4M3_X_plus_FP32_group128_scale
candidate=one_kernel_78cta_8wg_real_smid_map_plus_embedded_allreduce
control=selected_multi_kernel_plus_SGLang_CustomAllReduceV2

m8.active_experts=45
m8.padded_rows=360
m8.control_ar=multicast_push
m8.candidate_ar=single_launch_multicast_push
m8.control_batch_medians_ms=[0.07441600039601326,0.07379200309515]
m8.candidate_batch_medians_ms=[0.08822400122880936,0.0880960002541542]
m8.control_min_median_max_ms=[0.07302399724721909,0.07417599856853485,2.5268800258636475]
m8.candidate_min_median_max_ms=[0.08627200126647949,0.08816000074148178,2.538912057876587]
m8.control_over_candidate=0.8413792870311643
m8.candidate_over_control=1.1885246230965993
m8.correctness_identical_to_control=true
m8.cosine=0.9999956134440106
m8.rel_l2=0.002961992178802094
m8.max_abs=1024.0

m128.active_experts=240
m128.padded_rows=1944
m128.control_ar=stock
m128.candidate_ar=single_launch_p2p_two_shot
m128.control_batch_medians_ms=[0.302496001124382,0.30164799094200134]
m128.candidate_batch_medians_ms=[0.34913599491119385,0.3500320017337799]
m128.control_min_median_max_ms=[0.2990719974040985,0.3020000010728836,2.7537920475006104]
m128.candidate_min_median_max_ms=[0.3470720052719116,0.34934400022029877,2.806112051010132]
m128.control_over_candidate=0.8644774230627699
m128.candidate_over_control=1.1567682085404674
m128.correctness_identical_to_control=true
m128.cosine=0.999995608996884
m128.rel_l2=0.0029634544238714383
m128.max_abs=1024.0

endpoint.control_geomean_ms=0.1496701428050356
endpoint.candidate_geomean_ms=0.17549406633403236
endpoint.control_over_candidate=0.8528501614416755
endpoint.candidate_over_control=1.1725389115358547

comparison.iter392_unmapped_m8_candidate_ms=0.10078400000929832
comparison.iter400_mapped_m8_candidate_ms=0.08816000074148178
comparison.iter392_unmapped_m128_candidate_ms=0.3775999993085861
comparison.iter400_mapped_m128_candidate_ms=0.34934400022029877
ITER400_78CTA_SMID_MAP_TP4_COLD_SCREEN_OK
