W0904 19:21:13.604000 502343 torch/distributed/run.py:851] 
W0904 19:21:13.604000 502343 torch/distributed/run.py:851] *****************************************
W0904 19:21:13.604000 502343 torch/distributed/run.py:851] Setting OMP_NUM_THREADS environment variable for each process to be 1 in default, to avoid your system being overloaded, please further tune the variable for optimal performance in your application as needed. 
W0904 19:21:13.604000 502343 torch/distributed/run.py:851] *****************************************
Traceback (most recent call last):
  File "/lustre/raplab/client/xutingz/fac/DeepGEMM_tp/bench/v4_flash_tp_single_vs_multi_graph.py", line 26, in <module>
    import v4_flash_tp_wgmma_graph as custom
  File "/lustre/raplab/client/xutingz/fac/DeepGEMM_tp/bench/v4_flash_tp_wgmma_graph.py", line 20, in <module>
    from humming import ops as humming_ops
ModuleNotFoundError: No module named 'humming'
Traceback (most recent call last):
  File "/lustre/raplab/client/xutingz/fac/DeepGEMM_tp/bench/v4_flash_tp_single_vs_multi_graph.py", line 26, in <module>
    import v4_flash_tp_wgmma_graph as custom
  File "/lustre/raplab/client/xutingz/fac/DeepGEMM_tp/bench/v4_flash_tp_wgmma_graph.py", line 20, in <module>
    from humming import ops as humming_ops
ModuleNotFoundError: No module named 'humming'
Traceback (most recent call last):
  File "/lustre/raplab/client/xutingz/fac/DeepGEMM_tp/bench/v4_flash_tp_single_vs_multi_graph.py", line 26, in <module>
    import v4_flash_tp_wgmma_graph as custom
  File "/lustre/raplab/client/xutingz/fac/DeepGEMM_tp/bench/v4_flash_tp_wgmma_graph.py", line 20, in <module>
    from humming import ops as humming_ops
ModuleNotFoundError: No module named 'humming'
Traceback (most recent call last):
  File "/lustre/raplab/client/xutingz/fac/DeepGEMM_tp/bench/v4_flash_tp_single_vs_multi_graph.py", line 26, in <module>
    import v4_flash_tp_wgmma_graph as custom
  File "/lustre/raplab/client/xutingz/fac/DeepGEMM_tp/bench/v4_flash_tp_wgmma_graph.py", line 20, in <module>
    from humming import ops as humming_ops
ModuleNotFoundError: No module named 'humming'
W0904 19:21:21.628000 502343 torch/distributed/elastic/multiprocessing/api.py:1012] Sending process 502412 closing signal SIGTERM
W0904 19:21:21.629000 502343 torch/distributed/elastic/multiprocessing/api.py:1012] Sending process 502414 closing signal SIGTERM
W0904 19:21:21.629000 502343 torch/distributed/elastic/multiprocessing/api.py:1012] Sending process 502415 closing signal SIGTERM
E0904 19:21:21.743000 502343 torch/distributed/elastic/multiprocessing/api.py:986] failed (exitcode: 1) local_rank: 1 (pid: 502413) of binary: /usr/bin/python3
Traceback (most recent call last):
  File "/usr/local/bin/torchrun", line 6, in <module>
    sys.exit(main())
             ^^^^^^
  File "/usr/local/lib/python3.12/dist-packages/torch/distributed/elastic/multiprocessing/errors/__init__.py", line 362, in wrapper
    return f(*args, **kwargs)
           ^^^^^^^^^^^^^^^^^^
  File "/usr/local/lib/python3.12/dist-packages/torch/distributed/run.py", line 990, in main
    run(args)
  File "/usr/local/lib/python3.12/dist-packages/torch/distributed/run.py", line 981, in run
    elastic_launch(
  File "/usr/local/lib/python3.12/dist-packages/torch/distributed/launcher/api.py", line 170, in __call__
    return launch_agent(self._config, self._entrypoint, list(args))
           ^^^^^^^^^^^^^^^^^^^^^^^^^^^^^^^^^^^^^^^^^^^^^^^^^^^^^^^^
  File "/usr/local/lib/python3.12/dist-packages/torch/distributed/launcher/api.py", line 317, in launch_agent
    raise ChildFailedError(
torch.distributed.elastic.multiprocessing.errors.ChildFailedError: 
============================================================
bench/v4_flash_tp_single_vs_multi_graph.py FAILED
------------------------------------------------------------
Failures:
[1]:
  time      : 2026-09-04_19:21:21
  host      : H20-GPU-06.cm.cluster
  rank      : 0 (local_rank: 0)
  exitcode  : -15 (pid: 502412)
  error_file: <N/A>
  traceback : Signal 15 (SIGTERM) received by PID 502412
[2]:
  time      : 2026-09-04_19:21:21
  host      : H20-GPU-06.cm.cluster
  rank      : 2 (local_rank: 2)
  exitcode  : -15 (pid: 502414)
  error_file: <N/A>
  traceback : Signal 15 (SIGTERM) received by PID 502414
[3]:
  time      : 2026-09-04_19:21:21
  host      : H20-GPU-06.cm.cluster
  rank      : 3 (local_rank: 3)
  exitcode  : -15 (pid: 502415)
  error_file: <N/A>
  traceback : Signal 15 (SIGTERM) received by PID 502415
------------------------------------------------------------
Root Cause (first observed failure):
[0]:
  time      : 2026-09-04_19:21:21
  host      : H20-GPU-06.cm.cluster
  rank      : 1 (local_rank: 1)
  exitcode  : 1 (pid: 502413)
  error_file: <N/A>
  traceback : To enable traceback see: https://pytorch.org/docs/stable/elastic/errors.html
============================================================
