ITERATION=687
CANDIDATE_SHA256=bfe44f6a9a657ffe04c5d5873fa4aea7baeee66e85a3755c8820a220bed86ad4
EXTENSION=v4tp_dd8a6804edd0c89d31a0_v178mspec
GPU=NVIDIA H20-3e
SM_COUNT=78
TOKENS=128
TP=4
W13_SPLIT_K=2
L2_POLICY=cold 256MiB clear outside profiled kernel
INPUT_CONTRACT=prequantized FP8-E4M3 X plus FP32 group128 scale
TP4_SINGLE_LAUNCH_SPLIT2=REG48 STACK48 SHARED2048 LOCAL0 CONSTANT[0]1361
TP4_SINGLE_LAUNCH_SPLIT4=REG48 STACK48 SHARED2048 LOCAL0 CONSTANT[0]1361
LOCAL_ACCEPTED=true
LOCAL_COSINE=1.0
LOCAL_REL_L2=0.0
LOCAL_FINITE=true
PACKED_GENERATION_AFTER=[0,0,0,0]
TP4_ACCEPTED=true
TP4_ALLREDUCE_OK=true
TP4_COSINE_MIN=0.9999955976741226
TP4_REL_L2_MAX=0.0029672639980990933
TP4_FINITE=true
