SWEEP_CONFIG blocks=1 unroll=4 port=29700
W0903 06:43:55.892000 282221 torch/distributed/run.py:851] 
W0903 06:43:55.892000 282221 torch/distributed/run.py:851] *****************************************
W0903 06:43:55.892000 282221 torch/distributed/run.py:851] Setting OMP_NUM_THREADS environment variable for each process to be 1 in default, to avoid your system being overloaded, please further tune the variable for optimal performance in your application as needed. 
W0903 06:43:55.892000 282221 torch/distributed/run.py:851] *****************************************
FUSED_AB_ENV {"benchmark": "same-process fused-k6-push versus stock CARv2", "candidate": "multicast_pull", "gpu": "NVIDIA H20-3e", "l2_policy": "cold; separate 256MiB clear immediately before every graph replay, clear excluded from CUDA events", "m_values": [128], "outer": 4, "pair_order": "fused/control then control/fused by batch", "pull_blocks": 1, "pull_unroll": 4, "replays_per_outer_per_impl": 100, "route_pattern": "random", "same_communicator": true, "same_weights_and_inputs": true, "sm_count": 78, "world_size": 4}
FUSED_AB_RESULT {"cold_samples_per_impl": 400, "control_batch_medians_ms_max_rank": [0.3510719984769821, 0.34121599793434143, 0.3578239977359772, 0.35230399668216705], "control_correctness": {"allreduce_ok": true, "cosine_min_rank": 0.9999956088584286, "finite_all_ranks": true, "max_abs_max_rank": 1024.0, "max_abs_over_ref_max_rank": 0.005714285714285714, "rel_l2_max_rank": 0.002963504140733186}, "control_latency_ms_max": 0.45135998725891113, "control_latency_ms_median": 0.351936012506485, "control_latency_ms_min": 0.32598400115966797, "fused_batch_medians_ms_max_rank": [0.32836800813674927, 0.3688960075378418, 0.36292800307273865, 0.3527039885520935], "fused_correctness": {"allreduce_ok": true, "cosine_min_rank": 0.9999956088457738, "finite_all_ranks": true, "max_abs_max_rank": 1024.0, "max_abs_over_ref_max_rank": 0.005714285714285714, "rel_l2_max_rank": 0.002963508425904985}, "fused_latency_ms_max": 0.38835200667381287, "fused_latency_ms_median": 0.3551519960165024, "fused_latency_ms_min": 0.3266240060329437, "fused_vs_control_max_abs": 128.0, "m": 128, "speedup_control_over_fused": 0.9909447685889735}
FUSED_AB_SUMMARY {"control_geometric_mean_ms": 0.351936012506485, "fused_geometric_mean_ms": 0.3551519960165024, "m_values": [128], "speedup_control_over_fused": 0.9909447685889735}
SWEEP_STATUS blocks=1 unroll=4 status=0
SWEEP_CONFIG blocks=1 unroll=8 port=29701
W0903 06:44:13.590000 282489 torch/distributed/run.py:851] 
W0903 06:44:13.590000 282489 torch/distributed/run.py:851] *****************************************
W0903 06:44:13.590000 282489 torch/distributed/run.py:851] Setting OMP_NUM_THREADS environment variable for each process to be 1 in default, to avoid your system being overloaded, please further tune the variable for optimal performance in your application as needed. 
W0903 06:44:13.590000 282489 torch/distributed/run.py:851] *****************************************
FUSED_AB_ENV {"benchmark": "same-process fused-k6-push versus stock CARv2", "candidate": "multicast_pull", "gpu": "NVIDIA H20-3e", "l2_policy": "cold; separate 256MiB clear immediately before every graph replay, clear excluded from CUDA events", "m_values": [128], "outer": 4, "pair_order": "fused/control then control/fused by batch", "pull_blocks": 1, "pull_unroll": 8, "replays_per_outer_per_impl": 100, "route_pattern": "random", "same_communicator": true, "same_weights_and_inputs": true, "sm_count": 78, "world_size": 4}
FUSED_AB_RESULT {"cold_samples_per_impl": 400, "control_batch_medians_ms_max_rank": [0.37569600343704224, 0.3482239991426468, 0.3452959954738617, 0.37617599964141846], "control_correctness": {"allreduce_ok": true, "cosine_min_rank": 0.9999956088584286, "finite_all_ranks": true, "max_abs_max_rank": 1024.0, "max_abs_over_ref_max_rank": 0.005714285714285714, "rel_l2_max_rank": 0.002963504140733186}, "control_latency_ms_max": 0.4049279987812042, "control_latency_ms_median": 0.35734400153160095, "control_latency_ms_min": 0.34086400270462036, "fused_batch_medians_ms_max_rank": [0.3277440071105957, 0.368928000330925, 0.35068799555301666, 0.35710400342941284], "fused_correctness": {"allreduce_ok": true, "cosine_min_rank": 0.9999956088457738, "finite_all_ranks": true, "max_abs_max_rank": 1024.0, "max_abs_over_ref_max_rank": 0.005714285714285714, "rel_l2_max_rank": 0.002963508425904985}, "fused_latency_ms_max": 0.42476800084114075, "fused_latency_ms_median": 0.35492800176143646, "fused_latency_ms_min": 0.3251200020313263, "fused_vs_control_max_abs": 128.0, "m": 128, "speedup_control_over_fused": 1.0068070136990441}
FUSED_AB_SUMMARY {"control_geometric_mean_ms": 0.3573440015316009, "fused_geometric_mean_ms": 0.35492800176143646, "m_values": [128], "speedup_control_over_fused": 1.0068070136990441}
SWEEP_STATUS blocks=1 unroll=8 status=0
SWEEP_CONFIG blocks=1 unroll=16 port=29702
W0903 06:44:31.724000 282751 torch/distributed/run.py:851] 
W0903 06:44:31.724000 282751 torch/distributed/run.py:851] *****************************************
W0903 06:44:31.724000 282751 torch/distributed/run.py:851] Setting OMP_NUM_THREADS environment variable for each process to be 1 in default, to avoid your system being overloaded, please further tune the variable for optimal performance in your application as needed. 
W0903 06:44:31.724000 282751 torch/distributed/run.py:851] *****************************************
FUSED_AB_ENV {"benchmark": "same-process fused-k6-push versus stock CARv2", "candidate": "multicast_pull", "gpu": "NVIDIA H20-3e", "l2_policy": "cold; separate 256MiB clear immediately before every graph replay, clear excluded from CUDA events", "m_values": [128], "outer": 4, "pair_order": "fused/control then control/fused by batch", "pull_blocks": 1, "pull_unroll": 16, "replays_per_outer_per_impl": 100, "route_pattern": "random", "same_communicator": true, "same_weights_and_inputs": true, "sm_count": 78, "world_size": 4}
FUSED_AB_RESULT {"cold_samples_per_impl": 400, "control_batch_medians_ms_max_rank": [0.34857599437236786, 0.39934399724006653, 0.3585920035839081, 0.3492799997329712], "control_correctness": {"allreduce_ok": true, "cosine_min_rank": 0.9999956088584286, "finite_all_ranks": true, "max_abs_max_rank": 1024.0, "max_abs_over_ref_max_rank": 0.005714285714285714, "rel_l2_max_rank": 0.002963504140733186}, "control_latency_ms_max": 0.401311993598938, "control_latency_ms_median": 0.3582240045070648, "control_latency_ms_min": 0.3325119912624359, "fused_batch_medians_ms_max_rank": [0.3272640109062195, 0.3563360124826431, 0.34139201045036316, 0.36931198835372925], "fused_correctness": {"allreduce_ok": true, "cosine_min_rank": 0.9999956088457738, "finite_all_ranks": true, "max_abs_max_rank": 1024.0, "max_abs_over_ref_max_rank": 0.005714285714285714, "rel_l2_max_rank": 0.002963508425904985}, "fused_latency_ms_max": 0.4036799967288971, "fused_latency_ms_median": 0.3521920144557953, "fused_latency_ms_min": 0.3251200020313263, "fused_vs_control_max_abs": 128.0, "m": 128, "speedup_control_over_fused": 1.0171269926735567}
FUSED_AB_SUMMARY {"control_geometric_mean_ms": 0.3582240045070648, "fused_geometric_mean_ms": 0.3521920144557953, "m_values": [128], "speedup_control_over_fused": 1.0171269926735567}
SWEEP_STATUS blocks=1 unroll=16 status=0
SWEEP_CONFIG blocks=2 unroll=4 port=29703
W0903 06:44:49.810000 283016 torch/distributed/run.py:851] 
W0903 06:44:49.810000 283016 torch/distributed/run.py:851] *****************************************
W0903 06:44:49.810000 283016 torch/distributed/run.py:851] Setting OMP_NUM_THREADS environment variable for each process to be 1 in default, to avoid your system being overloaded, please further tune the variable for optimal performance in your application as needed. 
W0903 06:44:49.810000 283016 torch/distributed/run.py:851] *****************************************
FUSED_AB_ENV {"benchmark": "same-process fused-k6-push versus stock CARv2", "candidate": "multicast_pull", "gpu": "NVIDIA H20-3e", "l2_policy": "cold; separate 256MiB clear immediately before every graph replay, clear excluded from CUDA events", "m_values": [128], "outer": 4, "pair_order": "fused/control then control/fused by batch", "pull_blocks": 2, "pull_unroll": 4, "replays_per_outer_per_impl": 100, "route_pattern": "random", "same_communicator": true, "same_weights_and_inputs": true, "sm_count": 78, "world_size": 4}
FUSED_AB_RESULT {"cold_samples_per_impl": 400, "control_batch_medians_ms_max_rank": [0.3539679944515228, 0.34033599495887756, 0.3628320097923279, 0.35491199791431427], "control_correctness": {"allreduce_ok": true, "cosine_min_rank": 0.9999956088584286, "finite_all_ranks": true, "max_abs_max_rank": 1024.0, "max_abs_over_ref_max_rank": 0.005714285714285714, "rel_l2_max_rank": 0.002963504140733186}, "control_latency_ms_max": 0.4289279878139496, "control_latency_ms_median": 0.3548160046339035, "control_latency_ms_min": 0.33721598982810974, "fused_batch_medians_ms_max_rank": [0.3247680068016052, 0.3526720106601715, 0.3513279855251312, 0.3577120006084442], "fused_correctness": {"allreduce_ok": true, "cosine_min_rank": 0.9999956088457738, "finite_all_ranks": true, "max_abs_max_rank": 1024.0, "max_abs_over_ref_max_rank": 0.005714285714285714, "rel_l2_max_rank": 0.002963508425904985}, "fused_latency_ms_max": 0.41785600781440735, "fused_latency_ms_median": 0.3516800105571747, "fused_latency_ms_min": 0.3230080008506775, "fused_vs_control_max_abs": 128.0, "m": 128, "speedup_control_over_fused": 1.0089171803417556}
FUSED_AB_SUMMARY {"control_geometric_mean_ms": 0.3548160046339035, "fused_geometric_mean_ms": 0.3516800105571747, "m_values": [128], "speedup_control_over_fused": 1.0089171803417556}
SWEEP_STATUS blocks=2 unroll=4 status=0
SWEEP_CONFIG blocks=2 unroll=8 port=29704
W0903 06:45:08.001000 283281 torch/distributed/run.py:851] 
W0903 06:45:08.001000 283281 torch/distributed/run.py:851] *****************************************
W0903 06:45:08.001000 283281 torch/distributed/run.py:851] Setting OMP_NUM_THREADS environment variable for each process to be 1 in default, to avoid your system being overloaded, please further tune the variable for optimal performance in your application as needed. 
W0903 06:45:08.001000 283281 torch/distributed/run.py:851] *****************************************
FUSED_AB_ENV {"benchmark": "same-process fused-k6-push versus stock CARv2", "candidate": "multicast_pull", "gpu": "NVIDIA H20-3e", "l2_policy": "cold; separate 256MiB clear immediately before every graph replay, clear excluded from CUDA events", "m_values": [128], "outer": 4, "pair_order": "fused/control then control/fused by batch", "pull_blocks": 2, "pull_unroll": 8, "replays_per_outer_per_impl": 100, "route_pattern": "random", "same_communicator": true, "same_weights_and_inputs": true, "sm_count": 78, "world_size": 4}
FUSED_AB_RESULT {"cold_samples_per_impl": 400, "control_batch_medians_ms_max_rank": [0.3575199991464615, 0.35624000430107117, 0.3540160059928894, 0.3470879942178726], "control_correctness": {"allreduce_ok": true, "cosine_min_rank": 0.9999956088584286, "finite_all_ranks": true, "max_abs_max_rank": 1024.0, "max_abs_over_ref_max_rank": 0.005714285714285714, "rel_l2_max_rank": 0.002963504140733186}, "control_latency_ms_max": 0.44047999382019043, "control_latency_ms_median": 0.35361599922180176, "control_latency_ms_min": 0.3343999981880188, "fused_batch_medians_ms_max_rank": [0.32449600100517273, 0.3609920144081116, 0.36080001294612885, 0.37404799461364746], "fused_correctness": {"allreduce_ok": true, "cosine_min_rank": 0.9999956088457738, "finite_all_ranks": true, "max_abs_max_rank": 1024.0, "max_abs_over_ref_max_rank": 0.005714285714285714, "rel_l2_max_rank": 0.002963508425904985}, "fused_latency_ms_max": 0.38521599769592285, "fused_latency_ms_median": 0.3608800023794174, "fused_latency_ms_min": 0.3222079873085022, "fused_vs_control_max_abs": 128.0, "m": 128, "speedup_control_over_fused": 0.9798714167875157}
FUSED_AB_SUMMARY {"control_geometric_mean_ms": 0.35361599922180176, "fused_geometric_mean_ms": 0.36088000237941736, "m_values": [128], "speedup_control_over_fused": 0.9798714167875158}
SWEEP_STATUS blocks=2 unroll=8 status=0
SWEEP_CONFIG blocks=2 unroll=16 port=29705
W0903 06:45:25.619000 283546 torch/distributed/run.py:851] 
W0903 06:45:25.619000 283546 torch/distributed/run.py:851] *****************************************
W0903 06:45:25.619000 283546 torch/distributed/run.py:851] Setting OMP_NUM_THREADS environment variable for each process to be 1 in default, to avoid your system being overloaded, please further tune the variable for optimal performance in your application as needed. 
W0903 06:45:25.619000 283546 torch/distributed/run.py:851] *****************************************
FUSED_AB_ENV {"benchmark": "same-process fused-k6-push versus stock CARv2", "candidate": "multicast_pull", "gpu": "NVIDIA H20-3e", "l2_policy": "cold; separate 256MiB clear immediately before every graph replay, clear excluded from CUDA events", "m_values": [128], "outer": 4, "pair_order": "fused/control then control/fused by batch", "pull_blocks": 2, "pull_unroll": 16, "replays_per_outer_per_impl": 100, "route_pattern": "random", "same_communicator": true, "same_weights_and_inputs": true, "sm_count": 78, "world_size": 4}
FUSED_AB_RESULT {"cold_samples_per_impl": 400, "control_batch_medians_ms_max_rank": [0.3556320071220398, 0.36104001104831696, 0.34086400270462036, 0.3601759970188141], "control_correctness": {"allreduce_ok": true, "cosine_min_rank": 0.9999956088584286, "finite_all_ranks": true, "max_abs_max_rank": 1024.0, "max_abs_over_ref_max_rank": 0.005714285714285714, "rel_l2_max_rank": 0.002963504140733186}, "control_latency_ms_max": 0.39417600631713867, "control_latency_ms_median": 0.3553439974784851, "control_latency_ms_min": 0.332832008600235, "fused_batch_medians_ms_max_rank": [0.32572801411151886, 0.36111998558044434, 0.3487839996814728, 0.3749759942293167], "fused_correctness": {"allreduce_ok": true, "cosine_min_rank": 0.9999956088457738, "finite_all_ranks": true, "max_abs_max_rank": 1024.0, "max_abs_over_ref_max_rank": 0.005714285714285714, "rel_l2_max_rank": 0.002963508425904985}, "fused_latency_ms_max": 0.3930239975452423, "fused_latency_ms_median": 0.3572799861431122, "fused_latency_ms_min": 0.32284799218177795, "fused_vs_control_max_abs": 128.0, "m": 128, "speedup_control_over_fused": 0.9945813123048779}
FUSED_AB_SUMMARY {"control_geometric_mean_ms": 0.3553439974784851, "fused_geometric_mean_ms": 0.3572799861431122, "m_values": [128], "speedup_control_over_fused": 0.9945813123048779}
SWEEP_STATUS blocks=2 unroll=16 status=0
SWEEP_CONFIG blocks=4 unroll=4 port=29706
W0903 06:45:42.903000 283811 torch/distributed/run.py:851] 
W0903 06:45:42.903000 283811 torch/distributed/run.py:851] *****************************************
W0903 06:45:42.903000 283811 torch/distributed/run.py:851] Setting OMP_NUM_THREADS environment variable for each process to be 1 in default, to avoid your system being overloaded, please further tune the variable for optimal performance in your application as needed. 
W0903 06:45:42.903000 283811 torch/distributed/run.py:851] *****************************************
FUSED_AB_ENV {"benchmark": "same-process fused-k6-push versus stock CARv2", "candidate": "multicast_pull", "gpu": "NVIDIA H20-3e", "l2_policy": "cold; separate 256MiB clear immediately before every graph replay, clear excluded from CUDA events", "m_values": [128], "outer": 4, "pair_order": "fused/control then control/fused by batch", "pull_blocks": 4, "pull_unroll": 4, "replays_per_outer_per_impl": 100, "route_pattern": "random", "same_communicator": true, "same_weights_and_inputs": true, "sm_count": 78, "world_size": 4}
FUSED_AB_RESULT {"cold_samples_per_impl": 400, "control_batch_medians_ms_max_rank": [0.35227200388908386, 0.35359999537467957, 0.3680479973554611, 0.3452640026807785], "control_correctness": {"allreduce_ok": true, "cosine_min_rank": 0.9999956088584286, "finite_all_ranks": true, "max_abs_max_rank": 1024.0, "max_abs_over_ref_max_rank": 0.005714285714285714, "rel_l2_max_rank": 0.002963504140733186}, "control_latency_ms_max": 0.4374080002307892, "control_latency_ms_median": 0.35343998670578003, "control_latency_ms_min": 0.3336000144481659, "fused_batch_medians_ms_max_rank": [0.32328000664711, 0.35577599704265594, 0.3572160005569458, 0.3632960021495819], "fused_correctness": {"allreduce_ok": true, "cosine_min_rank": 0.9999956088457738, "finite_all_ranks": true, "max_abs_max_rank": 1024.0, "max_abs_over_ref_max_rank": 0.005714285714285714, "rel_l2_max_rank": 0.002963508425904985}, "fused_latency_ms_max": 0.42048001289367676, "fused_latency_ms_median": 0.35654398798942566, "fused_latency_ms_min": 0.32124799489974976, "fused_vs_control_max_abs": 128.0, "m": 128, "speedup_control_over_fused": 0.9912941982246025}
FUSED_AB_SUMMARY {"control_geometric_mean_ms": 0.35343998670578003, "fused_geometric_mean_ms": 0.35654398798942566, "m_values": [128], "speedup_control_over_fused": 0.9912941982246025}
SWEEP_STATUS blocks=4 unroll=4 status=0
SWEEP_CONFIG blocks=4 unroll=8 port=29707
W0903 06:46:00.761000 284076 torch/distributed/run.py:851] 
W0903 06:46:00.761000 284076 torch/distributed/run.py:851] *****************************************
W0903 06:46:00.761000 284076 torch/distributed/run.py:851] Setting OMP_NUM_THREADS environment variable for each process to be 1 in default, to avoid your system being overloaded, please further tune the variable for optimal performance in your application as needed. 
W0903 06:46:00.761000 284076 torch/distributed/run.py:851] *****************************************
FUSED_AB_ENV {"benchmark": "same-process fused-k6-push versus stock CARv2", "candidate": "multicast_pull", "gpu": "NVIDIA H20-3e", "l2_policy": "cold; separate 256MiB clear immediately before every graph replay, clear excluded from CUDA events", "m_values": [128], "outer": 4, "pair_order": "fused/control then control/fused by batch", "pull_blocks": 4, "pull_unroll": 8, "replays_per_outer_per_impl": 100, "route_pattern": "random", "same_communicator": true, "same_weights_and_inputs": true, "sm_count": 78, "world_size": 4}
FUSED_AB_RESULT {"cold_samples_per_impl": 400, "control_batch_medians_ms_max_rank": [0.349263995885849, 0.34483200311660767, 0.35976000130176544, 0.35259199142456055], "control_correctness": {"allreduce_ok": true, "cosine_min_rank": 0.9999956088584286, "finite_all_ranks": true, "max_abs_max_rank": 1024.0, "max_abs_over_ref_max_rank": 0.005714285714285714, "rel_l2_max_rank": 0.002963504140733186}, "control_latency_ms_max": 0.3718720078468323, "control_latency_ms_median": 0.3524800091981888, "control_latency_ms_min": 0.3343999981880188, "fused_batch_medians_ms_max_rank": [0.32430399954319, 0.3683199882507324, 0.3561599999666214, 0.35049599409103394], "fused_correctness": {"allreduce_ok": true, "cosine_min_rank": 0.9999956088457738, "finite_all_ranks": true, "max_abs_max_rank": 1024.0, "max_abs_over_ref_max_rank": 0.005714285714285714, "rel_l2_max_rank": 0.002963508425904985}, "fused_latency_ms_max": 0.39552000164985657, "fused_latency_ms_median": 0.35016000270843506, "fused_latency_ms_min": 0.32185599207878113, "fused_vs_control_max_abs": 128.0, "m": 128, "speedup_control_over_fused": 1.0066255610915262}
FUSED_AB_SUMMARY {"control_geometric_mean_ms": 0.35248000919818884, "fused_geometric_mean_ms": 0.350160002708435, "m_values": [128], "speedup_control_over_fused": 1.0066255610915265}
SWEEP_STATUS blocks=4 unroll=8 status=0
SWEEP_CONFIG blocks=4 unroll=16 port=29708
W0903 06:46:18.334000 284341 torch/distributed/run.py:851] 
W0903 06:46:18.334000 284341 torch/distributed/run.py:851] *****************************************
W0903 06:46:18.334000 284341 torch/distributed/run.py:851] Setting OMP_NUM_THREADS environment variable for each process to be 1 in default, to avoid your system being overloaded, please further tune the variable for optimal performance in your application as needed. 
W0903 06:46:18.334000 284341 torch/distributed/run.py:851] *****************************************
FUSED_AB_ENV {"benchmark": "same-process fused-k6-push versus stock CARv2", "candidate": "multicast_pull", "gpu": "NVIDIA H20-3e", "l2_policy": "cold; separate 256MiB clear immediately before every graph replay, clear excluded from CUDA events", "m_values": [128], "outer": 4, "pair_order": "fused/control then control/fused by batch", "pull_blocks": 4, "pull_unroll": 16, "replays_per_outer_per_impl": 100, "route_pattern": "random", "same_communicator": true, "same_weights_and_inputs": true, "sm_count": 78, "world_size": 4}
FUSED_AB_RESULT {"cold_samples_per_impl": 400, "control_batch_medians_ms_max_rank": [0.36239999532699585, 0.35520000755786896, 0.3360000103712082, 0.35812799632549286], "control_correctness": {"allreduce_ok": true, "cosine_min_rank": 0.9999956088584286, "finite_all_ranks": true, "max_abs_max_rank": 1024.0, "max_abs_over_ref_max_rank": 0.005714285714285714, "rel_l2_max_rank": 0.002963504140733186}, "control_latency_ms_max": 0.377920001745224, "control_latency_ms_median": 0.35766400396823883, "control_latency_ms_min": 0.3330239951610565, "fused_batch_medians_ms_max_rank": [0.3232640027999878, 0.3749440014362335, 0.3461280018091202, 0.34464000165462494], "fused_correctness": {"allreduce_ok": true, "cosine_min_rank": 0.9999956088457738, "finite_all_ranks": true, "max_abs_max_rank": 1024.0, "max_abs_over_ref_max_rank": 0.005714285714285714, "rel_l2_max_rank": 0.002963508425904985}, "fused_latency_ms_max": 0.40544000267982483, "fused_latency_ms_median": 0.3447839915752411, "fused_latency_ms_min": 0.32124799489974976, "fused_vs_control_max_abs": 128.0, "m": 128, "speedup_control_over_fused": 1.0373567587466919}
FUSED_AB_SUMMARY {"control_geometric_mean_ms": 0.35766400396823883, "fused_geometric_mean_ms": 0.3447839915752411, "m_values": [128], "speedup_control_over_fused": 1.0373567587466919}
SWEEP_STATUS blocks=4 unroll=16 status=0
SWEEP_CONFIG blocks=8 unroll=4 port=29709
W0903 06:46:35.695000 284609 torch/distributed/run.py:851] 
W0903 06:46:35.695000 284609 torch/distributed/run.py:851] *****************************************
W0903 06:46:35.695000 284609 torch/distributed/run.py:851] Setting OMP_NUM_THREADS environment variable for each process to be 1 in default, to avoid your system being overloaded, please further tune the variable for optimal performance in your application as needed. 
W0903 06:46:35.695000 284609 torch/distributed/run.py:851] *****************************************
FUSED_AB_ENV {"benchmark": "same-process fused-k6-push versus stock CARv2", "candidate": "multicast_pull", "gpu": "NVIDIA H20-3e", "l2_policy": "cold; separate 256MiB clear immediately before every graph replay, clear excluded from CUDA events", "m_values": [128], "outer": 4, "pair_order": "fused/control then control/fused by batch", "pull_blocks": 8, "pull_unroll": 4, "replays_per_outer_per_impl": 100, "route_pattern": "random", "same_communicator": true, "same_weights_and_inputs": true, "sm_count": 78, "world_size": 4}
FUSED_AB_RESULT {"cold_samples_per_impl": 400, "control_batch_medians_ms_max_rank": [0.3554240018129349, 0.35174399614334106, 0.38161601126194, 0.3540319949388504], "control_correctness": {"allreduce_ok": true, "cosine_min_rank": 0.9999956088584286, "finite_all_ranks": true, "max_abs_max_rank": 1024.0, "max_abs_over_ref_max_rank": 0.005714285714285714, "rel_l2_max_rank": 0.002963504140733186}, "control_latency_ms_max": 0.4074240028858185, "control_latency_ms_median": 0.3574879914522171, "control_latency_ms_min": 0.3333120048046112, "fused_batch_medians_ms_max_rank": [0.324319988489151, 0.3500320017337799, 0.3500159978866577, 0.39321599900722504], "fused_correctness": {"allreduce_ok": true, "cosine_min_rank": 0.9999956088457738, "finite_all_ranks": true, "max_abs_max_rank": 1024.0, "max_abs_over_ref_max_rank": 0.005714285714285714, "rel_l2_max_rank": 0.002963508425904985}, "fused_latency_ms_max": 0.40591999888420105, "fused_latency_ms_median": 0.3500159978866577, "fused_latency_ms_min": 0.32150399684906006, "fused_vs_control_max_abs": 128.0, "m": 128, "speedup_control_over_fused": 1.0213475772841074}
FUSED_AB_SUMMARY {"control_geometric_mean_ms": 0.3574879914522171, "fused_geometric_mean_ms": 0.3500159978866577, "m_values": [128], "speedup_control_over_fused": 1.0213475772841074}
SWEEP_STATUS blocks=8 unroll=4 status=0
SWEEP_CONFIG blocks=8 unroll=8 port=29710
W0903 06:46:53.015000 284877 torch/distributed/run.py:851] 
W0903 06:46:53.015000 284877 torch/distributed/run.py:851] *****************************************
W0903 06:46:53.015000 284877 torch/distributed/run.py:851] Setting OMP_NUM_THREADS environment variable for each process to be 1 in default, to avoid your system being overloaded, please further tune the variable for optimal performance in your application as needed. 
W0903 06:46:53.015000 284877 torch/distributed/run.py:851] *****************************************
FUSED_AB_ENV {"benchmark": "same-process fused-k6-push versus stock CARv2", "candidate": "multicast_pull", "gpu": "NVIDIA H20-3e", "l2_policy": "cold; separate 256MiB clear immediately before every graph replay, clear excluded from CUDA events", "m_values": [128], "outer": 4, "pair_order": "fused/control then control/fused by batch", "pull_blocks": 8, "pull_unroll": 8, "replays_per_outer_per_impl": 100, "route_pattern": "random", "same_communicator": true, "same_weights_and_inputs": true, "sm_count": 78, "world_size": 4}
FUSED_AB_RESULT {"cold_samples_per_impl": 400, "control_batch_medians_ms_max_rank": [0.37860800325870514, 0.3571680039167404, 0.3641439974308014, 0.35763199627399445], "control_correctness": {"allreduce_ok": true, "cosine_min_rank": 0.9999956088584286, "finite_all_ranks": true, "max_abs_max_rank": 1024.0, "max_abs_over_ref_max_rank": 0.005714285714285714, "rel_l2_max_rank": 0.002963504140733186}, "control_latency_ms_max": 0.39420801401138306, "control_latency_ms_median": 0.3585279881954193, "control_latency_ms_min": 0.3452160060405731, "fused_batch_medians_ms_max_rank": [0.32339200377464294, 0.35734400153160095, 0.3521279990673065, 0.3619360029697418], "fused_correctness": {"allreduce_ok": true, "cosine_min_rank": 0.9999956088457738, "finite_all_ranks": true, "max_abs_max_rank": 1024.0, "max_abs_over_ref_max_rank": 0.005714285714285714, "rel_l2_max_rank": 0.002963508425904985}, "fused_latency_ms_max": 0.3956800103187561, "fused_latency_ms_median": 0.3521279990673065, "fused_latency_ms_min": 0.3208639919757843, "fused_vs_control_max_abs": 128.0, "m": 128, "speedup_control_over_fused": 1.018175178188229}
FUSED_AB_SUMMARY {"control_geometric_mean_ms": 0.3585279881954193, "fused_geometric_mean_ms": 0.3521279990673065, "m_values": [128], "speedup_control_over_fused": 1.018175178188229}
SWEEP_STATUS blocks=8 unroll=8 status=0
SWEEP_CONFIG blocks=8 unroll=16 port=29711
W0903 06:47:10.709000 285145 torch/distributed/run.py:851] 
W0903 06:47:10.709000 285145 torch/distributed/run.py:851] *****************************************
W0903 06:47:10.709000 285145 torch/distributed/run.py:851] Setting OMP_NUM_THREADS environment variable for each process to be 1 in default, to avoid your system being overloaded, please further tune the variable for optimal performance in your application as needed. 
W0903 06:47:10.709000 285145 torch/distributed/run.py:851] *****************************************
FUSED_AB_ENV {"benchmark": "same-process fused-k6-push versus stock CARv2", "candidate": "multicast_pull", "gpu": "NVIDIA H20-3e", "l2_policy": "cold; separate 256MiB clear immediately before every graph replay, clear excluded from CUDA events", "m_values": [128], "outer": 4, "pair_order": "fused/control then control/fused by batch", "pull_blocks": 8, "pull_unroll": 16, "replays_per_outer_per_impl": 100, "route_pattern": "random", "same_communicator": true, "same_weights_and_inputs": true, "sm_count": 78, "world_size": 4}
FUSED_AB_RESULT {"cold_samples_per_impl": 400, "control_batch_medians_ms_max_rank": [0.3431520015001297, 0.3479360044002533, 0.357807993888855, 0.34644800424575806], "control_correctness": {"allreduce_ok": true, "cosine_min_rank": 0.9999956088584286, "finite_all_ranks": true, "max_abs_max_rank": 1024.0, "max_abs_over_ref_max_rank": 0.005714285714285714, "rel_l2_max_rank": 0.002963504140733186}, "control_latency_ms_max": 0.43718400597572327, "control_latency_ms_median": 0.35121600329875946, "control_latency_ms_min": 0.33398398756980896, "fused_batch_medians_ms_max_rank": [0.3237279951572418, 0.3749600052833557, 0.36744000017642975, 0.3829759955406189], "fused_correctness": {"allreduce_ok": true, "cosine_min_rank": 0.9999956088457738, "finite_all_ranks": true, "max_abs_max_rank": 1024.0, "max_abs_over_ref_max_rank": 0.005714285714285714, "rel_l2_max_rank": 0.002963508425904985}, "fused_latency_ms_max": 0.4329279959201813, "fused_latency_ms_median": 0.3662559986114502, "fused_latency_ms_min": 0.32201600074768066, "fused_vs_control_max_abs": 128.0, "m": 128, "speedup_control_over_fused": 0.9589358389495043}
FUSED_AB_SUMMARY {"control_geometric_mean_ms": 0.35121600329875946, "fused_geometric_mean_ms": 0.3662559986114502, "m_values": [128], "speedup_control_over_fused": 0.9589358389495043}
SWEEP_STATUS blocks=8 unroll=16 status=0
SWEEP_CONFIG blocks=16 unroll=4 port=29712
W0903 06:47:28.747000 285410 torch/distributed/run.py:851] 
W0903 06:47:28.747000 285410 torch/distributed/run.py:851] *****************************************
W0903 06:47:28.747000 285410 torch/distributed/run.py:851] Setting OMP_NUM_THREADS environment variable for each process to be 1 in default, to avoid your system being overloaded, please further tune the variable for optimal performance in your application as needed. 
W0903 06:47:28.747000 285410 torch/distributed/run.py:851] *****************************************
FUSED_AB_ENV {"benchmark": "same-process fused-k6-push versus stock CARv2", "candidate": "multicast_pull", "gpu": "NVIDIA H20-3e", "l2_policy": "cold; separate 256MiB clear immediately before every graph replay, clear excluded from CUDA events", "m_values": [128], "outer": 4, "pair_order": "fused/control then control/fused by batch", "pull_blocks": 16, "pull_unroll": 4, "replays_per_outer_per_impl": 100, "route_pattern": "random", "same_communicator": true, "same_weights_and_inputs": true, "sm_count": 78, "world_size": 4}
FUSED_AB_RESULT {"cold_samples_per_impl": 400, "control_batch_medians_ms_max_rank": [0.3612480014562607, 0.3617280125617981, 0.3609919995069504, 0.3389440029859543], "control_correctness": {"allreduce_ok": true, "cosine_min_rank": 0.9999956088584286, "finite_all_ranks": true, "max_abs_max_rank": 1024.0, "max_abs_over_ref_max_rank": 0.005714285714285714, "rel_l2_max_rank": 0.002963504140733186}, "control_latency_ms_max": 0.40358400344848633, "control_latency_ms_median": 0.35977599024772644, "control_latency_ms_min": 0.33215999603271484, "fused_batch_medians_ms_max_rank": [0.3235520124435425, 0.3530240058898926, 0.3473600000143051, 0.3519199937582016], "fused_correctness": {"allreduce_ok": true, "cosine_min_rank": 0.9999956088457738, "finite_all_ranks": true, "max_abs_max_rank": 1024.0, "max_abs_over_ref_max_rank": 0.005714285714285714, "rel_l2_max_rank": 0.002963508425904985}, "fused_latency_ms_max": 0.39689600467681885, "fused_latency_ms_median": 0.348128005862236, "fused_latency_ms_min": 0.3214719891548157, "fused_vs_control_max_abs": 128.0, "m": 128, "speedup_control_over_fused": 1.0334589122085738}
FUSED_AB_SUMMARY {"control_geometric_mean_ms": 0.3597759902477264, "fused_geometric_mean_ms": 0.34812800586223597, "m_values": [128], "speedup_control_over_fused": 1.0334589122085738}
SWEEP_STATUS blocks=16 unroll=4 status=0
SWEEP_CONFIG blocks=16 unroll=8 port=29713
W0903 06:47:46.598000 285681 torch/distributed/run.py:851] 
W0903 06:47:46.598000 285681 torch/distributed/run.py:851] *****************************************
W0903 06:47:46.598000 285681 torch/distributed/run.py:851] Setting OMP_NUM_THREADS environment variable for each process to be 1 in default, to avoid your system being overloaded, please further tune the variable for optimal performance in your application as needed. 
W0903 06:47:46.598000 285681 torch/distributed/run.py:851] *****************************************
FUSED_AB_ENV {"benchmark": "same-process fused-k6-push versus stock CARv2", "candidate": "multicast_pull", "gpu": "NVIDIA H20-3e", "l2_policy": "cold; separate 256MiB clear immediately before every graph replay, clear excluded from CUDA events", "m_values": [128], "outer": 4, "pair_order": "fused/control then control/fused by batch", "pull_blocks": 16, "pull_unroll": 8, "replays_per_outer_per_impl": 100, "route_pattern": "random", "same_communicator": true, "same_weights_and_inputs": true, "sm_count": 78, "world_size": 4}
FUSED_AB_RESULT {"cold_samples_per_impl": 400, "control_batch_medians_ms_max_rank": [0.3540960103273392, 0.3522399961948395, 0.3524480015039444, 0.34278400242328644], "control_correctness": {"allreduce_ok": true, "cosine_min_rank": 0.9999956088584286, "finite_all_ranks": true, "max_abs_max_rank": 1024.0, "max_abs_over_ref_max_rank": 0.005714285714285714, "rel_l2_max_rank": 0.002963504140733186}, "control_latency_ms_max": 0.39852800965309143, "control_latency_ms_median": 0.3493279963731766, "control_latency_ms_min": 0.3365119993686676, "fused_batch_medians_ms_max_rank": [0.32414400577545166, 0.3503679931163788, 0.34705600142478943, 0.3643680065870285], "fused_correctness": {"allreduce_ok": true, "cosine_min_rank": 0.9999956088457738, "finite_all_ranks": true, "max_abs_max_rank": 1024.0, "max_abs_over_ref_max_rank": 0.005714285714285714, "rel_l2_max_rank": 0.002963508425904985}, "fused_latency_ms_max": 0.3800959885120392, "fused_latency_ms_median": 0.3473439961671829, "fused_latency_ms_min": 0.3222079873085022, "fused_vs_control_max_abs": 128.0, "m": 128, "speedup_control_over_fused": 1.0057119173726519}
FUSED_AB_SUMMARY {"control_geometric_mean_ms": 0.3493279963731766, "fused_geometric_mean_ms": 0.3473439961671829, "m_values": [128], "speedup_control_over_fused": 1.0057119173726519}
SWEEP_STATUS blocks=16 unroll=8 status=0
SWEEP_CONFIG blocks=16 unroll=16 port=29714
W0903 06:48:04.560000 285949 torch/distributed/run.py:851] 
W0903 06:48:04.560000 285949 torch/distributed/run.py:851] *****************************************
W0903 06:48:04.560000 285949 torch/distributed/run.py:851] Setting OMP_NUM_THREADS environment variable for each process to be 1 in default, to avoid your system being overloaded, please further tune the variable for optimal performance in your application as needed. 
W0903 06:48:04.560000 285949 torch/distributed/run.py:851] *****************************************
FUSED_AB_ENV {"benchmark": "same-process fused-k6-push versus stock CARv2", "candidate": "multicast_pull", "gpu": "NVIDIA H20-3e", "l2_policy": "cold; separate 256MiB clear immediately before every graph replay, clear excluded from CUDA events", "m_values": [128], "outer": 4, "pair_order": "fused/control then control/fused by batch", "pull_blocks": 16, "pull_unroll": 16, "replays_per_outer_per_impl": 100, "route_pattern": "random", "same_communicator": true, "same_weights_and_inputs": true, "sm_count": 78, "world_size": 4}
FUSED_AB_RESULT {"cold_samples_per_impl": 400, "control_batch_medians_ms_max_rank": [0.36100800335407257, 0.35022400319576263, 0.36878401041030884, 0.3410719931125641], "control_correctness": {"allreduce_ok": true, "cosine_min_rank": 0.9999956088584286, "finite_all_ranks": true, "max_abs_max_rank": 1024.0, "max_abs_over_ref_max_rank": 0.005714285714285714, "rel_l2_max_rank": 0.002963504140733186}, "control_latency_ms_max": 0.42127999663352966, "control_latency_ms_median": 0.3588799983263016, "control_latency_ms_min": 0.33228799700737, "fused_batch_medians_ms_max_rank": [0.3238240033388138, 0.3587360084056854, 0.3532319962978363, 0.38281600177288055], "fused_correctness": {"allreduce_ok": true, "cosine_min_rank": 0.9999956088457738, "finite_all_ranks": true, "max_abs_max_rank": 1024.0, "max_abs_over_ref_max_rank": 0.005714285714285714, "rel_l2_max_rank": 0.002963508425904985}, "fused_latency_ms_max": 0.39260798692703247, "fused_latency_ms_median": 0.3562079966068268, "fused_latency_ms_min": 0.3215999901294708, "fused_vs_control_max_abs": 128.0, "m": 128, "speedup_control_over_fused": 1.0075012401319672}
FUSED_AB_SUMMARY {"control_geometric_mean_ms": 0.35887999832630163, "fused_geometric_mean_ms": 0.3562079966068268, "m_values": [128], "speedup_control_over_fused": 1.0075012401319674}
SWEEP_STATUS blocks=16 unroll=16 status=0
BENCH_EXIT_STATUS=0
