TP4_M=8
W0906 08:56:46.700000 241254 /lustre/raplab/client/xutingz/workspace/miniforge3/lib/python3.12/site-packages/torch/distributed/run.py:851] 
W0906 08:56:46.700000 241254 /lustre/raplab/client/xutingz/workspace/miniforge3/lib/python3.12/site-packages/torch/distributed/run.py:851] *****************************************
W0906 08:56:46.700000 241254 /lustre/raplab/client/xutingz/workspace/miniforge3/lib/python3.12/site-packages/torch/distributed/run.py:851] Setting OMP_NUM_THREADS environment variable for each process to be 1 in default, to avoid your system being overloaded, please further tune the variable for optimal performance in your application as needed. 
W0906 08:56:46.700000 241254 /lustre/raplab/client/xutingz/workspace/miniforge3/lib/python3.12/site-packages/torch/distributed/run.py:851] *****************************************
/home/xutingz/workspace/miniforge3/lib/python3.12/site-packages/requests/__init__.py:113: RequestsDependencyWarning: urllib3 (2.3.0) or chardet (7.4.3)/charset_normalizer (3.4.1) doesn't match a supported version!
  warnings.warn(
/home/xutingz/workspace/miniforge3/lib/python3.12/site-packages/requests/__init__.py:113: RequestsDependencyWarning: urllib3 (2.3.0) or chardet (7.4.3)/charset_normalizer (3.4.1) doesn't match a supported version!
  warnings.warn(
/home/xutingz/workspace/miniforge3/lib/python3.12/site-packages/requests/__init__.py:113: RequestsDependencyWarning: urllib3 (2.3.0) or chardet (7.4.3)/charset_normalizer (3.4.1) doesn't match a supported version!
  warnings.warn(
/home/xutingz/workspace/miniforge3/lib/python3.12/site-packages/requests/__init__.py:113: RequestsDependencyWarning: urllib3 (2.3.0) or chardet (7.4.3)/charset_normalizer (3.4.1) doesn't match a supported version!
  warnings.warn(
PAIRED_W2_STORE_RESULT {"candidate": {"batch_medians_ms": [0.07513599842786789, 0.07507199794054031, 0.07516799867153168, 0.07531199976801872, 0.07550400123000145], "flag_value": 1, "max_ms": 0.07763200253248215, "median_ms": 0.07516799867153168, "min_ms": 0.07331199944019318}, "compare_flag": "V4_SINGLE_LAUNCH_W2_F16_WGMMA_ACCUM", "control": {"batch_medians_ms": [0.0753600001335144, 0.07526399940252304, 0.07527999952435493, 0.07519999891519547, 0.07540800049901009], "flag_value": 0, "max_ms": 0.5696640014648438, "median_ms": 0.07531199976801872, "min_ms": 0.07391999661922455}, "control_over_candidate": 1.0019157234332698, "cross_implementation": {"cosine_min_rank": 0.9999977350234985, "finite_all_ranks": true, "max_abs_max_rank": 512.0, "rel_l2_max_rank": 0.0021959817968308926}, "exact_all_ranks": false, "l2_policy": "cold; separate 256MiB clear immediately before every graph replay; clear excluded from events", "m": 8, "order_policy": "per-sample alternating A/B then B/A", "route_pattern": "random", "samples_per_variant": 150, "topology_settings": null, "world_size": 4}
TP4_M=16
W0906 08:57:43.913000 241557 /lustre/raplab/client/xutingz/workspace/miniforge3/lib/python3.12/site-packages/torch/distributed/run.py:851] 
W0906 08:57:43.913000 241557 /lustre/raplab/client/xutingz/workspace/miniforge3/lib/python3.12/site-packages/torch/distributed/run.py:851] *****************************************
W0906 08:57:43.913000 241557 /lustre/raplab/client/xutingz/workspace/miniforge3/lib/python3.12/site-packages/torch/distributed/run.py:851] Setting OMP_NUM_THREADS environment variable for each process to be 1 in default, to avoid your system being overloaded, please further tune the variable for optimal performance in your application as needed. 
W0906 08:57:43.913000 241557 /lustre/raplab/client/xutingz/workspace/miniforge3/lib/python3.12/site-packages/torch/distributed/run.py:851] *****************************************
/home/xutingz/workspace/miniforge3/lib/python3.12/site-packages/requests/__init__.py:113: RequestsDependencyWarning: urllib3 (2.3.0) or chardet (7.4.3)/charset_normalizer (3.4.1) doesn't match a supported version!
  warnings.warn(
/home/xutingz/workspace/miniforge3/lib/python3.12/site-packages/requests/__init__.py:113: RequestsDependencyWarning: urllib3 (2.3.0) or chardet (7.4.3)/charset_normalizer (3.4.1) doesn't match a supported version!
  warnings.warn(
/home/xutingz/workspace/miniforge3/lib/python3.12/site-packages/requests/__init__.py:113: RequestsDependencyWarning: urllib3 (2.3.0) or chardet (7.4.3)/charset_normalizer (3.4.1) doesn't match a supported version!
  warnings.warn(
/home/xutingz/workspace/miniforge3/lib/python3.12/site-packages/requests/__init__.py:113: RequestsDependencyWarning: urllib3 (2.3.0) or chardet (7.4.3)/charset_normalizer (3.4.1) doesn't match a supported version!
  warnings.warn(
PAIRED_W2_STORE_RESULT {"candidate": {"batch_medians_ms": [0.1226240023970604, 0.12264000251889229, 0.12311999872326851, 0.12280000001192093, 0.12273600324988365], "flag_value": 1, "max_ms": 0.12624000012874603, "median_ms": 0.12273600324988365, "min_ms": 0.12089599668979645}, "compare_flag": "V4_SINGLE_LAUNCH_W2_F16_WGMMA_ACCUM", "control": {"batch_medians_ms": [0.12327999994158745, 0.12347200140357018, 0.12376000359654427, 0.12326399981975555, 0.12385599687695503], "flag_value": 0, "max_ms": 0.2850559949874878, "median_ms": 0.12355200201272964, "min_ms": 0.12121599912643433}, "control_over_candidate": 1.006648405856794, "cross_implementation": {"cosine_min_rank": 0.9999979138374329, "finite_all_ranks": true, "max_abs_max_rank": 512.0, "rel_l2_max_rank": 0.0021502785384655}, "exact_all_ranks": false, "l2_policy": "cold; separate 256MiB clear immediately before every graph replay; clear excluded from events", "m": 16, "order_policy": "per-sample alternating A/B then B/A", "route_pattern": "random", "samples_per_variant": 150, "topology_settings": null, "world_size": 4}
TP4_M=32
W0906 08:58:41.550000 241863 /lustre/raplab/client/xutingz/workspace/miniforge3/lib/python3.12/site-packages/torch/distributed/run.py:851] 
W0906 08:58:41.550000 241863 /lustre/raplab/client/xutingz/workspace/miniforge3/lib/python3.12/site-packages/torch/distributed/run.py:851] *****************************************
W0906 08:58:41.550000 241863 /lustre/raplab/client/xutingz/workspace/miniforge3/lib/python3.12/site-packages/torch/distributed/run.py:851] Setting OMP_NUM_THREADS environment variable for each process to be 1 in default, to avoid your system being overloaded, please further tune the variable for optimal performance in your application as needed. 
W0906 08:58:41.550000 241863 /lustre/raplab/client/xutingz/workspace/miniforge3/lib/python3.12/site-packages/torch/distributed/run.py:851] *****************************************
/home/xutingz/workspace/miniforge3/lib/python3.12/site-packages/requests/__init__.py:113: RequestsDependencyWarning: urllib3 (2.3.0) or chardet (7.4.3)/charset_normalizer (3.4.1) doesn't match a supported version!
  warnings.warn(
/home/xutingz/workspace/miniforge3/lib/python3.12/site-packages/requests/__init__.py:113: RequestsDependencyWarning: urllib3 (2.3.0) or chardet (7.4.3)/charset_normalizer (3.4.1) doesn't match a supported version!
  warnings.warn(
/home/xutingz/workspace/miniforge3/lib/python3.12/site-packages/requests/__init__.py:113: RequestsDependencyWarning: urllib3 (2.3.0) or chardet (7.4.3)/charset_normalizer (3.4.1) doesn't match a supported version!
  warnings.warn(
/home/xutingz/workspace/miniforge3/lib/python3.12/site-packages/requests/__init__.py:113: RequestsDependencyWarning: urllib3 (2.3.0) or chardet (7.4.3)/charset_normalizer (3.4.1) doesn't match a supported version!
  warnings.warn(
PAIRED_W2_STORE_RESULT {"candidate": {"batch_medians_ms": [0.19759999960660934, 0.19814399629831314, 0.1974720060825348, 0.19731200486421585, 0.1976800039410591], "flag_value": 1, "max_ms": 0.2014400064945221, "median_ms": 0.19753600656986237, "min_ms": 0.19513599574565887}, "compare_flag": "V4_SINGLE_LAUNCH_W2_F16_WGMMA_ACCUM", "control": {"batch_medians_ms": [0.19860799610614777, 0.19844800233840942, 0.19862399995326996, 0.19836799800395966, 0.19817599654197693], "flag_value": 0, "max_ms": 0.7028160095214844, "median_ms": 0.19843199849128723, "min_ms": 0.19606399536132812}, "control_over_candidate": 1.0045358410194851, "cross_implementation": {"cosine_min_rank": 0.9999976754188538, "finite_all_ranks": true, "max_abs_max_rank": 512.0, "rel_l2_max_rank": 0.0021661201026290655}, "exact_all_ranks": false, "l2_policy": "cold; separate 256MiB clear immediately before every graph replay; clear excluded from events", "m": 32, "order_policy": "per-sample alternating A/B then B/A", "route_pattern": "random", "samples_per_variant": 150, "topology_settings": null, "world_size": 4}
TP4_M=64
W0906 08:59:38.797000 242155 /lustre/raplab/client/xutingz/workspace/miniforge3/lib/python3.12/site-packages/torch/distributed/run.py:851] 
W0906 08:59:38.797000 242155 /lustre/raplab/client/xutingz/workspace/miniforge3/lib/python3.12/site-packages/torch/distributed/run.py:851] *****************************************
W0906 08:59:38.797000 242155 /lustre/raplab/client/xutingz/workspace/miniforge3/lib/python3.12/site-packages/torch/distributed/run.py:851] Setting OMP_NUM_THREADS environment variable for each process to be 1 in default, to avoid your system being overloaded, please further tune the variable for optimal performance in your application as needed. 
W0906 08:59:38.797000 242155 /lustre/raplab/client/xutingz/workspace/miniforge3/lib/python3.12/site-packages/torch/distributed/run.py:851] *****************************************
/home/xutingz/workspace/miniforge3/lib/python3.12/site-packages/requests/__init__.py:113: RequestsDependencyWarning: urllib3 (2.3.0) or chardet (7.4.3)/charset_normalizer (3.4.1) doesn't match a supported version!
  warnings.warn(
/home/xutingz/workspace/miniforge3/lib/python3.12/site-packages/requests/__init__.py:113: RequestsDependencyWarning: urllib3 (2.3.0) or chardet (7.4.3)/charset_normalizer (3.4.1) doesn't match a supported version!
  warnings.warn(
/home/xutingz/workspace/miniforge3/lib/python3.12/site-packages/requests/__init__.py:113: RequestsDependencyWarning: urllib3 (2.3.0) or chardet (7.4.3)/charset_normalizer (3.4.1) doesn't match a supported version!
  warnings.warn(
/home/xutingz/workspace/miniforge3/lib/python3.12/site-packages/requests/__init__.py:113: RequestsDependencyWarning: urllib3 (2.3.0) or chardet (7.4.3)/charset_normalizer (3.4.1) doesn't match a supported version!
  warnings.warn(
PAIRED_W2_STORE_RESULT {"candidate": {"batch_medians_ms": [0.2795359939336777, 0.2803200036287308, 0.27985599637031555, 0.27984000742435455, 0.2884960025548935], "flag_value": 1, "max_ms": 0.29366400837898254, "median_ms": 0.28038400411605835, "min_ms": 0.2765119969844818}, "compare_flag": "V4_SINGLE_LAUNCH_W2_F16_WGMMA_ACCUM", "control": {"batch_medians_ms": [0.28041599690914154, 0.2812959998846054, 0.28166399896144867, 0.2820959985256195, 0.2900959998369217], "flag_value": 0, "max_ms": 0.7932479977607727, "median_ms": 0.2819199860095978, "min_ms": 0.27689599990844727}, "control_over_candidate": 1.0054781366661119, "cross_implementation": {"cosine_min_rank": 1.0000001192092896, "finite_all_ranks": true, "max_abs_max_rank": 0.0, "rel_l2_max_rank": 0.0}, "exact_all_ranks": true, "l2_policy": "cold; separate 256MiB clear immediately before every graph replay; clear excluded from events", "m": 64, "order_policy": "per-sample alternating A/B then B/A", "route_pattern": "random", "samples_per_variant": 150, "topology_settings": null, "world_size": 4}
