W0906 12:31:53.960000 264496 /lustre/raplab/client/xutingz/workspace/miniforge3/lib/python3.12/site-packages/torch/distributed/run.py:851] 
W0906 12:31:53.960000 264496 /lustre/raplab/client/xutingz/workspace/miniforge3/lib/python3.12/site-packages/torch/distributed/run.py:851] *****************************************
W0906 12:31:53.960000 264496 /lustre/raplab/client/xutingz/workspace/miniforge3/lib/python3.12/site-packages/torch/distributed/run.py:851] Setting OMP_NUM_THREADS environment variable for each process to be 1 in default, to avoid your system being overloaded, please further tune the variable for optimal performance in your application as needed. 
W0906 12:31:53.960000 264496 /lustre/raplab/client/xutingz/workspace/miniforge3/lib/python3.12/site-packages/torch/distributed/run.py:851] *****************************************
Traceback (most recent call last):
  File "/lustre/raplab/client/xutingz/fac/DeepGEMM_tp/bench/iter713_prebuilt_extension_runner.py", line 110, in <module>
    main()
  File "/lustre/raplab/client/xutingz/fac/DeepGEMM_tp/bench/iter713_prebuilt_extension_runner.py", line 94, in main
    leaf = importlib.import_module(
           ^^^^^^^^^^^^^^^^^^^^^^^^
  File "/home/xutingz/workspace/miniforge3/lib/python3.12/importlib/__init__.py", line 90, in import_module
    return _bootstrap._gcd_import(name[level:], package, level)
           ^^^^^^^^^^^^^^^^^^^^^^^^^^^^^^^^^^^^^^^^^^^^^^^^^^^^
  File "<frozen importlib._bootstrap>", line 1387, in _gcd_import
  File "<frozen importlib._bootstrap>", line 1360, in _find_and_load
  File "<frozen importlib._bootstrap>", line 1331, in _find_and_load_unlocked
  File "<frozen importlib._bootstrap>", line 935, in _load_unlocked
  File "<frozen importlib._bootstrap_external>", line 999, in exec_module
  File "<frozen importlib._bootstrap>", line 488, in _call_with_frames_removed
  File "/lustre/raplab/client/xutingz/workspace/codex_correct_forks_20260731/sglang/python/sglang/srt/layers/moe/moe_runner/triton_utils/moe_align_block_size.py", line 19, in <module>
    from sglang.kernels.ops.moe import moe_align_block_size as sgl_moe_align_block_size
ImportError: cannot import name 'moe_align_block_size' from 'sglang.kernels.ops.moe' (/lustre/raplab/client/xutingz/fac/.tpmoe_tmp/sglang/kernels/ops/moe/__init__.py)
Traceback (most recent call last):
  File "/lustre/raplab/client/xutingz/fac/DeepGEMM_tp/bench/iter713_prebuilt_extension_runner.py", line 110, in <module>
    main()
  File "/lustre/raplab/client/xutingz/fac/DeepGEMM_tp/bench/iter713_prebuilt_extension_runner.py", line 94, in main
    leaf = importlib.import_module(
           ^^^^^^^^^^^^^^^^^^^^^^^^
  File "/home/xutingz/workspace/miniforge3/lib/python3.12/importlib/__init__.py", line 90, in import_module
    return _bootstrap._gcd_import(name[level:], package, level)
           ^^^^^^^^^^^^^^^^^^^^^^^^^^^^^^^^^^^^^^^^^^^^^^^^^^^^
  File "<frozen importlib._bootstrap>", line 1387, in _gcd_import
  File "<frozen importlib._bootstrap>", line 1360, in _find_and_load
  File "<frozen importlib._bootstrap>", line 1331, in _find_and_load_unlocked
  File "<frozen importlib._bootstrap>", line 935, in _load_unlocked
  File "<frozen importlib._bootstrap_external>", line 999, in exec_module
  File "<frozen importlib._bootstrap>", line 488, in _call_with_frames_removed
  File "/lustre/raplab/client/xutingz/workspace/codex_correct_forks_20260731/sglang/python/sglang/srt/layers/moe/moe_runner/triton_utils/moe_align_block_size.py", line 19, in <module>
    from sglang.kernels.ops.moe import moe_align_block_size as sgl_moe_align_block_size
ImportError: cannot import name 'moe_align_block_size' from 'sglang.kernels.ops.moe' (/lustre/raplab/client/xutingz/fac/.tpmoe_tmp/sglang/kernels/ops/moe/__init__.py)
Traceback (most recent call last):
  File "/lustre/raplab/client/xutingz/fac/DeepGEMM_tp/bench/iter713_prebuilt_extension_runner.py", line 110, in <module>
    main()
  File "/lustre/raplab/client/xutingz/fac/DeepGEMM_tp/bench/iter713_prebuilt_extension_runner.py", line 94, in main
    leaf = importlib.import_module(
           ^^^^^^^^^^^^^^^^^^^^^^^^
  File "/home/xutingz/workspace/miniforge3/lib/python3.12/importlib/__init__.py", line 90, in import_module
    return _bootstrap._gcd_import(name[level:], package, level)
           ^^^^^^^^^^^^^^^^^^^^^^^^^^^^^^^^^^^^^^^^^^^^^^^^^^^^
  File "<frozen importlib._bootstrap>", line 1387, in _gcd_import
  File "<frozen importlib._bootstrap>", line 1360, in _find_and_load
  File "<frozen importlib._bootstrap>", line 1331, in _find_and_load_unlocked
  File "<frozen importlib._bootstrap>", line 935, in _load_unlocked
  File "<frozen importlib._bootstrap_external>", line 999, in exec_module
  File "<frozen importlib._bootstrap>", line 488, in _call_with_frames_removed
  File "/lustre/raplab/client/xutingz/workspace/codex_correct_forks_20260731/sglang/python/sglang/srt/layers/moe/moe_runner/triton_utils/moe_align_block_size.py", line 19, in <module>
    from sglang.kernels.ops.moe import moe_align_block_size as sgl_moe_align_block_size
ImportError: cannot import name 'moe_align_block_size' from 'sglang.kernels.ops.moe' (/lustre/raplab/client/xutingz/fac/.tpmoe_tmp/sglang/kernels/ops/moe/__init__.py)
Traceback (most recent call last):
  File "/lustre/raplab/client/xutingz/fac/DeepGEMM_tp/bench/iter713_prebuilt_extension_runner.py", line 110, in <module>
    main()
  File "/lustre/raplab/client/xutingz/fac/DeepGEMM_tp/bench/iter713_prebuilt_extension_runner.py", line 94, in main
    leaf = importlib.import_module(
           ^^^^^^^^^^^^^^^^^^^^^^^^
  File "/home/xutingz/workspace/miniforge3/lib/python3.12/importlib/__init__.py", line 90, in import_module
    return _bootstrap._gcd_import(name[level:], package, level)
           ^^^^^^^^^^^^^^^^^^^^^^^^^^^^^^^^^^^^^^^^^^^^^^^^^^^^
  File "<frozen importlib._bootstrap>", line 1387, in _gcd_import
  File "<frozen importlib._bootstrap>", line 1360, in _find_and_load
  File "<frozen importlib._bootstrap>", line 1331, in _find_and_load_unlocked
  File "<frozen importlib._bootstrap>", line 935, in _load_unlocked
  File "<frozen importlib._bootstrap_external>", line 999, in exec_module
  File "<frozen importlib._bootstrap>", line 488, in _call_with_frames_removed
  File "/lustre/raplab/client/xutingz/workspace/codex_correct_forks_20260731/sglang/python/sglang/srt/layers/moe/moe_runner/triton_utils/moe_align_block_size.py", line 19, in <module>
    from sglang.kernels.ops.moe import moe_align_block_size as sgl_moe_align_block_size
ImportError: cannot import name 'moe_align_block_size' from 'sglang.kernels.ops.moe' (/lustre/raplab/client/xutingz/fac/.tpmoe_tmp/sglang/kernels/ops/moe/__init__.py)
E0906 12:32:19.807000 264496 /lustre/raplab/client/xutingz/workspace/miniforge3/lib/python3.12/site-packages/torch/distributed/elastic/multiprocessing/api.py:986] failed (exitcode: 1) local_rank: 0 (pid: 264565) of binary: /home/xutingz/workspace/miniforge3/bin/python
Traceback (most recent call last):
  File "/home/xutingz/workspace/miniforge3/bin/torchrun", line 8, in <module>
    sys.exit(main())
             ^^^^^^
  File "/home/xutingz/workspace/miniforge3/lib/python3.12/site-packages/torch/distributed/elastic/multiprocessing/errors/__init__.py", line 362, in wrapper
    return f(*args, **kwargs)
           ^^^^^^^^^^^^^^^^^^
  File "/home/xutingz/workspace/miniforge3/lib/python3.12/site-packages/torch/distributed/run.py", line 990, in main
    run(args)
  File "/home/xutingz/workspace/miniforge3/lib/python3.12/site-packages/torch/distributed/run.py", line 981, in run
    elastic_launch(
  File "/home/xutingz/workspace/miniforge3/lib/python3.12/site-packages/torch/distributed/launcher/api.py", line 170, in __call__
    return launch_agent(self._config, self._entrypoint, list(args))
           ^^^^^^^^^^^^^^^^^^^^^^^^^^^^^^^^^^^^^^^^^^^^^^^^^^^^^^^^
  File "/home/xutingz/workspace/miniforge3/lib/python3.12/site-packages/torch/distributed/launcher/api.py", line 317, in launch_agent
    raise ChildFailedError(
torch.distributed.elastic.multiprocessing.errors.ChildFailedError: 
============================================================
bench/iter713_prebuilt_extension_runner.py FAILED
------------------------------------------------------------
Failures:
[1]:
  time      : 2026-09-06_12:32:19
  host      : H20-GPU-06.cm.cluster
  rank      : 1 (local_rank: 1)
  exitcode  : 1 (pid: 264566)
  error_file: <N/A>
  traceback : To enable traceback see: https://pytorch.org/docs/stable/elastic/errors.html
[2]:
  time      : 2026-09-06_12:32:19
  host      : H20-GPU-06.cm.cluster
  rank      : 2 (local_rank: 2)
  exitcode  : 1 (pid: 264567)
  error_file: <N/A>
  traceback : To enable traceback see: https://pytorch.org/docs/stable/elastic/errors.html
[3]:
  time      : 2026-09-06_12:32:19
  host      : H20-GPU-06.cm.cluster
  rank      : 3 (local_rank: 3)
  exitcode  : 1 (pid: 264568)
  error_file: <N/A>
  traceback : To enable traceback see: https://pytorch.org/docs/stable/elastic/errors.html
------------------------------------------------------------
Root Cause (first observed failure):
[0]:
  time      : 2026-09-06_12:32:19
  host      : H20-GPU-06.cm.cluster
  rank      : 0 (local_rank: 0)
  exitcode  : 1 (pid: 264565)
  error_file: <N/A>
  traceback : To enable traceback see: https://pytorch.org/docs/stable/elastic/errors.html
============================================================
