ITERATION=690
CANDIDATE_SHA256=b9f1db40e7c37e004718999c5088d4b1c308608cb8b9bbfb6a56a9b00a32a217
EXTENSION=v4tp_54d4ad56c9bfe74a39f7_v178mspec
GPU=NVIDIA H20-3e
SM_COUNT=78
TOKENS=128
TP=4
W13_SPLIT_K=2
L2_POLICY=cold 256MiB clear outside profiled kernel
INPUT_CONTRACT=prequantized FP8-E4M3 X plus FP32 group128 scale
DYNAMIC_SHARED_BYTES=19456
TP4_SINGLE_LAUNCH_SPLIT2=REG48 STACK64 SHARED2048 LOCAL0 CONSTANT[0]1361
TP4_SINGLE_LAUNCH_SPLIT4=REG48 STACK64 SHARED2048 LOCAL0 CONSTANT[0]1361
RUNTIME_CTAS_PER_SM=10
LOCAL_ACCEPTED=true
LOCAL_COSINE=1.0
LOCAL_REL_L2=0.0
LOCAL_FINITE=true
PACKED_GENERATION_AFTER=[0,0,0,0]
TP4_ACCEPTED=true
TP4_ALLREDUCE_OK=true
TP4_COSINE_MIN=0.9999955976741226
TP4_REL_L2_MAX=0.0029672639980990933
TP4_MAX_ABS=1024.0
TP4_FINITE=true
