W0905 09:56:58.872000 594830 torch/distributed/run.py:851] 
W0905 09:56:58.872000 594830 torch/distributed/run.py:851] *****************************************
W0905 09:56:58.872000 594830 torch/distributed/run.py:851] Setting OMP_NUM_THREADS environment variable for each process to be 1 in default, to avoid your system being overloaded, please further tune the variable for optimal performance in your application as needed. 
W0905 09:56:58.872000 594830 torch/distributed/run.py:851] *****************************************
Traceback (most recent call last):
  File "/usr/local/lib/python3.12/dist-packages/torch/utils/cpp_extension.py", line 2774, in _run_ninja_build
    subprocess.run(
  File "/usr/lib/python3.12/subprocess.py", line 571, in run
    raise CalledProcessError(retcode, process.args,
subprocess.CalledProcessError: Command '['ninja', '-v']' returned non-zero exit status 2.

The above exception was the direct cause of the following exception:

Traceback (most recent call last):
  File "/lustre/raplab/client/xutingz/fac/DeepGEMM_tp/bench/v4_flash_tp_native_layout_ab.py", line 29, in <module>
    import v4_flash_tp_wgmma as kernel
  File "/lustre/raplab/client/xutingz/fac/DeepGEMM_tp/v4_flash_tp_wgmma.py", line 10588, in <module>
    _ext = load_inline(
           ^^^^^^^^^^^^
  File "/usr/local/lib/python3.12/dist-packages/torch/utils/cpp_extension.py", line 2174, in load_inline
    return _jit_compile(
           ^^^^^^^^^^^^^
  File "/usr/local/lib/python3.12/dist-packages/torch/utils/cpp_extension.py", line 2268, in _jit_compile
    _write_ninja_file_and_build_library(
  File "/usr/local/lib/python3.12/dist-packages/torch/utils/cpp_extension.py", line 2429, in _write_ninja_file_and_build_library
    _run_ninja_build(
  File "/usr/local/lib/python3.12/dist-packages/torch/utils/cpp_extension.py", line 2791, in _run_ninja_build
    raise RuntimeError(message) from e
RuntimeError: Error building extension 'v4tp_b615924abcec86026265_v178mspec': [1/3] /usr/local/cuda/bin/nvcc -MD -MF cuda.cuda.o.d -DTORCH_EXTENSION_NAME=v4tp_b615924abcec86026265_v178mspec -DTORCH_API_INCLUDE_EXTENSION_H -isystem /usr/local/lib/python3.12/dist-packages/torch/include -isystem /usr/local/lib/python3.12/dist-packages/torch/include/torch/csrc/api/include -isystem /usr/local/cuda/include -isystem /usr/include/python3.12 -D__CUDA_NO_HALF_OPERATORS__ -D__CUDA_NO_HALF_CONVERSIONS__ -D__CUDA_NO_BFLOAT16_CONVERSIONS__ -D__CUDA_NO_HALF2_OPERATORS__ --expt-relaxed-constexpr --compiler-options '-fPIC' -O3 -DK_WOUT=128 -DK_LUT_ROWS=256 -DK_SCALE_QUAD_REUSE=4 -DK_SCALE_BUFFERS=2 -DK_WEIGHT_STAGES=2 -DK_WEIGHT_SWIZZLE=64 -DK_WEIGHT_COMMON_ADDRESS=1 -DK_DEQUANT_DP4A_HI=1 -DK_DEQUANT_DP4A_LO=1 -DK_DEQUANT_SYNTH_LUT=0 -DK_NORMALIZED_WEIGHT_SCALE=1 -DK_NORMALIZED_SHARED_LUT=0 -DK_ACTIVATION_EVICT_LAST=0 -DK_PREDICATED_PADDED_ACTIVATION=0 -DK_TILED_WEIGHT_LAYOUT=1 -DK_BULK_WEIGHT_COPY=1 -DK_TMA_CTA_SCOPE=0 -DK_WEIGHT_EVICT_FIRST=1 -DK_WEIGHT_POLICY_HOIST=0 -DK_WEIGHT_POLICY_CONSTANT=0 -DK_W2_NO_WEIGHT_EVICT_FIRST=0 -DK_INTERLEAVED_BULK_COPY=1 -DK_COMPACT_INTERLEAVED_SCALE=1 -DK_MODE2_BRAID=1 -DK_W2_GLOBAL_LUT=0 -DK_W2_S2R_PREFETCH=1 -DK_W13_S2R_PREFETCH=1 -DK_LEADER_MBAR_WAIT=1 -DK_DIRECT_BARRIER_ADDR=0 -DK_ROUTE_K_UNROLL2=1 -DK_ROUTE_K_UNROLL4=1 -DK_ROUTE_K_UNROLL8=0 -DK_ROUTE_K_UNROLL8_SPLIT2=0 -DK_W13_K_UNROLL8_SPLIT2=0 -DK_W13_K_UNROLL16_SPLIT2=0 -DK_W13_DISTRIBUTED_PREP=1 -DK_W13_DUAL_WG_SPLIT=0 -DK_W2_DISTRIBUTED_PREP=1 -DK_W13_MERGED_WGMMA_GROUP=0 -DK_W2_ROUTE_OUTPUT=1 -DK_W2_SORTED_ACT=0 -DK_W2_MBLOCK_SCALE=0 -DK_W2_FOLD_GLOBAL_SCALE=0 -DK_W2_COALESCED_STORE=0 -DK_SINGLE_LAUNCH_SCHEDULE=0 -DK_SINGLE_LAUNCH_NOINLINE_GEMM=0 -DK_SINGLE_LAUNCH_W13_PHASE_NOINLINE=0 -DK_SINGLE_LAUNCH_W2_PHASE_NOINLINE=0 -DK_SINGLE_LAUNCH_MIN_BLOCKS=8 -DK_SINGLE_LAUNCH_ROUTE_DYNAMIC_SMEM=0 -DK_SINGLE_LAUNCH_M128_BOUND9=0 -DK_SINGLE_LAUNCH_W2_UNROLL2_BOUND9=0 -DK_SINGLE_LAUNCH_PERSISTENT_GEMM_STATE=0 -DK_SINGLE_LAUNCH_W13_NEXT_TASK_PREFETCH=0 -DK_SINGLE_LAUNCH_W2_NEXT_TASK_PREFETCH=0 -DK_SINGLE_LAUNCH_ASSUME_VALID_GEMM_TASKS=0 -DK_SINGLE_LAUNCH_W2_CHUNK_MAJOR=0 -DK_SINGLE_LAUNCH_W2_CHUNK_AR_OVERLAP=0 -DK_SINGLE_LAUNCH_W2_CHUNK_AR_DEDICATED=0 -DK_SINGLE_LAUNCH_W2_CHUNK_AR_WAIT_ONLY=0 -DK_SINGLE_LAUNCH_W2_CHUNK_AR_HELPER_STAGE=3 -DK_SINGLE_LAUNCH_W2_CHUNK_AR_STRONG_PRODUCER_FENCE=0 -DK_SINGLE_LAUNCH_W2_CHUNK_AR_L2_LOAD=0 -DK_SINGLE_LAUNCH_W2_CHUNK_AR_POST=0 -DK_SINGLE_LAUNCH_W2_CHUNK_AR_POST_CONCURRENT=0 -DK_SINGLE_LAUNCH_W2_BULK_REDUCE_COMBINE=0 -DK_SINGLE_LAUNCH_W2_BULK_REDUCE_ROUTES=8 -DK_SINGLE_LAUNCH_W2_PRODUCER_ATOMIC_COMBINE=0 -DK_SINGLE_LAUNCH_COOPERATIVE_GRID=0 -DK_SINGLE_LAUNCH_RELAXED_GRID_POLL=1 -DK_SINGLE_LAUNCH_ADAPTIVE_GRID_POLL=0 -DK_SINGLE_LAUNCH_ADAPTIVE_GRID_POLL_MAX_NS=512 -DK_SINGLE_LAUNCH_PHASE_STAMPS=0 -DK_SINGLE_LAUNCH_PACKED_GRID_BARRIER=1 -DK_SINGLE_LAUNCH_RELEASE_GRID_ARRIVAL=0 -DK_SINGLE_LAUNCH_BALANCED_WORKERS=0 -DK_SINGLE_LAUNCH_GRID_POLL_SLEEP_NS=64 -DK_SINGLE_LAUNCH_SKIP_FINAL_CTA_SYNC=0 -DK_SINGLE_LAUNCH_GRID_BARRIER_NO_ENTRY_SYNC=0 -DK_SINGLE_LAUNCH_SKIP_ACTIVATION_TASK_SYNC=0 -DK_SINGLE_LAUNCH_HIERARCHICAL_GRID=0 -DK_SINGLE_LAUNCH_TAIL_OVERLAP=0 -DK_SINGLE_LAUNCH_TAIL_ACT_ONLY=0 -DK_SINGLE_LAUNCH_TAIL_GROUP_CTAS=16 -DK_SINGLE_LAUNCH_GROUPED_W13_ACT=0 -DK_SINGLE_LAUNCH_ACT_W2_COHORT=0 -DK_SINGLE_LAUNCH_W13_COMPLETION_ACT=0 -DK_SINGLE_LAUNCH_W13_ACT_TAIL_PIPE=0 -DK_SINGLE_LAUNCH_W13_N64_TAIL=0 -DK_SINGLE_LAUNCH_W13_TAIL_SPLIT4=0 -DK_SINGLE_LAUNCH_CLUSTER_W13_ACT=0 -DK_SINGLE_LAUNCH_DUAL_WG_PHASES=0 -DK_SINGLE_LAUNCH_DUAL_WG_CTAS_PER_SM=4 -DK_SINGLE_LAUNCH_DUAL_WG_PRIVATE_ACT=0 -DK_SINGLE_LAUNCH_78CTA_8WG=0 -DK_SINGLE_LAUNCH_TRACE_SMID=0 -DK_SINGLE_LAUNCH_78CTA_SMID_MAP=0 -DK_SINGLE_LAUNCH_SM_STRIPED_TASKS=0 -DK_SINGLE_LAUNCH_78CTA_WG_DAG=0 -DK_SINGLE_LAUNCH_78CTA_LOCAL_W13=0 -DK_SINGLE_LAUNCH_GROUP_CTAS=16 -DK_SINGLE_LAUNCH_NVLS_BLOCKS=64 -DK_SINGLE_LAUNCH_P2P_TWO_SHOT=1 -DK_SINGLE_LAUNCH_P2P_TWO_SHOT_BLOCKS=64 -DK_MIN_BLOCKS_PER_SM=0 -DK_W13_LAUNCH_BOUND_10=0 -DK_W13_MAX_SMEM_CARVEOUT=0 --expt-relaxed-constexpr --expt-extended-lambda -gencode arch=compute_90a,code=sm_90a -std=c++17 -lineinfo -I/lustre/raplab/client/xutingz/fac/DeepGEMM/deep_gemm/include -c /tmp/torch_ext_v4_tp/v4tp_b615924abcec86026265_v178mspec/cuda.cu -o cuda.cuda.o 
FAILED: [code=2] cuda.cuda.o 
/usr/local/cuda/bin/nvcc -MD -MF cuda.cuda.o.d -DTORCH_EXTENSION_NAME=v4tp_b615924abcec86026265_v178mspec -DTORCH_API_INCLUDE_EXTENSION_H -isystem /usr/local/lib/python3.12/dist-packages/torch/include -isystem /usr/local/lib/python3.12/dist-packages/torch/include/torch/csrc/api/include -isystem /usr/local/cuda/include -isystem /usr/include/python3.12 -D__CUDA_NO_HALF_OPERATORS__ -D__CUDA_NO_HALF_CONVERSIONS__ -D__CUDA_NO_BFLOAT16_CONVERSIONS__ -D__CUDA_NO_HALF2_OPERATORS__ --expt-relaxed-constexpr --compiler-options '-fPIC' -O3 -DK_WOUT=128 -DK_LUT_ROWS=256 -DK_SCALE_QUAD_REUSE=4 -DK_SCALE_BUFFERS=2 -DK_WEIGHT_STAGES=2 -DK_WEIGHT_SWIZZLE=64 -DK_WEIGHT_COMMON_ADDRESS=1 -DK_DEQUANT_DP4A_HI=1 -DK_DEQUANT_DP4A_LO=1 -DK_DEQUANT_SYNTH_LUT=0 -DK_NORMALIZED_WEIGHT_SCALE=1 -DK_NORMALIZED_SHARED_LUT=0 -DK_ACTIVATION_EVICT_LAST=0 -DK_PREDICATED_PADDED_ACTIVATION=0 -DK_TILED_WEIGHT_LAYOUT=1 -DK_BULK_WEIGHT_COPY=1 -DK_TMA_CTA_SCOPE=0 -DK_WEIGHT_EVICT_FIRST=1 -DK_WEIGHT_POLICY_HOIST=0 -DK_WEIGHT_POLICY_CONSTANT=0 -DK_W2_NO_WEIGHT_EVICT_FIRST=0 -DK_INTERLEAVED_BULK_COPY=1 -DK_COMPACT_INTERLEAVED_SCALE=1 -DK_MODE2_BRAID=1 -DK_W2_GLOBAL_LUT=0 -DK_W2_S2R_PREFETCH=1 -DK_W13_S2R_PREFETCH=1 -DK_LEADER_MBAR_WAIT=1 -DK_DIRECT_BARRIER_ADDR=0 -DK_ROUTE_K_UNROLL2=1 -DK_ROUTE_K_UNROLL4=1 -DK_ROUTE_K_UNROLL8=0 -DK_ROUTE_K_UNROLL8_SPLIT2=0 -DK_W13_K_UNROLL8_SPLIT2=0 -DK_W13_K_UNROLL16_SPLIT2=0 -DK_W13_DISTRIBUTED_PREP=1 -DK_W13_DUAL_WG_SPLIT=0 -DK_W2_DISTRIBUTED_PREP=1 -DK_W13_MERGED_WGMMA_GROUP=0 -DK_W2_ROUTE_OUTPUT=1 -DK_W2_SORTED_ACT=0 -DK_W2_MBLOCK_SCALE=0 -DK_W2_FOLD_GLOBAL_SCALE=0 -DK_W2_COALESCED_STORE=0 -DK_SINGLE_LAUNCH_SCHEDULE=0 -DK_SINGLE_LAUNCH_NOINLINE_GEMM=0 -DK_SINGLE_LAUNCH_W13_PHASE_NOINLINE=0 -DK_SINGLE_LAUNCH_W2_PHASE_NOINLINE=0 -DK_SINGLE_LAUNCH_MIN_BLOCKS=8 -DK_SINGLE_LAUNCH_ROUTE_DYNAMIC_SMEM=0 -DK_SINGLE_LAUNCH_M128_BOUND9=0 -DK_SINGLE_LAUNCH_W2_UNROLL2_BOUND9=0 -DK_SINGLE_LAUNCH_PERSISTENT_GEMM_STATE=0 -DK_SINGLE_LAUNCH_W13_NEXT_TASK_PREFETCH=0 -DK_SINGLE_LAUNCH_W2_NEXT_TASK_PREFETCH=0 -DK_SINGLE_LAUNCH_ASSUME_VALID_GEMM_TASKS=0 -DK_SINGLE_LAUNCH_W2_CHUNK_MAJOR=0 -DK_SINGLE_LAUNCH_W2_CHUNK_AR_OVERLAP=0 -DK_SINGLE_LAUNCH_W2_CHUNK_AR_DEDICATED=0 -DK_SINGLE_LAUNCH_W2_CHUNK_AR_WAIT_ONLY=0 -DK_SINGLE_LAUNCH_W2_CHUNK_AR_HELPER_STAGE=3 -DK_SINGLE_LAUNCH_W2_CHUNK_AR_STRONG_PRODUCER_FENCE=0 -DK_SINGLE_LAUNCH_W2_CHUNK_AR_L2_LOAD=0 -DK_SINGLE_LAUNCH_W2_CHUNK_AR_POST=0 -DK_SINGLE_LAUNCH_W2_CHUNK_AR_POST_CONCURRENT=0 -DK_SINGLE_LAUNCH_W2_BULK_REDUCE_COMBINE=0 -DK_SINGLE_LAUNCH_W2_BULK_REDUCE_ROUTES=8 -DK_SINGLE_LAUNCH_W2_PRODUCER_ATOMIC_COMBINE=0 -DK_SINGLE_LAUNCH_COOPERATIVE_GRID=0 -DK_SINGLE_LAUNCH_RELAXED_GRID_POLL=1 -DK_SINGLE_LAUNCH_ADAPTIVE_GRID_POLL=0 -DK_SINGLE_LAUNCH_ADAPTIVE_GRID_POLL_MAX_NS=512 -DK_SINGLE_LAUNCH_PHASE_STAMPS=0 -DK_SINGLE_LAUNCH_PACKED_GRID_BARRIER=1 -DK_SINGLE_LAUNCH_RELEASE_GRID_ARRIVAL=0 -DK_SINGLE_LAUNCH_BALANCED_WORKERS=0 -DK_SINGLE_LAUNCH_GRID_POLL_SLEEP_NS=64 -DK_SINGLE_LAUNCH_SKIP_FINAL_CTA_SYNC=0 -DK_SINGLE_LAUNCH_GRID_BARRIER_NO_ENTRY_SYNC=0 -DK_SINGLE_LAUNCH_SKIP_ACTIVATION_TASK_SYNC=0 -DK_SINGLE_LAUNCH_HIERARCHICAL_GRID=0 -DK_SINGLE_LAUNCH_TAIL_OVERLAP=0 -DK_SINGLE_LAUNCH_TAIL_ACT_ONLY=0 -DK_SINGLE_LAUNCH_TAIL_GROUP_CTAS=16 -DK_SINGLE_LAUNCH_GROUPED_W13_ACT=0 -DK_SINGLE_LAUNCH_ACT_W2_COHORT=0 -DK_SINGLE_LAUNCH_W13_COMPLETION_ACT=0 -DK_SINGLE_LAUNCH_W13_ACT_TAIL_PIPE=0 -DK_SINGLE_LAUNCH_W13_N64_TAIL=0 -DK_SINGLE_LAUNCH_W13_TAIL_SPLIT4=0 -DK_SINGLE_LAUNCH_CLUSTER_W13_ACT=0 -DK_SINGLE_LAUNCH_DUAL_WG_PHASES=0 -DK_SINGLE_LAUNCH_DUAL_WG_CTAS_PER_SM=4 -DK_SINGLE_LAUNCH_DUAL_WG_PRIVATE_ACT=0 -DK_SINGLE_LAUNCH_78CTA_8WG=0 -DK_SINGLE_LAUNCH_TRACE_SMID=0 -DK_SINGLE_LAUNCH_78CTA_SMID_MAP=0 -DK_SINGLE_LAUNCH_SM_STRIPED_TASKS=0 -DK_SINGLE_LAUNCH_78CTA_WG_DAG=0 -DK_SINGLE_LAUNCH_78CTA_LOCAL_W13=0 -DK_SINGLE_LAUNCH_GROUP_CTAS=16 -DK_SINGLE_LAUNCH_NVLS_BLOCKS=64 -DK_SINGLE_LAUNCH_P2P_TWO_SHOT=1 -DK_SINGLE_LAUNCH_P2P_TWO_SHOT_BLOCKS=64 -DK_MIN_BLOCKS_PER_SM=0 -DK_W13_LAUNCH_BOUND_10=0 -DK_W13_MAX_SMEM_CARVEOUT=0 --expt-relaxed-constexpr --expt-extended-lambda -gencode arch=compute_90a,code=sm_90a -std=c++17 -lineinfo -I/lustre/raplab/client/xutingz/fac/DeepGEMM/deep_gemm/include -c /tmp/torch_ext_v4_tp/v4tp_b615924abcec86026265_v178mspec/cuda.cu -o cuda.cuda.o 
/tmp/torch_ext_v4_tp/v4tp_b615924abcec86026265_v178mspec/cuda.cu(4984): error: identifier "sm_striped_worker" is undefined
              sm_striped_worker = h20_sm_striped_logical_worker(scheduler);
              ^

/tmp/torch_ext_v4_tp/v4tp_b615924abcec86026265_v178mspec/cuda.cu(4984): error: identifier "h20_sm_striped_logical_worker" is undefined
              sm_striped_worker = h20_sm_striped_logical_worker(scheduler);
                                  ^

/tmp/torch_ext_v4_tp/v4tp_b615924abcec86026265_v178mspec/cuda.cu(6326): error: identifier "sm_striped_worker" is undefined
                          ? sm_striped_worker : cta;
                            ^

/tmp/torch_ext_v4_tp/v4tp_b615924abcec86026265_v178mspec/cuda.cu(6421): error: identifier "sm_striped_worker" is undefined
                      ? sm_striped_worker : cta;
                        ^

/tmp/torch_ext_v4_tp/v4tp_b615924abcec86026265_v178mspec/cuda.cu(6521): error: identifier "sm_striped_worker" is undefined
                  ? sm_striped_worker : cta;
                    ^

5 errors detected in the compilation of "/tmp/torch_ext_v4_tp/v4tp_b615924abcec86026265_v178mspec/cuda.cu".
[2/3] c++ -MMD -MF main.o.d -DTORCH_EXTENSION_NAME=v4tp_b615924abcec86026265_v178mspec -DTORCH_API_INCLUDE_EXTENSION_H -isystem /usr/local/lib/python3.12/dist-packages/torch/include -isystem /usr/local/lib/python3.12/dist-packages/torch/include/torch/csrc/api/include -isystem /usr/local/cuda/include -isystem /usr/include/python3.12 -fPIC -std=c++17 -c /tmp/torch_ext_v4_tp/v4tp_b615924abcec86026265_v178mspec/main.cpp -o main.o 
ninja: build stopped: subcommand failed.

Traceback (most recent call last):
  File "/lustre/raplab/client/xutingz/fac/DeepGEMM_tp/bench/v4_flash_tp_native_layout_ab.py", line 29, in <module>
    import v4_flash_tp_wgmma as kernel
  File "/lustre/raplab/client/xutingz/fac/DeepGEMM_tp/v4_flash_tp_wgmma.py", line 10588, in <module>
    _ext = load_inline(
           ^^^^^^^^^^^^
  File "/usr/local/lib/python3.12/dist-packages/torch/utils/cpp_extension.py", line 2174, in load_inline
    return _jit_compile(
           ^^^^^^^^^^^^^
  File "/usr/local/lib/python3.12/dist-packages/torch/utils/cpp_extension.py", line 2294, in _jit_compile
    return _import_module_from_library(name, build_directory, is_python_module)
           ^^^^^^^^^^^^^^^^^^^^^^^^^^^Traceback (most recent call last):
^^^^^^  File "/lustre/raplab/client/xutingz/fac/DeepGEMM_tp/bench/v4_flash_tp_native_layout_ab.py", line 29, in <module>
^^^^^^^^^^^^^^^^^^^^^^^^^^^^^^^^^^^
  File "/usr/local/lib/python3.12/dist-packages/torch/utils/cpp_extension.py", line 2812, in _import_module_from_library
    module = importlib.util.module_from_spec(spec)
             ^^^^^^^^^^^^^^^^^^^^^^^^^^^^^^^^^^^^^
ImportError: /tmp/torch_ext_v4_tp/v4tp_b615924abcec86026265_v178mspec/v4tp_b615924abcec86026265_v178mspec.so: cannot open shared object file: No such file or directory
    import v4_flash_tp_wgmma as kernel
  File "/lustre/raplab/client/xutingz/fac/DeepGEMM_tp/v4_flash_tp_wgmma.py", line 10588, in <module>
Traceback (most recent call last):
  File "/lustre/raplab/client/xutingz/fac/DeepGEMM_tp/bench/v4_flash_tp_native_layout_ab.py", line 29, in <module>
    import v4_flash_tp_wgmma as kernel
  File "/lustre/raplab/client/xutingz/fac/DeepGEMM_tp/v4_flash_tp_wgmma.py", line 10588, in <module>
    _ext = load_inline(
           ^^^^^^^^^^^^
  File "/usr/local/lib/python3.12/dist-packages/torch/utils/cpp_extension.py", line 2174, in load_inline
    return _jit_compile(
           ^^^^^^^^^^^^^
  File "/usr/local/lib/python3.12/dist-packages/torch/utils/cpp_extension.py", line 2294, in _jit_compile
    return _import_module_from_library(name, build_directory, is_python_module)
           ^^^^^^^^^^^^^^^^^^^^^^^^^^^^^^^^^^^^^^^^^^^^^^^^^^^^^^^^^^^^^^^^^^^^
  File "/usr/local/lib/python3.12/dist-packages/torch/utils/cpp_extension.py", line 2812, in _import_module_from_library
    module = importlib.util.module_from_spec(spec)
             ^^^^^^^^^^^^^^^^^^^^^^^^^^^^^^^^^^^^^
ImportError: /tmp/torch_ext_v4_tp/v4tp_b615924abcec86026265_v178mspec/v4tp_b615924abcec86026265_v178mspec.so: cannot open shared object file: No such file or directory
    _ext = load_inline(
           ^^^^^^^^^^^^
  File "/usr/local/lib/python3.12/dist-packages/torch/utils/cpp_extension.py", line 2174, in load_inline
    return _jit_compile(
           ^^^^^^^^^^^^^
  File "/usr/local/lib/python3.12/dist-packages/torch/utils/cpp_extension.py", line 2294, in _jit_compile
    return _import_module_from_library(name, build_directory, is_python_module)
           ^^^^^^^^^^^^^^^^^^^^^^^^^^^^^^^^^^^^^^^^^^^^^^^^^^^^^^^^^^^^^^^^^^^^
  File "/usr/local/lib/python3.12/dist-packages/torch/utils/cpp_extension.py", line 2812, in _import_module_from_library
    module = importlib.util.module_from_spec(spec)
             ^^^^^^^^^^^^^^^^^^^^^^^^^^^^^^^^^^^^^
ImportError: /tmp/torch_ext_v4_tp/v4tp_b615924abcec86026265_v178mspec/v4tp_b615924abcec86026265_v178mspec.so: cannot open shared object file: No such file or directory
W0905 09:57:20.834000 594830 torch/distributed/elastic/multiprocessing/api.py:1012] Sending process 594900 closing signal SIGTERM
W0905 09:57:20.835000 594830 torch/distributed/elastic/multiprocessing/api.py:1012] Sending process 594901 closing signal SIGTERM
W0905 09:57:20.835000 594830 torch/distributed/elastic/multiprocessing/api.py:1012] Sending process 594902 closing signal SIGTERM
E0905 09:57:20.949000 594830 torch/distributed/elastic/multiprocessing/api.py:986] failed (exitcode: 1) local_rank: 0 (pid: 594899) of binary: /usr/bin/python3
Traceback (most recent call last):
  File "/usr/local/bin/torchrun", line 6, in <module>
    sys.exit(main())
             ^^^^^^
  File "/usr/local/lib/python3.12/dist-packages/torch/distributed/elastic/multiprocessing/errors/__init__.py", line 362, in wrapper
    return f(*args, **kwargs)
           ^^^^^^^^^^^^^^^^^^
  File "/usr/local/lib/python3.12/dist-packages/torch/distributed/run.py", line 990, in main
    run(args)
  File "/usr/local/lib/python3.12/dist-packages/torch/distributed/run.py", line 981, in run
    elastic_launch(
  File "/usr/local/lib/python3.12/dist-packages/torch/distributed/launcher/api.py", line 170, in __call__
    return launch_agent(self._config, self._entrypoint, list(args))
           ^^^^^^^^^^^^^^^^^^^^^^^^^^^^^^^^^^^^^^^^^^^^^^^^^^^^^^^^
  File "/usr/local/lib/python3.12/dist-packages/torch/distributed/launcher/api.py", line 317, in launch_agent
    raise ChildFailedError(
torch.distributed.elastic.multiprocessing.errors.ChildFailedError: 
============================================================
bench/v4_flash_tp_native_layout_ab.py FAILED
------------------------------------------------------------
Failures:
[1]:
  time      : 2026-09-05_09:57:20
  host      : H20-GPU-06.cm.cluster
  rank      : 1 (local_rank: 1)
  exitcode  : -15 (pid: 594900)
  error_file: <N/A>
  traceback : Signal 15 (SIGTERM) received by PID 594900
[2]:
  time      : 2026-09-05_09:57:20
  host      : H20-GPU-06.cm.cluster
  rank      : 2 (local_rank: 2)
  exitcode  : -15 (pid: 594901)
  error_file: <N/A>
  traceback : Signal 15 (SIGTERM) received by PID 594901
[3]:
  time      : 2026-09-05_09:57:20
  host      : H20-GPU-06.cm.cluster
  rank      : 3 (local_rank: 3)
  exitcode  : -15 (pid: 594902)
  error_file: <N/A>
  traceback : Signal 15 (SIGTERM) received by PID 594902
------------------------------------------------------------
Root Cause (first observed failure):
[0]:
  time      : 2026-09-05_09:57:20
  host      : H20-GPU-06.cm.cluster
  rank      : 0 (local_rank: 0)
  exitcode  : 1 (pid: 594899)
  error_file: <N/A>
  traceback : To enable traceback see: https://pytorch.org/docs/stable/elastic/errors.html
============================================================
