==PROF== Connected to process 501250 (/usr/bin/python3.12)
==PROF== Profiling "v4_flash_tp4_native_megamoe_impl": 0%....50%....100% - 18 passes
/pytorch/aten/src/ATen/native/cuda/IndexKernelUtils.cu:16: vectorized_gather_kernel: block: [414,0,0], thread: [128,0,0] Assertion `ind >=0 && ind < ind_dim_size && "vectorized gather kernel index out of bounds"` failed.
/pytorch/aten/src/ATen/native/cuda/IndexKernelUtils.cu:16: vectorized_gather_kernel: block: [414,0,0], thread: [129,0,0] Assertion `ind >=0 && ind < ind_dim_size && "vectorized gather kernel index out of bounds"` failed.
/pytorch/aten/src/ATen/native/cuda/IndexKernelUtils.cu:16: vectorized_gather_kernel: block: [414,0,0], thread: [130,0,0] Assertion `ind >=0 && ind < ind_dim_size && "vectorized gather kernel index out of bounds"` failed.
/pytorch/aten/src/ATen/native/cuda/IndexKernelUtils.cu:16: vectorized_gather_kernel: block: [414,0,0], thread: [131,0,0] Assertion `ind >=0 && ind < ind_dim_size && "vectorized gather kernel index out of bounds"` failed.
/pytorch/aten/src/ATen/native/cuda/IndexKernelUtils.cu:16: vectorized_gather_kernel: block: [414,0,0], thread: [132,0,0] Assertion `ind >=0 && ind < ind_dim_size && "vectorized gather kernel index out of bounds"` failed.
/pytorch/aten/src/ATen/native/cuda/IndexKernelUtils.cu:16: vectorized_gather_kernel: block: [414,0,0], thread: [133,0,0] Assertion `ind >=0 && ind < ind_dim_size && "vectorized gather kernel index out of bounds"` failed.
/pytorch/aten/src/ATen/native/cuda/IndexKernelUtils.cu:16: vectorized_gather_kernel: block: [414,0,0], thread: [134,0,0] Assertion `ind >=0 && ind < ind_dim_size && "vectorized gather kernel index out of bounds"` failed.
/pytorch/aten/src/ATen/native/cuda/IndexKernelUtils.cu:16: vectorized_gather_kernel: block: [414,0,0], thread: [135,0,0] Assertion `ind >=0 && ind < ind_dim_size && "vectorized gather kernel index out of bounds"` failed.
/pytorch/aten/src/ATen/native/cuda/IndexKernelUtils.cu:16: vectorized_gather_kernel: block: [414,0,0], thread: [136,0,0] Assertion `ind >=0 && ind < ind_dim_size && "vectorized gather kernel index out of bounds"` failed.
/pytorch/aten/src/ATen/native/cuda/IndexKernelUtils.cu:16: vectorized_gather_kernel: block: [414,0,0], thread: [137,0,0] Assertion `ind >=0 && ind < ind_dim_size && "vectorized gather kernel index out of bounds"` failed.
/pytorch/aten/src/ATen/native/cuda/IndexKernelUtils.cu:16: vectorized_gather_kernel: block: [414,0,0], thread: [138,0,0] Assertion `ind >=0 && ind < ind_dim_size && "vectorized gather kernel index out of bounds"` failed.
/pytorch/aten/src/ATen/native/cuda/IndexKernelUtils.cu:16: vectorized_gather_kernel: block: [414,0,0], thread: [139,0,0] Assertion `ind >=0 && ind < ind_dim_size && "vectorized gather kernel index out of bounds"` failed.
/pytorch/aten/src/ATen/native/cuda/IndexKernelUtils.cu:16: vectorized_gather_kernel: block: [414,0,0], thread: [140,0,0] Assertion `ind >=0 && ind < ind_dim_size && "vectorized gather kernel index out of bounds"` failed.
/pytorch/aten/src/ATen/native/cuda/IndexKernelUtils.cu:16: vectorized_gather_kernel: block: [414,0,0], thread: [141,0,0] Assertion `ind >=0 && ind < ind_dim_size && "vectorized gather kernel index out of bounds"` failed.
/pytorch/aten/src/ATen/native/cuda/IndexKernelUtils.cu:16: vectorized_gather_kernel: block: [414,0,0], thread: [142,0,0] Assertion `ind >=0 && ind < ind_dim_size && "vectorized gather kernel index out of bounds"` failed.
/pytorch/aten/src/ATen/native/cuda/IndexKernelUtils.cu:16: vectorized_gather_kernel: block: [414,0,0], thread: [143,0,0] Assertion `ind >=0 && ind < ind_dim_size && "vectorized gather kernel index out of bounds"` failed.
/pytorch/aten/src/ATen/native/cuda/IndexKernelUtils.cu:16: vectorized_gather_kernel: block: [414,0,0], thread: [144,0,0] Assertion `ind >=0 && ind < ind_dim_size && "vectorized gather kernel index out of bounds"` failed.
/pytorch/aten/src/ATen/native/cuda/IndexKernelUtils.cu:16: vectorized_gather_kernel: block: [414,0,0], thread: [145,0,0] Assertion `ind >=0 && ind < ind_dim_size && "vectorized gather kernel index out of bounds"` failed.
/pytorch/aten/src/ATen/native/cuda/IndexKernelUtils.cu:16: vectorized_gather_kernel: block: [414,0,0], thread: [146,0,0] Assertion `ind >=0 && ind < ind_dim_size && "vectorized gather kernel index out of bounds"` failed.
/pytorch/aten/src/ATen/native/cuda/IndexKernelUtils.cu:16: vectorized_gather_kernel: block: [414,0,0], thread: [147,0,0] Assertion `ind >=0 && ind < ind_dim_size && "vectorized gather kernel index out of bounds"` failed.
/pytorch/aten/src/ATen/native/cuda/IndexKernelUtils.cu:16: vectorized_gather_kernel: block: [414,0,0], thread: [148,0,0] Assertion `ind >=0 && ind < ind_dim_size && "vectorized gather kernel index out of bounds"` failed.
/pytorch/aten/src/ATen/native/cuda/IndexKernelUtils.cu:16: vectorized_gather_kernel: block: [414,0,0], thread: [149,0,0] Assertion `ind >=0 && ind < ind_dim_size && "vectorized gather kernel index out of bounds"` failed.
/pytorch/aten/src/ATen/native/cuda/IndexKernelUtils.cu:16: vectorized_gather_kernel: block: [414,0,0], thread: [150,0,0] Assertion `ind >=0 && ind < ind_dim_size && "vectorized gather kernel index out of bounds"` failed.
/pytorch/aten/src/ATen/native/cuda/IndexKernelUtils.cu:16: vectorized_gather_kernel: block: [414,0,0], thread: [151,0,0] Assertion `ind >=0 && ind < ind_dim_size && "vectorized gather kernel index out of bounds"` failed.
/pytorch/aten/src/ATen/native/cuda/IndexKernelUtils.cu:16: vectorized_gather_kernel: block: [414,0,0], thread: [152,0,0] Assertion `ind >=0 && ind < ind_dim_size && "vectorized gather kernel index out of bounds"` failed.
/pytorch/aten/src/ATen/native/cuda/IndexKernelUtils.cu:16: vectorized_gather_kernel: block: [414,0,0], thread: [153,0,0] Assertion `ind >=0 && ind < ind_dim_size && "vectorized gather kernel index out of bounds"` failed.
/pytorch/aten/src/ATen/native/cuda/IndexKernelUtils.cu:16: vectorized_gather_kernel: block: [414,0,0], thread: [154,0,0] Assertion `ind >=0 && ind < ind_dim_size && "vectorized gather kernel index out of bounds"` failed.
/pytorch/aten/src/ATen/native/cuda/IndexKernelUtils.cu:16: vectorized_gather_kernel: block: [414,0,0], thread: [155,0,0] Assertion `ind >=0 && ind < ind_dim_size && "vectorized gather kernel index out of bounds"` failed.
/pytorch/aten/src/ATen/native/cuda/IndexKernelUtils.cu:16: vectorized_gather_kernel: block: [414,0,0], thread: [156,0,0] Assertion `ind >=0 && ind < ind_dim_size && "vectorized gather kernel index out of bounds"` failed.
/pytorch/aten/src/ATen/native/cuda/IndexKernelUtils.cu:16: vectorized_gather_kernel: block: [414,0,0], thread: [157,0,0] Assertion `ind >=0 && ind < ind_dim_size && "vectorized gather kernel index out of bounds"` failed.
/pytorch/aten/src/ATen/native/cuda/IndexKernelUtils.cu:16: vectorized_gather_kernel: block: [414,0,0], thread: [158,0,0] Assertion `ind >=0 && ind < ind_dim_size && "vectorized gather kernel index out of bounds"` failed.
/pytorch/aten/src/ATen/native/cuda/IndexKernelUtils.cu:16: vectorized_gather_kernel: block: [414,0,0], thread: [159,0,0] Assertion `ind >=0 && ind < ind_dim_size && "vectorized gather kernel index out of bounds"` failed.
/pytorch/aten/src/ATen/native/cuda/IndexKernelUtils.cu:16: vectorized_gather_kernel: block: [415,0,0], thread: [192,0,0] Assertion `ind >=0 && ind < ind_dim_size && "vectorized gather kernel index out of bounds"` failed.
/pytorch/aten/src/ATen/native/cuda/IndexKernelUtils.cu:16: vectorized_gather_kernel: block: [415,0,0], thread: [193,0,0] Assertion `ind >=0 && ind < ind_dim_size && "vectorized gather kernel index out of bounds"` failed.
/pytorch/aten/src/ATen/native/cuda/IndexKernelUtils.cu:16: vectorized_gather_kernel: block: [415,0,0], thread: [194,0,0] Assertion `ind >=0 && ind < ind_dim_size && "vectorized gather kernel index out of bounds"` failed.
/pytorch/aten/src/ATen/native/cuda/IndexKernelUtils.cu:16: vectorized_gather_kernel: block: [415,0,0], thread: [195,0,0] Assertion `ind >=0 && ind < ind_dim_size && "vectorized gather kernel index out of bounds"` failed.
/pytorch/aten/src/ATen/native/cuda/IndexKernelUtils.cu:16: vectorized_gather_kernel: block: [415,0,0], thread: [196,0,0] Assertion `ind >=0 && ind < ind_dim_size && "vectorized gather kernel index out of bounds"` failed.
/pytorch/aten/src/ATen/native/cuda/IndexKernelUtils.cu:16: vectorized_gather_kernel: block: [415,0,0], thread: [197,0,0] Assertion `ind >=0 && ind < ind_dim_size && "vectorized gather kernel index out of bounds"` failed.
/pytorch/aten/src/ATen/native/cuda/IndexKernelUtils.cu:16: vectorized_gather_kernel: block: [415,0,0], thread: [198,0,0] Assertion `ind >=0 && ind < ind_dim_size && "vectorized gather kernel index out of bounds"` failed.
/pytorch/aten/src/ATen/native/cuda/IndexKernelUtils.cu:16: vectorized_gather_kernel: block: [415,0,0], thread: [199,0,0] Assertion `ind >=0 && ind < ind_dim_size && "vectorized gather kernel index out of bounds"` failed.
/pytorch/aten/src/ATen/native/cuda/IndexKernelUtils.cu:16: vectorized_gather_kernel: block: [415,0,0], thread: [200,0,0] Assertion `ind >=0 && ind < ind_dim_size && "vectorized gather kernel index out of bounds"` failed.
/pytorch/aten/src/ATen/native/cuda/IndexKernelUtils.cu:16: vectorized_gather_kernel: block: [415,0,0], thread: [201,0,0] Assertion `ind >=0 && ind < ind_dim_size && "vectorized gather kernel index out of bounds"` failed.
/pytorch/aten/src/ATen/native/cuda/IndexKernelUtils.cu:16: vectorized_gather_kernel: block: [415,0,0], thread: [202,0,0] Assertion `ind >=0 && ind < ind_dim_size && "vectorized gather kernel index out of bounds"` failed.
/pytorch/aten/src/ATen/native/cuda/IndexKernelUtils.cu:16: vectorized_gather_kernel: block: [415,0,0], thread: [203,0,0] Assertion `ind >=0 && ind < ind_dim_size && "vectorized gather kernel index out of bounds"` failed.
/pytorch/aten/src/ATen/native/cuda/IndexKernelUtils.cu:16: vectorized_gather_kernel: block: [415,0,0], thread: [204,0,0] Assertion `ind >=0 && ind < ind_dim_size && "vectorized gather kernel index out of bounds"` failed.
/pytorch/aten/src/ATen/native/cuda/IndexKernelUtils.cu:16: vectorized_gather_kernel: block: [415,0,0], thread: [205,0,0] Assertion `ind >=0 && ind < ind_dim_size && "vectorized gather kernel index out of bounds"` failed.
/pytorch/aten/src/ATen/native/cuda/IndexKernelUtils.cu:16: vectorized_gather_kernel: block: [415,0,0], thread: [206,0,0] Assertion `ind >=0 && ind < ind_dim_size && "vectorized gather kernel index out of bounds"` failed.
/pytorch/aten/src/ATen/native/cuda/IndexKernelUtils.cu:16: vectorized_gather_kernel: block: [415,0,0], thread: [207,0,0] Assertion `ind >=0 && ind < ind_dim_size && "vectorized gather kernel index out of bounds"` failed.
/pytorch/aten/src/ATen/native/cuda/IndexKernelUtils.cu:16: vectorized_gather_kernel: block: [415,0,0], thread: [208,0,0] Assertion `ind >=0 && ind < ind_dim_size && "vectorized gather kernel index out of bounds"` failed.
/pytorch/aten/src/ATen/native/cuda/IndexKernelUtils.cu:16: vectorized_gather_kernel: block: [415,0,0], thread: [209,0,0] Assertion `ind >=0 && ind < ind_dim_size && "vectorized gather kernel index out of bounds"` failed.
/pytorch/aten/src/ATen/native/cuda/IndexKernelUtils.cu:16: vectorized_gather_kernel: block: [415,0,0], thread: [210,0,0] Assertion `ind >=0 && ind < ind_dim_size && "vectorized gather kernel index out of bounds"` failed.
/pytorch/aten/src/ATen/native/cuda/IndexKernelUtils.cu:16: vectorized_gather_kernel: block: [415,0,0], thread: [211,0,0] Assertion `ind >=0 && ind < ind_dim_size && "vectorized gather kernel index out of bounds"` failed.
/pytorch/aten/src/ATen/native/cuda/IndexKernelUtils.cu:16: vectorized_gather_kernel: block: [415,0,0], thread: [212,0,0] Assertion `ind >=0 && ind < ind_dim_size && "vectorized gather kernel index out of bounds"` failed.
/pytorch/aten/src/ATen/native/cuda/IndexKernelUtils.cu:16: vectorized_gather_kernel: block: [415,0,0], thread: [213,0,0] Assertion `ind >=0 && ind < ind_dim_size && "vectorized gather kernel index out of bounds"` failed.
/pytorch/aten/src/ATen/native/cuda/IndexKernelUtils.cu:16: vectorized_gather_kernel: block: [415,0,0], thread: [214,0,0] Assertion `ind >=0 && ind < ind_dim_size && "vectorized gather kernel index out of bounds"` failed.
/pytorch/aten/src/ATen/native/cuda/IndexKernelUtils.cu:16: vectorized_gather_kernel: block: [415,0,0], thread: [215,0,0] Assertion `ind >=0 && ind < ind_dim_size && "vectorized gather kernel index out of bounds"` failed.
/pytorch/aten/src/ATen/native/cuda/IndexKernelUtils.cu:16: vectorized_gather_kernel: block: [415,0,0], thread: [216,0,0] Assertion `ind >=0 && ind < ind_dim_size && "vectorized gather kernel index out of bounds"` failed.
/pytorch/aten/src/ATen/native/cuda/IndexKernelUtils.cu:16: vectorized_gather_kernel: block: [415,0,0], thread: [217,0,0] Assertion `ind >=0 && ind < ind_dim_size && "vectorized gather kernel index out of bounds"` failed.
/pytorch/aten/src/ATen/native/cuda/IndexKernelUtils.cu:16: vectorized_gather_kernel: block: [415,0,0], thread: [218,0,0] Assertion `ind >=0 && ind < ind_dim_size && "vectorized gather kernel index out of bounds"` failed.
/pytorch/aten/src/ATen/native/cuda/IndexKernelUtils.cu:16: vectorized_gather_kernel: block: [415,0,0], thread: [219,0,0] Assertion `ind >=0 && ind < ind_dim_size && "vectorized gather kernel index out of bounds"` failed.
/pytorch/aten/src/ATen/native/cuda/IndexKernelUtils.cu:16: vectorized_gather_kernel: block: [415,0,0], thread: [220,0,0] Assertion `ind >=0 && ind < ind_dim_size && "vectorized gather kernel index out of bounds"` failed.
/pytorch/aten/src/ATen/native/cuda/IndexKernelUtils.cu:16: vectorized_gather_kernel: block: [415,0,0], thread: [221,0,0] Assertion `ind >=0 && ind < ind_dim_size && "vectorized gather kernel index out of bounds"` failed.
/pytorch/aten/src/ATen/native/cuda/IndexKernelUtils.cu:16: vectorized_gather_kernel: block: [415,0,0], thread: [222,0,0] Assertion `ind >=0 && ind < ind_dim_size && "vectorized gather kernel index out of bounds"` failed.
/pytorch/aten/src/ATen/native/cuda/IndexKernelUtils.cu:16: vectorized_gather_kernel: block: [415,0,0], thread: [223,0,0] Assertion `ind >=0 && ind < ind_dim_size && "vectorized gather kernel index out of bounds"` failed.
/pytorch/aten/src/ATen/native/cuda/IndexKernelUtils.cu:16: vectorized_gather_kernel: block: [414,0,0], thread: [224,0,0] Assertion `ind >=0 && ind < ind_dim_size && "vectorized gather kernel index out of bounds"` failed.
/pytorch/aten/src/ATen/native/cuda/IndexKernelUtils.cu:16: vectorized_gather_kernel: block: [414,0,0], thread: [225,0,0] Assertion `ind >=0 && ind < ind_dim_size && "vectorized gather kernel index out of bounds"` failed.
/pytorch/aten/src/ATen/native/cuda/IndexKernelUtils.cu:16: vectorized_gather_kernel: block: [414,0,0], thread: [226,0,0] Assertion `ind >=0 && ind < ind_dim_size && "vectorized gather kernel index out of bounds"` failed.
/pytorch/aten/src/ATen/native/cuda/IndexKernelUtils.cu:16: vectorized_gather_kernel: block: [414,0,0], thread: [227,0,0] Assertion `ind >=0 && ind < ind_dim_size && "vectorized gather kernel index out of bounds"` failed.
/pytorch/aten/src/ATen/native/cuda/IndexKernelUtils.cu:16: vectorized_gather_kernel: block: [414,0,0], thread: [228,0,0] Assertion `ind >=0 && ind < ind_dim_size && "vectorized gather kernel index out of bounds"` failed.
/pytorch/aten/src/ATen/native/cuda/IndexKernelUtils.cu:16: vectorized_gather_kernel: block: [414,0,0], thread: [229,0,0] Assertion `ind >=0 && ind < ind_dim_size && "vectorized gather kernel index out of bounds"` failed.
/pytorch/aten/src/ATen/native/cuda/IndexKernelUtils.cu:16: vectorized_gather_kernel: block: [414,0,0], thread: [230,0,0] Assertion `ind >=0 && ind < ind_dim_size && "vectorized gather kernel index out of bounds"` failed.
/pytorch/aten/src/ATen/native/cuda/IndexKernelUtils.cu:16: vectorized_gather_kernel: block: [414,0,0], thread: [231,0,0] Assertion `ind >=0 && ind < ind_dim_size && "vectorized gather kernel index out of bounds"` failed.
/pytorch/aten/src/ATen/native/cuda/IndexKernelUtils.cu:16: vectorized_gather_kernel: block: [414,0,0], thread: [232,0,0] Assertion `ind >=0 && ind < ind_dim_size && "vectorized gather kernel index out of bounds"` failed.
/pytorch/aten/src/ATen/native/cuda/IndexKernelUtils.cu:16: vectorized_gather_kernel: block: [414,0,0], thread: [233,0,0] Assertion `ind >=0 && ind < ind_dim_size && "vectorized gather kernel index out of bounds"` failed.
/pytorch/aten/src/ATen/native/cuda/IndexKernelUtils.cu:16: vectorized_gather_kernel: block: [414,0,0], thread: [234,0,0] Assertion `ind >=0 && ind < ind_dim_size && "vectorized gather kernel index out of bounds"` failed.
/pytorch/aten/src/ATen/native/cuda/IndexKernelUtils.cu:16: vectorized_gather_kernel: block: [414,0,0], thread: [235,0,0] Assertion `ind >=0 && ind < ind_dim_size && "vectorized gather kernel index out of bounds"` failed.
/pytorch/aten/src/ATen/native/cuda/IndexKernelUtils.cu:16: vectorized_gather_kernel: block: [414,0,0], thread: [236,0,0] Assertion `ind >=0 && ind < ind_dim_size && "vectorized gather kernel index out of bounds"` failed.
/pytorch/aten/src/ATen/native/cuda/IndexKernelUtils.cu:16: vectorized_gather_kernel: block: [414,0,0], thread: [237,0,0] Assertion `ind >=0 && ind < ind_dim_size && "vectorized gather kernel index out of bounds"` failed.
/pytorch/aten/src/ATen/native/cuda/IndexKernelUtils.cu:16: vectorized_gather_kernel: block: [414,0,0], thread: [238,0,0] Assertion `ind >=0 && ind < ind_dim_size && "vectorized gather kernel index out of bounds"` failed.
/pytorch/aten/src/ATen/native/cuda/IndexKernelUtils.cu:16: vectorized_gather_kernel: block: [414,0,0], thread: [239,0,0] Assertion `ind >=0 && ind < ind_dim_size && "vectorized gather kernel index out of bounds"` failed.
/pytorch/aten/src/ATen/native/cuda/IndexKernelUtils.cu:16: vectorized_gather_kernel: block: [414,0,0], thread: [240,0,0] Assertion `ind >=0 && ind < ind_dim_size && "vectorized gather kernel index out of bounds"` failed.
/pytorch/aten/src/ATen/native/cuda/IndexKernelUtils.cu:16: vectorized_gather_kernel: block: [414,0,0], thread: [241,0,0] Assertion `ind >=0 && ind < ind_dim_size && "vectorized gather kernel index out of bounds"` failed.
/pytorch/aten/src/ATen/native/cuda/IndexKernelUtils.cu:16: vectorized_gather_kernel: block: [414,0,0], thread: [242,0,0] Assertion `ind >=0 && ind < ind_dim_size && "vectorized gather kernel index out of bounds"` failed.
/pytorch/aten/src/ATen/native/cuda/IndexKernelUtils.cu:16: vectorized_gather_kernel: block: [414,0,0], thread: [243,0,0] Assertion `ind >=0 && ind < ind_dim_size && "vectorized gather kernel index out of bounds"` failed.
/pytorch/aten/src/ATen/native/cuda/IndexKernelUtils.cu:16: vectorized_gather_kernel: block: [414,0,0], thread: [244,0,0] Assertion `ind >=0 && ind < ind_dim_size && "vectorized gather kernel index out of bounds"` failed.
/pytorch/aten/src/ATen/native/cuda/IndexKernelUtils.cu:16: vectorized_gather_kernel: block: [414,0,0], thread: [245,0,0] Assertion `ind >=0 && ind < ind_dim_size && "vectorized gather kernel index out of bounds"` failed.
/pytorch/aten/src/ATen/native/cuda/IndexKernelUtils.cu:16: vectorized_gather_kernel: block: [414,0,0], thread: [246,0,0] Assertion `ind >=0 && ind < ind_dim_size && "vectorized gather kernel index out of bounds"` failed.
/pytorch/aten/src/ATen/native/cuda/IndexKernelUtils.cu:16: vectorized_gather_kernel: block: [414,0,0], thread: [247,0,0] Assertion `ind >=0 && ind < ind_dim_size && "vectorized gather kernel index out of bounds"` failed.
/pytorch/aten/src/ATen/native/cuda/IndexKernelUtils.cu:16: vectorized_gather_kernel: block: [414,0,0], thread: [248,0,0] Assertion `ind >=0 && ind < ind_dim_size && "vectorized gather kernel index out of bounds"` failed.
/pytorch/aten/src/ATen/native/cuda/IndexKernelUtils.cu:16: vectorized_gather_kernel: block: [414,0,0], thread: [249,0,0] Assertion `ind >=0 && ind < ind_dim_size && "vectorized gather kernel index out of bounds"` failed.
/pytorch/aten/src/ATen/native/cuda/IndexKernelUtils.cu:16: vectorized_gather_kernel: block: [414,0,0], thread: [250,0,0] Assertion `ind >=0 && ind < ind_dim_size && "vectorized gather kernel index out of bounds"` failed.
/pytorch/aten/src/ATen/native/cuda/IndexKernelUtils.cu:16: vectorized_gather_kernel: block: [414,0,0], thread: [251,0,0] Assertion `ind >=0 && ind < ind_dim_size && "vectorized gather kernel index out of bounds"` failed.
/pytorch/aten/src/ATen/native/cuda/IndexKernelUtils.cu:16: vectorized_gather_kernel: block: [414,0,0], thread: [252,0,0] Assertion `ind >=0 && ind < ind_dim_size && "vectorized gather kernel index out of bounds"` failed.
/pytorch/aten/src/ATen/native/cuda/IndexKernelUtils.cu:16: vectorized_gather_kernel: block: [414,0,0], thread: [253,0,0] Assertion `ind >=0 && ind < ind_dim_size && "vectorized gather kernel index out of bounds"` failed.
/pytorch/aten/src/ATen/native/cuda/IndexKernelUtils.cu:16: vectorized_gather_kernel: block: [414,0,0], thread: [254,0,0] Assertion `ind >=0 && ind < ind_dim_size && "vectorized gather kernel index out of bounds"` failed.
/pytorch/aten/src/ATen/native/cuda/IndexKernelUtils.cu:16: vectorized_gather_kernel: block: [414,0,0], thread: [255,0,0] Assertion `ind >=0 && ind < ind_dim_size && "vectorized gather kernel index out of bounds"` failed.
/pytorch/aten/src/ATen/native/cuda/IndexKernelUtils.cu:16: vectorized_gather_kernel: block: [415,0,0], thread: [160,0,0] Assertion `ind >=0 && ind < ind_dim_size && "vectorized gather kernel index out of bounds"` failed.
/pytorch/aten/src/ATen/native/cuda/IndexKernelUtils.cu:16: vectorized_gather_kernel: block: [415,0,0], thread: [161,0,0] Assertion `ind >=0 && ind < ind_dim_size && "vectorized gather kernel index out of bounds"` failed.
/pytorch/aten/src/ATen/native/cuda/IndexKernelUtils.cu:16: vectorized_gather_kernel: block: [415,0,0], thread: [162,0,0] Assertion `ind >=0 && ind < ind_dim_size && "vectorized gather kernel index out of bounds"` failed.
/pytorch/aten/src/ATen/native/cuda/IndexKernelUtils.cu:16: vectorized_gather_kernel: block: [415,0,0], thread: [163,0,0] Assertion `ind >=0 && ind < ind_dim_size && "vectorized gather kernel index out of bounds"` failed.
/pytorch/aten/src/ATen/native/cuda/IndexKernelUtils.cu:16: vectorized_gather_kernel: block: [415,0,0], thread: [164,0,0] Assertion `ind >=0 && ind < ind_dim_size && "vectorized gather kernel index out of bounds"` failed.
/pytorch/aten/src/ATen/native/cuda/IndexKernelUtils.cu:16: vectorized_gather_kernel: block: [415,0,0], thread: [165,0,0] Assertion `ind >=0 && ind < ind_dim_size && "vectorized gather kernel index out of bounds"` failed.
/pytorch/aten/src/ATen/native/cuda/IndexKernelUtils.cu:16: vectorized_gather_kernel: block: [415,0,0], thread: [166,0,0] Assertion `ind >=0 && ind < ind_dim_size && "vectorized gather kernel index out of bounds"` failed.
/pytorch/aten/src/ATen/native/cuda/IndexKernelUtils.cu:16: vectorized_gather_kernel: block: [415,0,0], thread: [167,0,0] Assertion `ind >=0 && ind < ind_dim_size && "vectorized gather kernel index out of bounds"` failed.
/pytorch/aten/src/ATen/native/cuda/IndexKernelUtils.cu:16: vectorized_gather_kernel: block: [415,0,0], thread: [168,0,0] Assertion `ind >=0 && ind < ind_dim_size && "vectorized gather kernel index out of bounds"` failed.
/pytorch/aten/src/ATen/native/cuda/IndexKernelUtils.cu:16: vectorized_gather_kernel: block: [415,0,0], thread: [169,0,0] Assertion `ind >=0 && ind < ind_dim_size && "vectorized gather kernel index out of bounds"` failed.
/pytorch/aten/src/ATen/native/cuda/IndexKernelUtils.cu:16: vectorized_gather_kernel: block: [415,0,0], thread: [170,0,0] Assertion `ind >=0 && ind < ind_dim_size && "vectorized gather kernel index out of bounds"` failed.
/pytorch/aten/src/ATen/native/cuda/IndexKernelUtils.cu:16: vectorized_gather_kernel: block: [415,0,0], thread: [171,0,0] Assertion `ind >=0 && ind < ind_dim_size && "vectorized gather kernel index out of bounds"` failed.
/pytorch/aten/src/ATen/native/cuda/IndexKernelUtils.cu:16: vectorized_gather_kernel: block: [415,0,0], thread: [172,0,0] Assertion `ind >=0 && ind < ind_dim_size && "vectorized gather kernel index out of bounds"` failed.
/pytorch/aten/src/ATen/native/cuda/IndexKernelUtils.cu:16: vectorized_gather_kernel: block: [415,0,0], thread: [173,0,0] Assertion `ind >=0 && ind < ind_dim_size && "vectorized gather kernel index out of bounds"` failed.
/pytorch/aten/src/ATen/native/cuda/IndexKernelUtils.cu:16: vectorized_gather_kernel: block: [415,0,0], thread: [174,0,0] Assertion `ind >=0 && ind < ind_dim_size && "vectorized gather kernel index out of bounds"` failed.
/pytorch/aten/src/ATen/native/cuda/IndexKernelUtils.cu:16: vectorized_gather_kernel: block: [415,0,0], thread: [175,0,0] Assertion `ind >=0 && ind < ind_dim_size && "vectorized gather kernel index out of bounds"` failed.
/pytorch/aten/src/ATen/native/cuda/IndexKernelUtils.cu:16: vectorized_gather_kernel: block: [415,0,0], thread: [176,0,0] Assertion `ind >=0 && ind < ind_dim_size && "vectorized gather kernel index out of bounds"` failed.
/pytorch/aten/src/ATen/native/cuda/IndexKernelUtils.cu:16: vectorized_gather_kernel: block: [415,0,0], thread: [177,0,0] Assertion `ind >=0 && ind < ind_dim_size && "vectorized gather kernel index out of bounds"` failed.
/pytorch/aten/src/ATen/native/cuda/IndexKernelUtils.cu:16: vectorized_gather_kernel: block: [415,0,0], thread: [178,0,0] Assertion `ind >=0 && ind < ind_dim_size && "vectorized gather kernel index out of bounds"` failed.
/pytorch/aten/src/ATen/native/cuda/IndexKernelUtils.cu:16: vectorized_gather_kernel: block: [415,0,0], thread: [179,0,0] Assertion `ind >=0 && ind < ind_dim_size && "vectorized gather kernel index out of bounds"` failed.
/pytorch/aten/src/ATen/native/cuda/IndexKernelUtils.cu:16: vectorized_gather_kernel: block: [415,0,0], thread: [180,0,0] Assertion `ind >=0 && ind < ind_dim_size && "vectorized gather kernel index out of bounds"` failed.
/pytorch/aten/src/ATen/native/cuda/IndexKernelUtils.cu:16: vectorized_gather_kernel: block: [415,0,0], thread: [181,0,0] Assertion `ind >=0 && ind < ind_dim_size && "vectorized gather kernel index out of bounds"` failed.
/pytorch/aten/src/ATen/native/cuda/IndexKernelUtils.cu:16: vectorized_gather_kernel: block: [415,0,0], thread: [182,0,0] Assertion `ind >=0 && ind < ind_dim_size && "vectorized gather kernel index out of bounds"` failed.
/pytorch/aten/src/ATen/native/cuda/IndexKernelUtils.cu:16: vectorized_gather_kernel: block: [415,0,0], thread: [183,0,0] Assertion `ind >=0 && ind < ind_dim_size && "vectorized gather kernel index out of bounds"` failed.
/pytorch/aten/src/ATen/native/cuda/IndexKernelUtils.cu:16: vectorized_gather_kernel: block: [415,0,0], thread: [184,0,0] Assertion `ind >=0 && ind < ind_dim_size && "vectorized gather kernel index out of bounds"` failed.
/pytorch/aten/src/ATen/native/cuda/IndexKernelUtils.cu:16: vectorized_gather_kernel: block: [415,0,0], thread: [185,0,0] Assertion `ind >=0 && ind < ind_dim_size && "vectorized gather kernel index out of bounds"` failed.
/pytorch/aten/src/ATen/native/cuda/IndexKernelUtils.cu:16: vectorized_gather_kernel: block: [415,0,0], thread: [186,0,0] Assertion `ind >=0 && ind < ind_dim_size && "vectorized gather kernel index out of bounds"` failed.
/pytorch/aten/src/ATen/native/cuda/IndexKernelUtils.cu:16: vectorized_gather_kernel: block: [415,0,0], thread: [187,0,0] Assertion `ind >=0 && ind < ind_dim_size && "vectorized gather kernel index out of bounds"` failed.
/pytorch/aten/src/ATen/native/cuda/IndexKernelUtils.cu:16: vectorized_gather_kernel: block: [415,0,0], thread: [188,0,0] Assertion `ind >=0 && ind < ind_dim_size && "vectorized gather kernel index out of bounds"` failed.
/pytorch/aten/src/ATen/native/cuda/IndexKernelUtils.cu:16: vectorized_gather_kernel: block: [415,0,0], thread: [189,0,0] Assertion `ind >=0 && ind < ind_dim_size && "vectorized gather kernel index out of bounds"` failed.
/pytorch/aten/src/ATen/native/cuda/IndexKernelUtils.cu:16: vectorized_gather_kernel: block: [415,0,0], thread: [190,0,0] Assertion `ind >=0 && ind < ind_dim_size && "vectorized gather kernel index out of bounds"` failed.
/pytorch/aten/src/ATen/native/cuda/IndexKernelUtils.cu:16: vectorized_gather_kernel: block: [415,0,0], thread: [191,0,0] Assertion `ind >=0 && ind < ind_dim_size && "vectorized gather kernel index out of bounds"` failed.
Traceback (most recent call last):
  File "/lustre/raplab/client/xutingz/fac/DeepGEMM_tp/bench/test_v4_flash_tp_native_local.py", line 173, in <module>
    main()
  File "/lustre/raplab/client/xutingz/fac/DeepGEMM_tp/bench/test_v4_flash_tp_native_local.py", line 112, in main
    pooled_sf = workspace.l1_acts_sf[:, pool_rows].T.contiguous()
                ~~~~~~~~~~~~~~~~~~~~^^^^^^^^^^^^^^
torch.AcceleratorError: CUDA error: device-side assert triggered
Search for `cudaErrorAssert' in https://docs.nvidia.com/cuda/cuda-runtime-api/group__CUDART__TYPES.html for more information.
CUDA kernel errors might be asynchronously reported at some other API call, so the stacktrace below might be incorrect.
For debugging consider passing CUDA_LAUNCH_BLOCKING=1
Compile with `TORCH_USE_CUDA_DSA` to enable device-side assertions.

==PROF== Disconnected from process 501250
==ERROR== The application returned an error code (1).
==PROF== Report: /lustre/raplab/client/xutingz/fac/DeepGEMM_tp/results/iter301_native_register_dequant_m128.ncu-rep
