Iteration 716a/716b capped-RDC static gate
date: 2026-09-06
container: megamoe on H20-GPU-06
toolchain: Build cuda_12.8.r12.8/compiler.35404655_0
CUDA business-kernel launches: 0

unique CUDA entry:
tp4_megamoe_single_launch_kernel_iter716a

build output:
/tmp/iter716a_unique_rdc_r64/v4tp_49f35bd1b995105c53bc_v178mspec.so

sha256:
e91f9dd377315758f543ed9216fd310dc0d4e0dd6a8763354824e7321e149ab8  cuda.cu
d9631ce2140560c129bd3823ba0c89fdf5ad977d5ce7c2039d84802756b8d896  main.cpp
dcdcc6b03a0ca36c901f67fc9389eeda8c7803884bda1cef1d62a219bbc05273  build.ninja
38818c2f1d31f62287e3ee8c9e75eaa1c0e9d04dc2c744d9a96b866f5072a5fe  v4tp_49f35bd1b995105c53bc_v178mspec.so
b3c39782d02ae9e99183817b69c61c482dc48138d304da36d618d266d3b73294  cuda.cuda.o
4539db904caaf6dc5aa86ecf7385025fc95cad0f54c741887d11bbfd0c1b6418  dlink.o
9086525b1333c33822a94682c4355ae13a456e77ca0fbefef4122712e32ffadc  w2.sass

cuobjdump --dump-resource-usage (selected entries):
Function tp4_megamoe_single_launch_kernel_iter716a<2,128>:
  REG:64 STACK:360 SHARED:1616 LOCAL:0 CONSTANT[0]:1361
Function tp4_megamoe_single_launch_kernel_iter716a<4,128>:
  REG:64 STACK:360 SHARED:1616 LOCAL:0 CONSTANT[0]:1361

exact W2 callee SASS:
lines: 3493
bytes: 450225
QGMMA count: 32
DEPBAR count: 16
WARPGROUP.ARRIVE count: 32
STL count: 61
LDL count: 66
STL+LDL count: 127
prologue: IADD3 R1, R1, -0xf8, RZ
callee frame: 248 bytes/thread

first spill stores:
STL [R1+0xf0], R61
STL [R1+0xec], R60
STL [R1+0xe8], R55
STL [R1+0xe4], R54
STL [R1+0xe0], R53

production sha256:
30e6c402b4dc220d2a4eb03099d1f1cd0f82e59b0af38747b59906d84c3fdbdf  v4_flash_tp_wgmma.py
16bb9e09d6d23247ea2291f08992f48c1cd394309829913732c6bff9c55901bb  bench/v4_flash_tp_single_vs_multi_graph.py

decision: REJECT before CUDA launch; material stack/spill cliff.
