ITER405_INTERNAL_SMID_MAP_TP4_COLD_SCREEN
date=2026-09-05
host=H20-GPU-06
container=dpskv4_h20_weekly_gap_20260727
gpus=0,1,2,3
world_size=4
route_pattern=random
seed=20260904
outer=2
replays=10
warmup_replays=2
pair_granularity=replay
l2_policy=separate_256MiB_clear_before_every_replay_clear_excluded
input_contract=shared_prequantized_FP8_E4M3_X_plus_FP32_group128_scale

m8.control_batch_medians_ms=[0.07342400029301643,0.07384000346064568]
m8.candidate_batch_medians_ms=[0.0891840010881424,0.08937600255012512]
m8.control_min_median_max_ms=[0.07295999675989151,0.07358400151133537,2.529855966567993]
m8.candidate_min_median_max_ms=[0.08742400258779526,0.08931200206279755,2.5437440872192383]
m8.candidate_over_control=1.2137421209559978
m8.correctness_identical_to_control=true

m128.control_batch_medians_ms=[0.302480012178421,0.3014719933271408]
m128.candidate_batch_medians_ms=[0.35547199845314026,0.35337600111961365]
m128.control_min_median_max_ms=[0.2988480031490326,0.30188800394535065,2.7527360916137695]
m128.candidate_min_median_max_ms=[0.3511039912700653,0.3546240031719208,2.809760093688965]
m128.candidate_over_control=1.1746872964058441
m128.correctness_identical_to_control=true

endpoint.control_geomean_ms=0.14904404496177867
endpoint.candidate_geomean_ms=0.17796679382066788
endpoint.candidate_over_control=1.1940550450459544

comparison.iter400_caller_map_m8_ms=0.08816000074148178
comparison.iter405_internal_map_m8_ms=0.08931200206279755
comparison.iter400_caller_map_m128_ms=0.34934400022029877
comparison.iter405_internal_map_m128_ms=0.3546240031719208
decision=REJECT_AND_RESTORE_ITER399_SOURCE
ITER405_INTERNAL_SMID_MAP_TP4_COLD_SCREEN_REJECTED
