
Fatbin elf code:
================
arch = sm_90a
code version = [1,7]
host = linux
compile_size = 64bit

Resource usage:
 Common:
  GLOBAL:20 CONSTANT[3]:32
 Function _Z27fused_k6_nvls_pull_tp8_taskILi128EEvPK13__nv_bfloat16PKfPS0_PKhS5_PhS8_ii:
  REG:0 STACK:0 SHARED:0 LOCAL:0 TEXTURE:0 SURFACE:0 SAMPLER:0
 Function __cuda_sm3x_div_rn_noftz_f32_slowpath:
  REG:0 STACK:0 SHARED:0 LOCAL:0 TEXTURE:0 SURFACE:0 SAMPLER:0
 Function _Z32tp8_megamoe_single_launch_kernelILi4ELi128EEv14CUtensorMap_stS0_S0_S0_PKhS2_PKfS2_S2_S4_S2_S4_PKiS4_PiS7_S7_PfP13__nv_bfloat16PhS8_SA_PK5uint2S7_S7_SA_PjSB_SB_SB_SB_SB_SB_SB_SB_SB_SA_S2_SB_SB_iilb:
  REG:100 STACK:16 SHARED:1504 LOCAL:0 CONSTANT[0]:1393 TEXTURE:0 SURFACE:0 SAMPLER:0
 Function _Z32tp8_megamoe_single_launch_kernelILi2ELi128EEv14CUtensorMap_stS0_S0_S0_PKhS2_PKfS2_S2_S4_S2_S4_PKiS4_PiS7_S7_PfP13__nv_bfloat16PhS8_SA_PK5uint2S7_S7_SA_PjSB_SB_SB_SB_SB_SB_SB_SB_SB_SA_S2_SB_SB_iilb:
  REG:100 STACK:16 SHARED:1504 LOCAL:0 CONSTANT[0]:1393 TEXTURE:0 SURFACE:0 SAMPLER:0
 Function _Z27fused_k6_nvls_pull_tp8_taskILi64EEvPK13__nv_bfloat16PKfPS0_PKhS5_PhS8_ii:
  REG:0 STACK:0 SHARED:0 LOCAL:0 TEXTURE:0 SURFACE:0 SAMPLER:0
 Function _Z32tp8_megamoe_single_launch_kernelILi4ELi64EEv14CUtensorMap_stS0_S0_S0_PKhS2_PKfS2_S2_S4_S2_S4_PKiS4_PiS7_S7_PfP13__nv_bfloat16PhS8_SA_PK5uint2S7_S7_SA_PjSB_SB_SB_SB_SB_SB_SB_SB_SB_SA_S2_SB_SB_iilb:
  REG:100 STACK:16 SHARED:1504 LOCAL:0 CONSTANT[0]:1393 TEXTURE:0 SURFACE:0 SAMPLER:0
 Function _Z32tp8_megamoe_single_launch_kernelILi2ELi64EEv14CUtensorMap_stS0_S0_S0_PKhS2_PKfS2_S2_S4_S2_S4_PKiS4_PiS7_S7_PfP13__nv_bfloat16PhS8_SA_PK5uint2S7_S7_SA_PjSB_SB_SB_SB_SB_SB_SB_SB_SB_SA_S2_SB_SB_iilb:
  REG:100 STACK:16 SHARED:1504 LOCAL:0 CONSTANT[0]:1393 TEXTURE:0 SURFACE:0 SAMPLER:0
 Function _Z27fused_k6_nvls_pull_tp8_taskILi32EEvPK13__nv_bfloat16PKfPS0_PKhS5_PhS8_ii:
  REG:0 STACK:0 SHARED:0 LOCAL:0 TEXTURE:0 SURFACE:0 SAMPLER:0
 Function _Z32tp8_megamoe_single_launch_kernelILi4ELi32EEv14CUtensorMap_stS0_S0_S0_PKhS2_PKfS2_S2_S4_S2_S4_PKiS4_PiS7_S7_PfP13__nv_bfloat16PhS8_SA_PK5uint2S7_S7_SA_PjSB_SB_SB_SB_SB_SB_SB_SB_SB_SA_S2_SB_SB_iilb:
  REG:100 STACK:16 SHARED:1504 LOCAL:0 CONSTANT[0]:1393 TEXTURE:0 SURFACE:0 SAMPLER:0
 Function _Z32tp8_megamoe_single_launch_kernelILi2ELi32EEv14CUtensorMap_stS0_S0_S0_PKhS2_PKfS2_S2_S4_S2_S4_PKiS4_PiS7_S7_PfP13__nv_bfloat16PhS8_SA_PK5uint2S7_S7_SA_PjSB_SB_SB_SB_SB_SB_SB_SB_SB_SA_S2_SB_SB_iilb:
  REG:100 STACK:16 SHARED:1504 LOCAL:0 CONSTANT[0]:1393 TEXTURE:0 SURFACE:0 SAMPLER:0
 Function _Z35fused_k6_multicast_push_ar_tp8_taskILi16EEvPK13__nv_bfloat16PKfPS0_PjPhS7_S7_S7_S7_S7_S7_S7_S7_ilii:
  REG:0 STACK:0 SHARED:0 LOCAL:0 TEXTURE:0 SURFACE:0 SAMPLER:0
 Function _Z32tp8_megamoe_single_launch_kernelILi4ELi16EEv14CUtensorMap_stS0_S0_S0_PKhS2_PKfS2_S2_S4_S2_S4_PKiS4_PiS7_S7_PfP13__nv_bfloat16PhS8_SA_PK5uint2S7_S7_SA_PjSB_SB_SB_SB_SB_SB_SB_SB_SB_SA_S2_SB_SB_iilb:
  REG:134 STACK:152 SHARED:1504 LOCAL:0 CONSTANT[0]:1393 TEXTURE:0 SURFACE:0 SAMPLER:0
 Function _Z32tp8_megamoe_single_launch_kernelILi2ELi16EEv14CUtensorMap_stS0_S0_S0_PKhS2_PKfS2_S2_S4_S2_S4_PKiS4_PiS7_S7_PfP13__nv_bfloat16PhS8_SA_PK5uint2S7_S7_SA_PjSB_SB_SB_SB_SB_SB_SB_SB_SB_SA_S2_SB_SB_iilb:
  REG:134 STACK:152 SHARED:1504 LOCAL:0 CONSTANT[0]:1393 TEXTURE:0 SURFACE:0 SAMPLER:0
 Function _Z35fused_k6_multicast_push_ar_tp8_taskILi8EEvPK13__nv_bfloat16PKfPS0_PjPhS7_S7_S7_S7_S7_S7_S7_S7_ilii:
  REG:0 STACK:0 SHARED:0 LOCAL:0 TEXTURE:0 SURFACE:0 SAMPLER:0
 Function _Z32tp8_megamoe_single_launch_kernelILi4ELi8EEv14CUtensorMap_stS0_S0_S0_PKhS2_PKfS2_S2_S4_S2_S4_PKiS4_PiS7_S7_PfP13__nv_bfloat16PhS8_SA_PK5uint2S7_S7_SA_PjSB_SB_SB_SB_SB_SB_SB_SB_SB_SA_S2_SB_SB_iilb:
  REG:134 STACK:152 SHARED:1504 LOCAL:0 CONSTANT[0]:1393 TEXTURE:0 SURFACE:0 SAMPLER:0
 Function _Z32tp8_megamoe_single_launch_kernelILi2ELi8EEv14CUtensorMap_stS0_S0_S0_PKhS2_PKfS2_S2_S4_S2_S4_PKiS4_PiS7_S7_PfP13__nv_bfloat16PhS8_SA_PK5uint2S7_S7_SA_PjSB_SB_SB_SB_SB_SB_SB_SB_SB_SA_S2_SB_SB_iilb:
  REG:134 STACK:152 SHARED:1504 LOCAL:0 CONSTANT[0]:1393 TEXTURE:0 SURFACE:0 SAMPLER:0
 Function _Z27single_launch_w2_gemm_phaseILb1EEvPK14CUtensorMap_stS2_PKhS4_PKfS4_S6_PKiS8_S8_S6_P13__nv_bfloat16PK5uint2iiii:
  REG:0 STACK:0 SHARED:0 LOCAL:0 TEXTURE:0 SURFACE:0 SAMPLER:0
 Function _Z36single_launch_w13_gemm_phase_compactILi2ELi128ELb1EEvPK24SingleLaunchW13PhaseArgs:
  REG:0 STACK:0 SHARED:0 LOCAL:0 TEXTURE:0 SURFACE:0 SAMPLER:0
 Function _Z41tp4_megamoe_single_launch_kernel_iter714bILi2ELi128EEv14CUtensorMap_stS0_S0_S0_PKhS2_PKfS2_S2_S4_S2_S4_PKiS4_PiS7_S7_PfP13__nv_bfloat16PhS8_SA_PK5uint2S7_S7_SA_PjSB_SB_SB_SB_SB_SA_S2_SB_SB_iilb:
  REG:195 STACK:112 SHARED:1616 LOCAL:0 CONSTANT[0]:1361 TEXTURE:0 SURFACE:0 SAMPLER:0
 Function _Z36single_launch_w13_gemm_phase_compactILi4ELi128ELb1EEvPK24SingleLaunchW13PhaseArgs:
  REG:0 STACK:0 SHARED:0 LOCAL:0 TEXTURE:0 SURFACE:0 SAMPLER:0
 Function _Z41tp4_megamoe_single_launch_kernel_iter714bILi4ELi128EEv14CUtensorMap_stS0_S0_S0_PKhS2_PKfS2_S2_S4_S2_S4_PKiS4_PiS7_S7_PfP13__nv_bfloat16PhS8_SA_PK5uint2S7_S7_SA_PjSB_SB_SB_SB_SB_SA_S2_SB_SB_iilb:
  REG:195 STACK:112 SHARED:1616 LOCAL:0 CONSTANT[0]:1361 TEXTURE:0 SURFACE:0 SAMPLER:0
 Function _Z41tp4_megamoe_single_launch_kernel_iter714bILi2ELi64EEv14CUtensorMap_stS0_S0_S0_PKhS2_PKfS2_S2_S4_S2_S4_PKiS4_PiS7_S7_PfP13__nv_bfloat16PhS8_SA_PK5uint2S7_S7_SA_PjSB_SB_SB_SB_SB_SA_S2_SB_SB_iilb:
  REG:195 STACK:112 SHARED:1616 LOCAL:0 CONSTANT[0]:1361 TEXTURE:0 SURFACE:0 SAMPLER:0
 Function _Z41tp4_megamoe_single_launch_kernel_iter714bILi4ELi64EEv14CUtensorMap_stS0_S0_S0_PKhS2_PKfS2_S2_S4_S2_S4_PKiS4_PiS7_S7_PfP13__nv_bfloat16PhS8_SA_PK5uint2S7_S7_SA_PjSB_SB_SB_SB_SB_SA_S2_SB_SB_iilb:
  REG:195 STACK:112 SHARED:1616 LOCAL:0 CONSTANT[0]:1361 TEXTURE:0 SURFACE:0 SAMPLER:0
 Function _Z41tp4_megamoe_single_launch_kernel_iter714bILi4ELi32EEv14CUtensorMap_stS0_S0_S0_PKhS2_PKfS2_S2_S4_S2_S4_PKiS4_PiS7_S7_PfP13__nv_bfloat16PhS8_SA_PK5uint2S7_S7_SA_PjSB_SB_SB_SB_SB_SA_S2_SB_SB_iilb:
  REG:195 STACK:112 SHARED:1616 LOCAL:0 CONSTANT[0]:1361 TEXTURE:0 SURFACE:0 SAMPLER:0
 Function _Z41tp4_megamoe_single_launch_kernel_iter714bILi2ELi32EEv14CUtensorMap_stS0_S0_S0_PKhS2_PKfS2_S2_S4_S2_S4_PKiS4_PiS7_S7_PfP13__nv_bfloat16PhS8_SA_PK5uint2S7_S7_SA_PjSB_SB_SB_SB_SB_SA_S2_SB_SB_iilb:
  REG:195 STACK:112 SHARED:1616 LOCAL:0 CONSTANT[0]:1361 TEXTURE:0 SURFACE:0 SAMPLER:0
 Function _Z41tp4_megamoe_single_launch_kernel_iter714bILi4ELi16EEv14CUtensorMap_stS0_S0_S0_PKhS2_PKfS2_S2_S4_S2_S4_PKiS4_PiS7_S7_PfP13__nv_bfloat16PhS8_SA_PK5uint2S7_S7_SA_PjSB_SB_SB_SB_SB_SA_S2_SB_SB_iilb:
  REG:195 STACK:112 SHARED:1616 LOCAL:0 CONSTANT[0]:1361 TEXTURE:0 SURFACE:0 SAMPLER:0
 Function _Z41tp4_megamoe_single_launch_kernel_iter714bILi2ELi16EEv14CUtensorMap_stS0_S0_S0_PKhS2_PKfS2_S2_S4_S2_S4_PKiS4_PiS7_S7_PfP13__nv_bfloat16PhS8_SA_PK5uint2S7_S7_SA_PjSB_SB_SB_SB_SB_SA_S2_SB_SB_iilb:
  REG:195 STACK:112 SHARED:1616 LOCAL:0 CONSTANT[0]:1361 TEXTURE:0 SURFACE:0 SAMPLER:0
 Function _Z41tp4_megamoe_single_launch_kernel_iter714bILi4ELi8EEv14CUtensorMap_stS0_S0_S0_PKhS2_PKfS2_S2_S4_S2_S4_PKiS4_PiS7_S7_PfP13__nv_bfloat16PhS8_SA_PK5uint2S7_S7_SA_PjSB_SB_SB_SB_SB_SA_S2_SB_SB_iilb:
  REG:195 STACK:112 SHARED:1616 LOCAL:0 CONSTANT[0]:1361 TEXTURE:0 SURFACE:0 SAMPLER:0
 Function _Z41tp4_megamoe_single_launch_kernel_iter714bILi2ELi8EEv14CUtensorMap_stS0_S0_S0_PKhS2_PKfS2_S2_S4_S2_S4_PKiS4_PiS7_S7_PfP13__nv_bfloat16PhS8_SA_PK5uint2S7_S7_SA_PjSB_SB_SB_SB_SB_SA_S2_SB_SB_iilb:
  REG:195 STACK:112 SHARED:1616 LOCAL:0 CONSTANT[0]:1361 TEXTURE:0 SURFACE:0 SAMPLER:0
 Function _Z26reduce_swiglu_quant_kernelILi256ELi1EEvPKfP13__nv_bfloat16PhPfPKiS7_S1_i:
  REG:28 STACK:0 SHARED:1044 LOCAL:0 CONSTANT[0]:588 TEXTURE:0 SURFACE:0 SAMPLER:0
 Function _Z26reduce_swiglu_quant_kernelILi256ELi2EEvPKfP13__nv_bfloat16PhPfPKiS7_S1_i:
  REG:28 STACK:0 SHARED:1500 LOCAL:0 CONSTANT[0]:588 TEXTURE:0 SURFACE:0 SAMPLER:0
 Function _Z26reduce_swiglu_quant_kernelILi256ELi4EEvPKfP13__nv_bfloat16PhPfPKiS7_S1_i:
  REG:30 STACK:0 SHARED:1492 LOCAL:0 CONSTANT[0]:588 TEXTURE:0 SURFACE:0 SAMPLER:0
 Function _Z26reduce_swiglu_quant_kernelILi512ELi1EEvPKfP13__nv_bfloat16PhPfPKiS7_S1_i:
  REG:28 STACK:0 SHARED:1044 LOCAL:0 CONSTANT[0]:588 TEXTURE:0 SURFACE:0 SAMPLER:0
 Function _Z26reduce_swiglu_quant_kernelILi512ELi2EEvPKfP13__nv_bfloat16PhPfPKiS7_S1_i:
  REG:28 STACK:0 SHARED:1496 LOCAL:0 CONSTANT[0]:588 TEXTURE:0 SURFACE:0 SAMPLER:0
 Function _Z26reduce_swiglu_quant_kernelILi512ELi4EEvPKfP13__nv_bfloat16PhPfPKiS7_S1_i:
  REG:30 STACK:0 SHARED:1500 LOCAL:0 CONSTANT[0]:588 TEXTURE:0 SURFACE:0 SAMPLER:0
 Function _Z20reduce_swiglu_kernelILi256ELi1EEvPKfP13__nv_bfloat16i:
  REG:24 STACK:0 SHARED:0 LOCAL:0 CONSTANT[0]:548 TEXTURE:0 SURFACE:0 SAMPLER:0
 Function _Z20reduce_swiglu_kernelILi256ELi2EEvPKfP13__nv_bfloat16i:
  REG:24 STACK:0 SHARED:0 LOCAL:0 CONSTANT[0]:548 TEXTURE:0 SURFACE:0 SAMPLER:0
 Function _Z20reduce_swiglu_kernelILi256ELi4EEvPKfP13__nv_bfloat16i:
  REG:24 STACK:0 SHARED:0 LOCAL:0 CONSTANT[0]:548 TEXTURE:0 SURFACE:0 SAMPLER:0
 Function _Z20reduce_swiglu_kernelILi512ELi1EEvPKfP13__nv_bfloat16i:
  REG:24 STACK:0 SHARED:0 LOCAL:0 CONSTANT[0]:548 TEXTURE:0 SURFACE:0 SAMPLER:0
 Function _Z20reduce_swiglu_kernelILi512ELi2EEvPKfP13__nv_bfloat16i:
  REG:24 STACK:0 SHARED:0 LOCAL:0 CONSTANT[0]:548 TEXTURE:0 SURFACE:0 SAMPLER:0
 Function _Z20reduce_swiglu_kernelILi512ELi4EEvPKfP13__nv_bfloat16i:
  REG:24 STACK:0 SHARED:0 LOCAL:0 CONSTANT[0]:548 TEXTURE:0 SURFACE:0 SAMPLER:0
 Function _Z10route_gemmILi256ELi4096ELi1ELb0ELi4ELb0ELb0EEv14CUtensorMap_stS0_PKhS2_PKfS2_S4_PKiS6_S6_S4_PfPK5uint2Piii:
  REG:66 STACK:0 SHARED:1152 LOCAL:0 CONSTANT[0]:936 TEXTURE:0 SURFACE:0 SAMPLER:0
 Function _Z10route_gemmILi256ELi4096ELi1ELb0ELi8ELb0ELb0EEv14CUtensorMap_stS0_PKhS2_PKfS2_S4_PKiS6_S6_S4_PfPK5uint2Piii:
  REG:66 STACK:0 SHARED:1152 LOCAL:0 CONSTANT[0]:936 TEXTURE:0 SURFACE:0 SAMPLER:0
 Function _Z10route_gemmILi256ELi4096ELi1ELb0ELi16ELb0ELb0EEv14CUtensorMap_stS0_PKhS2_PKfS2_S4_PKiS6_S6_S4_PfPK5uint2Piii:
  REG:66 STACK:0 SHARED:1152 LOCAL:0 CONSTANT[0]:936 TEXTURE:0 SURFACE:0 SAMPLER:0
 Function _Z10route_gemmILi512ELi4096ELi1ELb0ELi4ELb0ELb0EEv14CUtensorMap_stS0_PKhS2_PKfS2_S4_PKiS6_S6_S4_PfPK5uint2Piii:
  REG:78 STACK:0 SHARED:1152 LOCAL:0 CONSTANT[0]:936 TEXTURE:0 SURFACE:0 SAMPLER:0
 Function _Z10route_gemmILi512ELi4096ELi1ELb0ELi8ELb0ELb0EEv14CUtensorMap_stS0_PKhS2_PKfS2_S4_PKiS6_S6_S4_PfPK5uint2Piii:
  REG:78 STACK:0 SHARED:1152 LOCAL:0 CONSTANT[0]:936 TEXTURE:0 SURFACE:0 SAMPLER:0
 Function _Z10route_gemmILi512ELi4096ELi1ELb0ELi16ELb0ELb0EEv14CUtensorMap_stS0_PKhS2_PKfS2_S4_PKiS6_S6_S4_PfPK5uint2Piii:
  REG:78 STACK:0 SHARED:1152 LOCAL:0 CONSTANT[0]:936 TEXTURE:0 SURFACE:0 SAMPLER:0
 Function _Z10route_gemmILi512ELi4096ELi1ELb0ELi0ELb1ELb0EEv14CUtensorMap_stS0_PKhS2_PKfS2_S4_PKiS6_S6_S4_PfPK5uint2Piii:
  REG:79 STACK:0 SHARED:1152 LOCAL:0 CONSTANT[0]:936 TEXTURE:0 SURFACE:0 SAMPLER:0
 Function _Z10route_gemmILi256ELi4096ELi1ELb0ELi0ELb0ELb0EEv14CUtensorMap_stS0_PKhS2_PKfS2_S4_PKiS6_S6_S4_PfPK5uint2Piii:
  REG:66 STACK:0 SHARED:1152 LOCAL:0 CONSTANT[0]:936 TEXTURE:0 SURFACE:0 SAMPLER:0
 Function _Z10route_gemmILi512ELi4096ELi1ELb0ELi0ELb0ELb0EEv14CUtensorMap_stS0_PKhS2_PKfS2_S4_PKiS6_S6_S4_PfPK5uint2Piii:
  REG:78 STACK:0 SHARED:1152 LOCAL:0 CONSTANT[0]:936 TEXTURE:0 SURFACE:0 SAMPLER:0
 Function _Z10route_gemmILi4096ELi512ELi1ELb1ELi0ELb0ELb0EEv14CUtensorMap_stS0_PKhS2_PKfS2_S4_PKiS6_S6_S4_PfPK5uint2Piii:
  REG:91 STACK:0 SHARED:1152 LOCAL:0 CONSTANT[0]:936 TEXTURE:0 SURFACE:0 SAMPLER:0
 Function _Z10route_gemmILi4096ELi512ELi2ELb1ELi0ELb0ELb0EEv14CUtensorMap_stS0_PKhS2_PKfS2_S4_PKiS6_S6_S4_PfPK5uint2Piii:
  REG:94 STACK:0 SHARED:1152 LOCAL:0 CONSTANT[0]:936 TEXTURE:0 SURFACE:0 SAMPLER:0
 Function _Z10route_gemmILi4096ELi512ELi4ELb1ELi0ELb0ELb0EEv14CUtensorMap_stS0_PKhS2_PKfS2_S4_PKiS6_S6_S4_PfPK5uint2Piii:
  REG:94 STACK:0 SHARED:1152 LOCAL:0 CONSTANT[0]:936 TEXTURE:0 SURFACE:0 SAMPLER:0
 Function _Z10route_gemmILi4096ELi1024ELi1ELb1ELi0ELb0ELb0EEv14CUtensorMap_stS0_PKhS2_PKfS2_S4_PKiS6_S6_S4_PfPK5uint2Piii:
  REG:91 STACK:0 SHARED:1152 LOCAL:0 CONSTANT[0]:936 TEXTURE:0 SURFACE:0 SAMPLER:0
 Function _Z10route_gemmILi4096ELi1024ELi2ELb1ELi0ELb0ELb0EEv14CUtensorMap_stS0_PKhS2_PKfS2_S4_PKiS6_S6_S4_PfPK5uint2Piii:
  REG:94 STACK:0 SHARED:1152 LOCAL:0 CONSTANT[0]:936 TEXTURE:0 SURFACE:0 SAMPLER:0
 Function _Z10route_gemmILi4096ELi1024ELi4ELb1ELi0ELb0ELb0EEv14CUtensorMap_stS0_PKhS2_PKfS2_S4_PKiS6_S6_S4_PfPK5uint2Piii:
  REG:94 STACK:0 SHARED:1152 LOCAL:0 CONSTANT[0]:936 TEXTURE:0 SURFACE:0 SAMPLER:0
 Function _Z29fused_k6_nvls_pull_tp4_kernelILi256EEvPK13__nv_bfloat16PKfPS0_PKhS5_PhS8_i:
  REG:53 STACK:0 SHARED:0 LOCAL:0 CONSTANT[0]:588 TEXTURE:0 SURFACE:0 SAMPLER:0
 Function _Z35fused_rank_route_mc_pull_tp4_kernelILi256EEvPKhPKfP13__nv_bfloat16PhS6_i:
  REG:48 STACK:0 SHARED:0 LOCAL:0 CONSTANT[0]:572 TEXTURE:0 SURFACE:0 SAMPLER:0
 Function _Z34progress_mc_push_finish_tp4_kernelILi512EEvP13__nv_bfloat16PjPhS3_S3_S3_iil:
  REG:51 STACK:32 SHARED:0 LOCAL:0 CONSTANT[0]:592 TEXTURE:0 SURFACE:0 SAMPLER:0
 Function _Z34progress_mc_push_finish_tp4_kernelILi256EEvP13__nv_bfloat16PjPhS3_S3_S3_iil:
  REG:51 STACK:32 SHARED:0 LOCAL:0 CONSTANT[0]:592 TEXTURE:0 SURFACE:0 SAMPLER:0
 Function _Z34progress_mc_push_finish_tp4_kernelILi128EEvP13__nv_bfloat16PjPhS3_S3_S3_iil:
  REG:51 STACK:32 SHARED:0 LOCAL:0 CONSTANT[0]:592 TEXTURE:0 SURFACE:0 SAMPLER:0
 Function _Z30progress_k6_mc_push_tp4_kernelILi64ELi8ELb0EEvPK13__nv_bfloat16PKfPS0_PiPjPhS8_S8_S8_S8_iil:
  REG:48 STACK:0 SHARED:0 LOCAL:0 CONSTANT[0]:624 TEXTURE:0 SURFACE:0 SAMPLER:0
 Function _Z30progress_k6_mc_push_tp4_kernelILi128ELi4ELb0EEvPK13__nv_bfloat16PKfPS0_PiPjPhS8_S8_S8_S8_iil:
  REG:48 STACK:0 SHARED:0 LOCAL:0 CONSTANT[0]:624 TEXTURE:0 SURFACE:0 SAMPLER:0
 Function _Z30progress_k6_mc_push_tp4_kernelILi256ELi2ELb0EEvPK13__nv_bfloat16PKfPS0_PiPjPhS8_S8_S8_S8_iil:
  REG:48 STACK:0 SHARED:0 LOCAL:0 CONSTANT[0]:624 TEXTURE:0 SURFACE:0 SAMPLER:0
 Function _Z30progress_k6_mc_push_tp4_kernelILi64ELi8ELb1EEvPK13__nv_bfloat16PKfPS0_PiPjPhS8_S8_S8_S8_iil:
  REG:54 STACK:32 SHARED:0 LOCAL:0 CONSTANT[0]:624 TEXTURE:0 SURFACE:0 SAMPLER:0
 Function _Z30progress_k6_mc_push_tp4_kernelILi128ELi4ELb1EEvPK13__nv_bfloat16PKfPS0_PiPjPhS8_S8_S8_S8_iil:
  REG:54 STACK:32 SHARED:0 LOCAL:0 CONSTANT[0]:624 TEXTURE:0 SURFACE:0 SAMPLER:0
 Function _Z30progress_k6_mc_push_tp4_kernelILi256ELi2ELb1EEvPK13__nv_bfloat16PKfPS0_PiPjPhS8_S8_S8_S8_iil:
  REG:54 STACK:32 SHARED:0 LOCAL:0 CONSTANT[0]:624 TEXTURE:0 SURFACE:0 SAMPLER:0
 Function _Z27fused_k6_push_ar_tp4_kernelILi256ELb1ELb1EEvPK13__nv_bfloat16PKfPS0_PjPhS7_S7_S7_S7_iilii:
  REG:55 STACK:32 SHARED:0 LOCAL:0 CONSTANT[0]:624 TEXTURE:0 SURFACE:0 SAMPLER:0
 Function _Z27fused_k6_push_ar_tp4_kernelILi256ELb0ELb0EEvPK13__nv_bfloat16PKfPS0_PjPhS7_S7_S7_S7_iilii:
  REG:48 STACK:32 SHARED:0 LOCAL:0 CONSTANT[0]:624 TEXTURE:0 SURFACE:0 SAMPLER:0
 Function _Z27fused_k6_push_ar_tp4_kernelILi128ELb0ELb0EEvPK13__nv_bfloat16PKfPS0_PjPhS7_S7_S7_S7_iilii:
  REG:48 STACK:32 SHARED:0 LOCAL:0 CONSTANT[0]:624 TEXTURE:0 SURFACE:0 SAMPLER:0
 Function _Z27fused_k6_push_ar_tp4_kernelILi256ELb1ELb0EEvPK13__nv_bfloat16PKfPS0_PjPhS7_S7_S7_S7_iilii:
  REG:49 STACK:32 SHARED:0 LOCAL:0 CONSTANT[0]:624 TEXTURE:0 SURFACE:0 SAMPLER:0
 Function _Z27fused_k6_push_ar_tp4_kernelILi128ELb1ELb0EEvPK13__nv_bfloat16PKfPS0_PjPhS7_S7_S7_S7_iilii:
  REG:48 STACK:32 SHARED:0 LOCAL:0 CONSTANT[0]:624 TEXTURE:0 SURFACE:0 SAMPLER:0
 Function _Z27fused_k6_push_ar_tp4_kernelILi512ELb1ELb0EEvPK13__nv_bfloat16PKfPS0_PjPhS7_S7_S7_S7_iilii:
  REG:49 STACK:32 SHARED:0 LOCAL:0 CONSTANT[0]:624 TEXTURE:0 SURFACE:0 SAMPLER:0
 Function _Z22tiled_k6_reduce_kernelILi256ELi2EEvPK13__nv_bfloat16PKfPS0_i:
  REG:32 STACK:0 SHARED:0 LOCAL:0 CONSTANT[0]:556 TEXTURE:0 SURFACE:0 SAMPLER:0
 Function _Z22tiled_k6_reduce_kernelILi256ELi1EEvPK13__nv_bfloat16PKfPS0_i:
  REG:24 STACK:0 SHARED:0 LOCAL:0 CONSTANT[0]:556 TEXTURE:0 SURFACE:0 SAMPLER:0
 Function _Z22tiled_k6_reduce_kernelILi128ELi2EEvPK13__nv_bfloat16PKfPS0_i:
  REG:32 STACK:0 SHARED:0 LOCAL:0 CONSTANT[0]:556 TEXTURE:0 SURFACE:0 SAMPLER:0
 Function _Z22tiled_k6_reduce_kernelILi128ELi1EEvPK13__nv_bfloat16PKfPS0_i:
  REG:24 STACK:0 SHARED:0 LOCAL:0 CONSTANT[0]:556 TEXTURE:0 SURFACE:0 SAMPLER:0
 Function __cuda_sm20_rcp_rn_f32_slowpath:
  REG:0 STACK:0 SHARED:0 LOCAL:0 TEXTURE:0 SURFACE:0 SAMPLER:0
 Function _Z23paired_w13_fused_kernelILi256EEvPKhPKfS1_S3_PKiS5_S5_PfP13__nv_bfloat16PhS6_i:
  REG:75 STACK:8 SHARED:3344 LOCAL:0 CONSTANT[0]:620 TEXTURE:0 SURFACE:0 SAMPLER:0
 Function _Z23paired_w13_fused_kernelILi512EEvPKhPKfS1_S3_PKiS5_S5_PfP13__nv_bfloat16PhS6_i:
  REG:75 STACK:8 SHARED:3344 LOCAL:0 CONSTANT[0]:620 TEXTURE:0 SURFACE:0 SAMPLER:0
 Function _Z18braid_mode2_kernelPjl:
  REG:15 STACK:0 SHARED:0 LOCAL:0 CONSTANT[0]:544 TEXTURE:0 SURFACE:0 SAMPLER:0
 Function _Z16cast_bf16_kernelPKfP13__nv_bfloat16i:
  REG:10 STACK:0 SHARED:0 LOCAL:0 CONSTANT[0]:548 TEXTURE:0 SURFACE:0 SAMPLER:0
 Function _Z34interleaved_scheduler_probe_kernelPKiS0_PiS1_S1_S1_S1_S1_S1_S1_S1_iii:
  REG:22 STACK:0 SHARED:0 LOCAL:0 CONSTANT[0]:628 TEXTURE:0 SURFACE:0 SAMPLER:0
 Function _Z24fused_route_quant_kernelPKiPK13__nv_bfloat16PiS4_S4_PhPfS4_i:
  REG:28 STACK:0 SHARED:4300 LOCAL:0 CONSTANT[0]:596 TEXTURE:0 SURFACE:0 SAMPLER:0
 Function _Z18route_align_kernelPKiPiS1_S1_S1_i:
  REG:27 STACK:0 SHARED:4260 LOCAL:0 CONSTANT[0]:572 TEXTURE:0 SURFACE:0 SAMPLER:0
