Exact accepted-winner restore and TP4 cold-L2 regression
Date: 2026-09-03

Runtime files restored byte-for-byte from commit 7cc55d5:
v4_flash_tp_wgmma.py sha256=94ad1c87ba8593b26c8ea3a4e8e5be59d76f8349759936133cfd4415d15fe4de
bench/test_v4_flash_tp_wgmma.py sha256=c4cf07ab3e7129dc54d50cb80bff94268d07e9869174d4f8c58d9d294b9bb31a

Correctness gates:
TP4 M8 balanced: W13 cos=0.999999998, ACT cos=0.999999759,
W2 cos=0.999997256, finite=true, OK.
TP4 M8 maximal skew: W13 cos=0.999999997, ACT cos=0.999999649,
W2 cos=0.999997235, finite=true, OK.
TP8 shape M8 maximal skew: W13 cos=0.999999997, ACT cos=0.999999763,
W2 cos=0.999997249, finite=true, OK.

TP4 paired CUDA-Graph cold-L2 screen:
random routes, outer=4, replays=100, pair-granularity=batch; separate 256 MiB
cache clear before every individually timed replay and excluded from events.

M    active padded  Humming min/median/max ms       Custom min/median/max ms        custom/Humming
8    43     344     0.088960 / 0.090432 / 0.100352  0.091072 / 0.092800 / 0.112032  1.026185
16   82     656     0.144288 / 0.145856 / 0.156736  0.141888 / 0.143984 / 0.159040  0.987165
32   140    1120    0.224320 / 0.226432 / 0.234304  0.215712 / 0.218272 / 0.235552  0.963963
64   203    1624    0.312096 / 0.322400 / 0.338048  0.299392 / 0.311408 / 0.328576  0.965906
128  248    1992    0.384032 / 0.422528 / 0.494944  0.383872 / 0.454816 / 0.474656  1.076416

All correctness/allreduce checks pass at every M.
Geometric mean: Humming 0.209839359 ms, custom 0.210477243 ms.
Custom/Humming=1.003040; custom is 0.304% slower in this screen.
M128 batch medians are visibly variable for both implementations; retain the
prior 2,000-sample formal result as the higher-confidence accepted comparison.
