W2 cross-QGMMA S2R prefetch candidate correctness and binary audit
Date: 2026-09-03
Environment: V4_W2_S2R_PREFETCH=1

TP4 M8 balanced:
W13 cos=0.999999998 rel_l2=0.000076187
ACT cos=0.999999759 rel_l2=0.000694956
W2 cos=0.999997256 rel_l2=0.002342691 finite=True

TP4 M8 maximal skew:
W13 cos=0.999999997 rel_l2=0.000077292
ACT cos=0.999999649 rel_l2=0.000838723
W2 cos=0.999997235 rel_l2=0.002351904 finite=True

TP8-shape M8 maximal skew:
W13 cos=0.999999997 rel_l2=0.000077480
ACT cos=0.999999763 rel_l2=0.000689115
W2 cos=0.999997249 rel_l2=0.002345847 finite=True

All checks report V4_WGMMA_OK and reproduce accepted errors exactly.

cuobjdump TP4 W2 resource/SASS audit:
registers/thread=56 (accepted=48), static shared=4096 B,
dynamic shared unchanged=21.504 KiB, local memory=0.
The candidate remains below the 64-register eight-CTA/SM boundary.  The
unrolled SASS places the following K32 packed-weight and LUT loads before the
current QGMMA and consumes them after WARPGROUP.DEPBAR, confirming that the
requested cross-QGMMA S2R schedule survived compilation.
