[1/3] c++ -MMD -MF main.o.d -DTORCH_EXTENSION_NAME=v4_flash_tp_wgmma_sdyn_wo128_lr256_sr4_sb2_st2_ws64_wca1_dh1_dl1_dsl0_nws1_twl1_bwc1_m21_ro1_w2gl0_w2pf1_w13pf1_mb0_v43 -DTORCH_API_INCLUDE_EXTENSION_H -isystem /usr/local/lib/python3.12/dist-packages/torch/include -isystem /usr/local/lib/python3.12/dist-packages/torch/include/torch/csrc/api/include -isystem /usr/local/cuda/include -isystem /usr/include/python3.12 -fPIC -std=c++17 -c /tmp/torch_ext_v4_tp/v4_flash_tp_wgmma_sdyn_wo128_lr256_sr4_sb2_st2_ws64_wca1_dh1_dl1_dsl0_nws1_twl1_bwc1_m21_ro1_w2gl0_w2pf1_w13pf1_mb0_v43/main.cpp -o main.o 
[2/3] /usr/local/cuda/bin/nvcc -MD -MF cuda.cuda.o.d -DTORCH_EXTENSION_NAME=v4_flash_tp_wgmma_sdyn_wo128_lr256_sr4_sb2_st2_ws64_wca1_dh1_dl1_dsl0_nws1_twl1_bwc1_m21_ro1_w2gl0_w2pf1_w13pf1_mb0_v43 -DTORCH_API_INCLUDE_EXTENSION_H -isystem /usr/local/lib/python3.12/dist-packages/torch/include -isystem /usr/local/lib/python3.12/dist-packages/torch/include/torch/csrc/api/include -isystem /usr/local/cuda/include -isystem /usr/include/python3.12 -D__CUDA_NO_HALF_OPERATORS__ -D__CUDA_NO_HALF_CONVERSIONS__ -D__CUDA_NO_BFLOAT16_CONVERSIONS__ -D__CUDA_NO_HALF2_OPERATORS__ --expt-relaxed-constexpr --compiler-options '-fPIC' -O3 -DK_WOUT=128 -DK_LUT_ROWS=256 -DK_SCALE_QUAD_REUSE=4 -DK_SCALE_BUFFERS=2 -DK_WEIGHT_STAGES=2 -DK_WEIGHT_SWIZZLE=64 -DK_WEIGHT_COMMON_ADDRESS=1 -DK_DEQUANT_DP4A_HI=1 -DK_DEQUANT_DP4A_LO=1 -DK_DEQUANT_SYNTH_LUT=0 -DK_NORMALIZED_WEIGHT_SCALE=1 -DK_TILED_WEIGHT_LAYOUT=1 -DK_BULK_WEIGHT_COPY=1 -DK_MODE2_BRAID=1 -DK_W2_GLOBAL_LUT=0 -DK_W2_S2R_PREFETCH=1 -DK_W13_S2R_PREFETCH=1 -DK_W2_ROUTE_OUTPUT=1 -DK_MIN_BLOCKS_PER_SM=0 --expt-relaxed-constexpr --expt-extended-lambda -gencode arch=compute_90a,code=sm_90a -std=c++17 -lineinfo -I/lustre/raplab/client/xutingz/fac/DeepGEMM/deep_gemm/include -c /tmp/torch_ext_v4_tp/v4_flash_tp_wgmma_sdyn_wo128_lr256_sr4_sb2_st2_ws64_wca1_dh1_dl1_dsl0_nws1_twl1_bwc1_m21_ro1_w2gl0_w2pf1_w13pf1_mb0_v43/cuda.cu -o cuda.cuda.o 
ptxas info    : (C7519) warpgroup.arrive is injected in around line 8389 by compiler to allow use of registers in GMMA in function '_Z10route_gemmILi256ELi4096ELi1ELb0EEv14CUtensorMap_stS0_PKhS2_PKfS2_S4_PKiS6_S6_S4_PfPK5uint2i'
ptxas info    : (C7519) warpgroup.arrive is injected in around line 8589 by compiler to allow use of registers in GMMA in function '_Z10route_gemmILi256ELi4096ELi1ELb0EEv14CUtensorMap_stS0_PKhS2_PKfS2_S4_PKiS6_S6_S4_PfPK5uint2i'
ptxas info    : (C7519) warpgroup.arrive is injected in around line 8786 by compiler to allow use of registers in GMMA in function '_Z10route_gemmILi256ELi4096ELi1ELb0EEv14CUtensorMap_stS0_PKhS2_PKfS2_S4_PKiS6_S6_S4_PfPK5uint2i'
ptxas info    : (C7519) warpgroup.arrive is injected in around line 8938 by compiler to allow use of registers in GMMA in function '_Z10route_gemmILi256ELi4096ELi1ELb0EEv14CUtensorMap_stS0_PKhS2_PKfS2_S4_PKiS6_S6_S4_PfPK5uint2i'
ptxas info    : (C7519) warpgroup.arrive is injected in around line 6966 by compiler to allow use of registers in GMMA in function '_Z10route_gemmILi512ELi4096ELi1ELb0EEv14CUtensorMap_stS0_PKhS2_PKfS2_S4_PKiS6_S6_S4_PfPK5uint2i'
ptxas info    : (C7519) warpgroup.arrive is injected in around line 7165 by compiler to allow use of registers in GMMA in function '_Z10route_gemmILi512ELi4096ELi1ELb0EEv14CUtensorMap_stS0_PKhS2_PKfS2_S4_PKiS6_S6_S4_PfPK5uint2i'
ptxas info    : (C7519) warpgroup.arrive is injected in around line 7361 by compiler to allow use of registers in GMMA in function '_Z10route_gemmILi512ELi4096ELi1ELb0EEv14CUtensorMap_stS0_PKhS2_PKfS2_S4_PKiS6_S6_S4_PfPK5uint2i'
ptxas info    : (C7519) warpgroup.arrive is injected in around line 7513 by compiler to allow use of registers in GMMA in function '_Z10route_gemmILi512ELi4096ELi1ELb0EEv14CUtensorMap_stS0_PKhS2_PKfS2_S4_PKiS6_S6_S4_PfPK5uint2i'
ptxas info    : (C7519) warpgroup.arrive is injected in around line 5618 by compiler to allow use of registers in GMMA in function '_Z10route_gemmILi4096ELi512ELi2ELb1EEv14CUtensorMap_stS0_PKhS2_PKfS2_S4_PKiS6_S6_S4_PfPK5uint2i'
ptxas info    : (C7519) warpgroup.arrive is injected in around line 5817 by compiler to allow use of registers in GMMA in function '_Z10route_gemmILi4096ELi512ELi2ELb1EEv14CUtensorMap_stS0_PKhS2_PKfS2_S4_PKiS6_S6_S4_PfPK5uint2i'
ptxas info    : (C7519) warpgroup.arrive is injected in around line 6013 by compiler to allow use of registers in GMMA in function '_Z10route_gemmILi4096ELi512ELi2ELb1EEv14CUtensorMap_stS0_PKhS2_PKfS2_S4_PKiS6_S6_S4_PfPK5uint2i'
ptxas info    : (C7519) warpgroup.arrive is injected in around line 6165 by compiler to allow use of registers in GMMA in function '_Z10route_gemmILi4096ELi512ELi2ELb1EEv14CUtensorMap_stS0_PKhS2_PKfS2_S4_PKiS6_S6_S4_PfPK5uint2i'
ptxas info    : (C7519) warpgroup.arrive is injected in around line 4240 by compiler to allow use of registers in GMMA in function '_Z10route_gemmILi4096ELi512ELi4ELb1EEv14CUtensorMap_stS0_PKhS2_PKfS2_S4_PKiS6_S6_S4_PfPK5uint2i'
ptxas info    : (C7519) warpgroup.arrive is injected in around line 4439 by compiler to allow use of registers in GMMA in function '_Z10route_gemmILi4096ELi512ELi4ELb1EEv14CUtensorMap_stS0_PKhS2_PKfS2_S4_PKiS6_S6_S4_PfPK5uint2i'
ptxas info    : (C7519) warpgroup.arrive is injected in around line 4635 by compiler to allow use of registers in GMMA in function '_Z10route_gemmILi4096ELi512ELi4ELb1EEv14CUtensorMap_stS0_PKhS2_PKfS2_S4_PKiS6_S6_S4_PfPK5uint2i'
ptxas info    : (C7519) warpgroup.arrive is injected in around line 4787 by compiler to allow use of registers in GMMA in function '_Z10route_gemmILi4096ELi512ELi4ELb1EEv14CUtensorMap_stS0_PKhS2_PKfS2_S4_PKiS6_S6_S4_PfPK5uint2i'
ptxas info    : (C7519) warpgroup.arrive is injected in around line 2862 by compiler to allow use of registers in GMMA in function '_Z10route_gemmILi4096ELi1024ELi2ELb1EEv14CUtensorMap_stS0_PKhS2_PKfS2_S4_PKiS6_S6_S4_PfPK5uint2i'
ptxas info    : (C7519) warpgroup.arrive is injected in around line 3061 by compiler to allow use of registers in GMMA in function '_Z10route_gemmILi4096ELi1024ELi2ELb1EEv14CUtensorMap_stS0_PKhS2_PKfS2_S4_PKiS6_S6_S4_PfPK5uint2i'
ptxas info    : (C7519) warpgroup.arrive is injected in around line 3257 by compiler to allow use of registers in GMMA in function '_Z10route_gemmILi4096ELi1024ELi2ELb1EEv14CUtensorMap_stS0_PKhS2_PKfS2_S4_PKiS6_S6_S4_PfPK5uint2i'
ptxas info    : (C7519) warpgroup.arrive is injected in around line 3409 by compiler to allow use of registers in GMMA in function '_Z10route_gemmILi4096ELi1024ELi2ELb1EEv14CUtensorMap_stS0_PKhS2_PKfS2_S4_PKiS6_S6_S4_PfPK5uint2i'
ptxas info    : (C7519) warpgroup.arrive is injected in around line 1484 by compiler to allow use of registers in GMMA in function '_Z10route_gemmILi4096ELi1024ELi4ELb1EEv14CUtensorMap_stS0_PKhS2_PKfS2_S4_PKiS6_S6_S4_PfPK5uint2i'
ptxas info    : (C7519) warpgroup.arrive is injected in around line 1683 by compiler to allow use of registers in GMMA in function '_Z10route_gemmILi4096ELi1024ELi4ELb1EEv14CUtensorMap_stS0_PKhS2_PKfS2_S4_PKiS6_S6_S4_PfPK5uint2i'
ptxas info    : (C7519) warpgroup.arrive is injected in around line 1879 by compiler to allow use of registers in GMMA in function '_Z10route_gemmILi4096ELi1024ELi4ELb1EEv14CUtensorMap_stS0_PKhS2_PKfS2_S4_PKiS6_S6_S4_PfPK5uint2i'
ptxas info    : (C7519) warpgroup.arrive is injected in around line 2031 by compiler to allow use of registers in GMMA in function '_Z10route_gemmILi4096ELi1024ELi4ELb1EEv14CUtensorMap_stS0_PKhS2_PKfS2_S4_PKiS6_S6_S4_PfPK5uint2i'
[3/3] c++ main.o cuda.cuda.o -shared -lcuda -L/usr/local/lib/python3.12/dist-packages/torch/lib -lc10 -lc10_cuda -ltorch_cpu -ltorch_cuda -ltorch -ltorch_python -L/usr/local/cuda/lib64 -lcudart -o v4_flash_tp_wgmma_sdyn_wo128_lr256_sr4_sb2_st2_ws64_wca1_dh1_dl1_dsl0_nws1_twl1_bwc1_m21_ro1_w2gl0_w2pf1_w13pf1_mb0_v43.so
V4_WGMMA_PREP routes_ok=True quant_exact=True scale_max_abs=0
V4_WGMMA_CHECK M=8 pattern=balanced Is=512 active=48 padded=384 split_k=4 mode2=True fused_act_quant=True w2_global_lut=False
V4_WGMMA_W13 cos=0.999999982 rel_l2=0.000193494
V4_WGMMA_ACT cos=0.999999289 rel_l2=0.001192182
V4_WGMMA_W2 cos=0.999997272 rel_l2=0.002336153 finite=True
V4_WGMMA_OK
