W13 cross-QGMMA S2R prefetch candidate correctness and resource audit
Date: 2026-09-03
Environment: default W2 S2R prefetch plus V4_W13_S2R_PREFETCH=1.

TP4 M8 balanced, auto split-K=4:
W13 cos=0.999999998 rel_l2=0.000076187
ACT cos=0.999999759 rel_l2=0.000694956
W2 cos=0.999997256 rel_l2=0.002342691 finite=True

TP4 M8 balanced, forced split-K=2:
W13 cos=0.999999998 rel_l2=0.000076187
ACT cos=0.999999746 rel_l2=0.000712793
W2 cos=0.999997256 rel_l2=0.002342691 finite=True

TP8-shape M8 maximal skew, auto split-K=4:
W13 cos=0.999999997 rel_l2=0.000077480
ACT cos=0.999999763 rel_l2=0.000689115
W2 cos=0.999997249 rel_l2=0.002345847 finite=True

All checks report V4_WGMMA_OK.  Every TP4/TP8 W13 split specialization uses
56 registers/thread, no local memory, and unchanged 21.504 KiB dynamic plus
4 KiB static shared memory.  Shared memory already limits residency to nine
CTAs/SM, so the increase from the accepted 48 registers does not lower the
resource-feasible occupancy.
