[1/3] c++ -MMD -MF main.o.d -DTORCH_EXTENSION_NAME=v4_flash_tp_wgmma_sdyn_wo128_lr256_sr4_sb2_st2_ws64_wca1_dh1_dl1_dsl0_nws1_twl1_bwc1_ibc1_l2p2_m21_ro1_w2gl0_w2pf1_w13pf1_mb0_v45 -DTORCH_API_INCLUDE_EXTENSION_H -isystem /usr/local/lib/python3.12/dist-packages/torch/include -isystem /usr/local/lib/python3.12/dist-packages/torch/include/torch/csrc/api/include -isystem /usr/local/cuda/include -isystem /usr/include/python3.12 -fPIC -std=c++17 -c /tmp/torch_ext_v4_tp/v4_flash_tp_wgmma_sdyn_wo128_lr256_sr4_sb2_st2_ws64_wca1_dh1_dl1_dsl0_nws1_twl1_bwc1_ibc1_l2p2_m21_ro1_w2gl0_w2pf1_w13pf1_mb0_v45/main.cpp -o main.o 
[2/3] /usr/local/cuda/bin/nvcc -MD -MF cuda.cuda.o.d -DTORCH_EXTENSION_NAME=v4_flash_tp_wgmma_sdyn_wo128_lr256_sr4_sb2_st2_ws64_wca1_dh1_dl1_dsl0_nws1_twl1_bwc1_ibc1_l2p2_m21_ro1_w2gl0_w2pf1_w13pf1_mb0_v45 -DTORCH_API_INCLUDE_EXTENSION_H -isystem /usr/local/lib/python3.12/dist-packages/torch/include -isystem /usr/local/lib/python3.12/dist-packages/torch/include/torch/csrc/api/include -isystem /usr/local/cuda/include -isystem /usr/include/python3.12 -D__CUDA_NO_HALF_OPERATORS__ -D__CUDA_NO_HALF_CONVERSIONS__ -D__CUDA_NO_BFLOAT16_CONVERSIONS__ -D__CUDA_NO_HALF2_OPERATORS__ --expt-relaxed-constexpr --compiler-options '-fPIC' -O3 -DK_WOUT=128 -DK_LUT_ROWS=256 -DK_SCALE_QUAD_REUSE=4 -DK_SCALE_BUFFERS=2 -DK_WEIGHT_STAGES=2 -DK_WEIGHT_SWIZZLE=64 -DK_WEIGHT_COMMON_ADDRESS=1 -DK_DEQUANT_DP4A_HI=1 -DK_DEQUANT_DP4A_LO=1 -DK_DEQUANT_SYNTH_LUT=0 -DK_NORMALIZED_WEIGHT_SCALE=1 -DK_TILED_WEIGHT_LAYOUT=1 -DK_BULK_WEIGHT_COPY=1 -DK_INTERLEAVED_BULK_COPY=1 -DK_BULK_L2_PREFETCH=2 -DK_MODE2_BRAID=1 -DK_W2_GLOBAL_LUT=0 -DK_W2_S2R_PREFETCH=1 -DK_W13_S2R_PREFETCH=1 -DK_W2_ROUTE_OUTPUT=1 -DK_MIN_BLOCKS_PER_SM=0 --expt-relaxed-constexpr --expt-extended-lambda -gencode arch=compute_90a,code=sm_90a -std=c++17 -lineinfo -I/lustre/raplab/client/xutingz/fac/DeepGEMM/deep_gemm/include -c /tmp/torch_ext_v4_tp/v4_flash_tp_wgmma_sdyn_wo128_lr256_sr4_sb2_st2_ws64_wca1_dh1_dl1_dsl0_nws1_twl1_bwc1_ibc1_l2p2_m21_ro1_w2gl0_w2pf1_w13pf1_mb0_v45/cuda.cu -o cuda.cuda.o 
ptxas info    : (C7519) warpgroup.arrive is injected in around line 8605 by compiler to allow use of registers in GMMA in function '_Z10route_gemmILi256ELi4096ELi1ELb0EEv14CUtensorMap_stS0_PKhS2_PKfS2_S4_PKiS6_S6_S4_PfPK5uint2i'
ptxas info    : (C7519) warpgroup.arrive is injected in around line 8805 by compiler to allow use of registers in GMMA in function '_Z10route_gemmILi256ELi4096ELi1ELb0EEv14CUtensorMap_stS0_PKhS2_PKfS2_S4_PKiS6_S6_S4_PfPK5uint2i'
ptxas info    : (C7519) warpgroup.arrive is injected in around line 9002 by compiler to allow use of registers in GMMA in function '_Z10route_gemmILi256ELi4096ELi1ELb0EEv14CUtensorMap_stS0_PKhS2_PKfS2_S4_PKiS6_S6_S4_PfPK5uint2i'
ptxas info    : (C7519) warpgroup.arrive is injected in around line 9154 by compiler to allow use of registers in GMMA in function '_Z10route_gemmILi256ELi4096ELi1ELb0EEv14CUtensorMap_stS0_PKhS2_PKfS2_S4_PKiS6_S6_S4_PfPK5uint2i'
ptxas info    : (C7519) warpgroup.arrive is injected in around line 7226 by compiler to allow use of registers in GMMA in function '_Z10route_gemmILi512ELi4096ELi1ELb0EEv14CUtensorMap_stS0_PKhS2_PKfS2_S4_PKiS6_S6_S4_PfPK5uint2i'
ptxas info    : (C7519) warpgroup.arrive is injected in around line 7425 by compiler to allow use of registers in GMMA in function '_Z10route_gemmILi512ELi4096ELi1ELb0EEv14CUtensorMap_stS0_PKhS2_PKfS2_S4_PKiS6_S6_S4_PfPK5uint2i'
ptxas info    : (C7519) warpgroup.arrive is injected in around line 7621 by compiler to allow use of registers in GMMA in function '_Z10route_gemmILi512ELi4096ELi1ELb0EEv14CUtensorMap_stS0_PKhS2_PKfS2_S4_PKiS6_S6_S4_PfPK5uint2i'
ptxas info    : (C7519) warpgroup.arrive is injected in around line 7773 by compiler to allow use of registers in GMMA in function '_Z10route_gemmILi512ELi4096ELi1ELb0EEv14CUtensorMap_stS0_PKhS2_PKfS2_S4_PKiS6_S6_S4_PfPK5uint2i'
ptxas info    : (C7519) warpgroup.arrive is injected in around line 5844 by compiler to allow use of registers in GMMA in function '_Z10route_gemmILi4096ELi512ELi2ELb1EEv14CUtensorMap_stS0_PKhS2_PKfS2_S4_PKiS6_S6_S4_PfPK5uint2i'
ptxas info    : (C7519) warpgroup.arrive is injected in around line 6043 by compiler to allow use of registers in GMMA in function '_Z10route_gemmILi4096ELi512ELi2ELb1EEv14CUtensorMap_stS0_PKhS2_PKfS2_S4_PKiS6_S6_S4_PfPK5uint2i'
ptxas info    : (C7519) warpgroup.arrive is injected in around line 6239 by compiler to allow use of registers in GMMA in function '_Z10route_gemmILi4096ELi512ELi2ELb1EEv14CUtensorMap_stS0_PKhS2_PKfS2_S4_PKiS6_S6_S4_PfPK5uint2i'
ptxas info    : (C7519) warpgroup.arrive is injected in around line 6391 by compiler to allow use of registers in GMMA in function '_Z10route_gemmILi4096ELi512ELi2ELb1EEv14CUtensorMap_stS0_PKhS2_PKfS2_S4_PKiS6_S6_S4_PfPK5uint2i'
ptxas info    : (C7519) warpgroup.arrive is injected in around line 4397 by compiler to allow use of registers in GMMA in function '_Z10route_gemmILi4096ELi512ELi4ELb1EEv14CUtensorMap_stS0_PKhS2_PKfS2_S4_PKiS6_S6_S4_PfPK5uint2i'
ptxas info    : (C7519) warpgroup.arrive is injected in around line 4596 by compiler to allow use of registers in GMMA in function '_Z10route_gemmILi4096ELi512ELi4ELb1EEv14CUtensorMap_stS0_PKhS2_PKfS2_S4_PKiS6_S6_S4_PfPK5uint2i'
ptxas info    : (C7519) warpgroup.arrive is injected in around line 4792 by compiler to allow use of registers in GMMA in function '_Z10route_gemmILi4096ELi512ELi4ELb1EEv14CUtensorMap_stS0_PKhS2_PKfS2_S4_PKiS6_S6_S4_PfPK5uint2i'
ptxas info    : (C7519) warpgroup.arrive is injected in around line 4944 by compiler to allow use of registers in GMMA in function '_Z10route_gemmILi4096ELi512ELi4ELb1EEv14CUtensorMap_stS0_PKhS2_PKfS2_S4_PKiS6_S6_S4_PfPK5uint2i'
ptxas info    : (C7519) warpgroup.arrive is injected in around line 2950 by compiler to allow use of registers in GMMA in function '_Z10route_gemmILi4096ELi1024ELi2ELb1EEv14CUtensorMap_stS0_PKhS2_PKfS2_S4_PKiS6_S6_S4_PfPK5uint2i'
ptxas info    : (C7519) warpgroup.arrive is injected in around line 3149 by compiler to allow use of registers in GMMA in function '_Z10route_gemmILi4096ELi1024ELi2ELb1EEv14CUtensorMap_stS0_PKhS2_PKfS2_S4_PKiS6_S6_S4_PfPK5uint2i'
ptxas info    : (C7519) warpgroup.arrive is injected in around line 3345 by compiler to allow use of registers in GMMA in function '_Z10route_gemmILi4096ELi1024ELi2ELb1EEv14CUtensorMap_stS0_PKhS2_PKfS2_S4_PKiS6_S6_S4_PfPK5uint2i'
ptxas info    : (C7519) warpgroup.arrive is injected in around line 3497 by compiler to allow use of registers in GMMA in function '_Z10route_gemmILi4096ELi1024ELi2ELb1EEv14CUtensorMap_stS0_PKhS2_PKfS2_S4_PKiS6_S6_S4_PfPK5uint2i'
ptxas info    : (C7519) warpgroup.arrive is injected in around line 1503 by compiler to allow use of registers in GMMA in function '_Z10route_gemmILi4096ELi1024ELi4ELb1EEv14CUtensorMap_stS0_PKhS2_PKfS2_S4_PKiS6_S6_S4_PfPK5uint2i'
ptxas info    : (C7519) warpgroup.arrive is injected in around line 1702 by compiler to allow use of registers in GMMA in function '_Z10route_gemmILi4096ELi1024ELi4ELb1EEv14CUtensorMap_stS0_PKhS2_PKfS2_S4_PKiS6_S6_S4_PfPK5uint2i'
ptxas info    : (C7519) warpgroup.arrive is injected in around line 1898 by compiler to allow use of registers in GMMA in function '_Z10route_gemmILi4096ELi1024ELi4ELb1EEv14CUtensorMap_stS0_PKhS2_PKfS2_S4_PKiS6_S6_S4_PfPK5uint2i'
ptxas info    : (C7519) warpgroup.arrive is injected in around line 2050 by compiler to allow use of registers in GMMA in function '_Z10route_gemmILi4096ELi1024ELi4ELb1EEv14CUtensorMap_stS0_PKhS2_PKfS2_S4_PKiS6_S6_S4_PfPK5uint2i'
[3/3] c++ main.o cuda.cuda.o -shared -lcuda -L/usr/local/lib/python3.12/dist-packages/torch/lib -lc10 -lc10_cuda -ltorch_cpu -ltorch_cuda -ltorch -ltorch_python -L/usr/local/cuda/lib64 -lcudart -o v4_flash_tp_wgmma_sdyn_wo128_lr256_sr4_sb2_st2_ws64_wca1_dh1_dl1_dsl0_nws1_twl1_bwc1_ibc1_l2p2_m21_ro1_w2gl0_w2pf1_w13pf1_mb0_v45.so
V4_WGMMA_PREP routes_ok=True quant_exact=True scale_max_abs=0
V4_WGMMA_CHECK M=8 pattern=balanced Is=512 active=48 padded=384 split_k=4 mode2=True interleaved_bulk=True bulk_l2_prefetch=2 fused_act_quant=True w2_global_lut=False
V4_WGMMA_W13 cos=0.999999982 rel_l2=0.000193494
V4_WGMMA_ACT cos=0.999999289 rel_l2=0.001192182
V4_WGMMA_W2 cos=0.999997272 rel_l2=0.002336153 finite=True
V4_WGMMA_OK
