
Fatbin elf code:
================
arch = sm_90a
code version = [1,8]
host = linux
compile_size = 64bit
identifier = /tmp/torch_ext_v4_tp/v4tp_6a4afb4180127dda471c_v178mspec/cuda.cu

Resource usage:
 Common:
  GLOBAL:29 CONSTANT[4]:232 CONSTANT[3]:32
 Function _Z32tp4_megamoe_single_launch_kernelILi2ELi128EEv14CUtensorMap_stS0_S0_S0_PKhS2_PKfS2_S2_S4_S2_S4_PKiS4_PiS7_S7_PfP13__nv_bfloat16PhS8_SA_PK5uint2S7_S7_SA_PjSB_SB_SB_SB_SB_SA_S2_SB_SB_iilb:
  REG:56 STACK:48 SHARED:2048 LOCAL:0 CONSTANT[0]:1425 TEXTURE:0 SURFACE:0 SAMPLER:0
 Function _Z32tp4_megamoe_single_launch_kernelILi4ELi128EEv14CUtensorMap_stS0_S0_S0_PKhS2_PKfS2_S2_S4_S2_S4_PKiS4_PiS7_S7_PfP13__nv_bfloat16PhS8_SA_PK5uint2S7_S7_SA_PjSB_SB_SB_SB_SB_SA_S2_SB_SB_iilb:
  REG:56 STACK:48 SHARED:2048 LOCAL:0 CONSTANT[0]:1425 TEXTURE:0 SURFACE:0 SAMPLER:0
 Function _Z32tp4_megamoe_single_launch_kernelILi2ELi64EEv14CUtensorMap_stS0_S0_S0_PKhS2_PKfS2_S2_S4_S2_S4_PKiS4_PiS7_S7_PfP13__nv_bfloat16PhS8_SA_PK5uint2S7_S7_SA_PjSB_SB_SB_SB_SB_SA_S2_SB_SB_iilb:
  REG:64 STACK:48 SHARED:2048 LOCAL:0 CONSTANT[0]:1425 TEXTURE:0 SURFACE:0 SAMPLER:0
 Function _Z32tp4_megamoe_single_launch_kernelILi4ELi64EEv14CUtensorMap_stS0_S0_S0_PKhS2_PKfS2_S2_S4_S2_S4_PKiS4_PiS7_S7_PfP13__nv_bfloat16PhS8_SA_PK5uint2S7_S7_SA_PjSB_SB_SB_SB_SB_SA_S2_SB_SB_iilb:
  REG:64 STACK:48 SHARED:2048 LOCAL:0 CONSTANT[0]:1425 TEXTURE:0 SURFACE:0 SAMPLER:0
 Function _Z32tp4_megamoe_single_launch_kernelILi4ELi32EEv14CUtensorMap_stS0_S0_S0_PKhS2_PKfS2_S2_S4_S2_S4_PKiS4_PiS7_S7_PfP13__nv_bfloat16PhS8_SA_PK5uint2S7_S7_SA_PjSB_SB_SB_SB_SB_SA_S2_SB_SB_iilb:
  REG:64 STACK:32 SHARED:2048 LOCAL:0 CONSTANT[0]:1425 TEXTURE:0 SURFACE:0 SAMPLER:0
 Function _Z32tp4_megamoe_single_launch_kernelILi2ELi32EEv14CUtensorMap_stS0_S0_S0_PKhS2_PKfS2_S2_S4_S2_S4_PKiS4_PiS7_S7_PfP13__nv_bfloat16PhS8_SA_PK5uint2S7_S7_SA_PjSB_SB_SB_SB_SB_SA_S2_SB_SB_iilb:
  REG:64 STACK:32 SHARED:2048 LOCAL:0 CONSTANT[0]:1425 TEXTURE:0 SURFACE:0 SAMPLER:0
 Function _Z32tp4_megamoe_single_launch_kernelILi4ELi16EEv14CUtensorMap_stS0_S0_S0_PKhS2_PKfS2_S2_S4_S2_S4_PKiS4_PiS7_S7_PfP13__nv_bfloat16PhS8_SA_PK5uint2S7_S7_SA_PjSB_SB_SB_SB_SB_SA_S2_SB_SB_iilb:
  REG:64 STACK:32 SHARED:2048 LOCAL:0 CONSTANT[0]:1425 TEXTURE:0 SURFACE:0 SAMPLER:0
 Function _Z32tp4_megamoe_single_launch_kernelILi2ELi16EEv14CUtensorMap_stS0_S0_S0_PKhS2_PKfS2_S2_S4_S2_S4_PKiS4_PiS7_S7_PfP13__nv_bfloat16PhS8_SA_PK5uint2S7_S7_SA_PjSB_SB_SB_SB_SB_SA_S2_SB_SB_iilb:
  REG:64 STACK:32 SHARED:2048 LOCAL:0 CONSTANT[0]:1425 TEXTURE:0 SURFACE:0 SAMPLER:0
 Function _Z32tp4_megamoe_single_launch_kernelILi4ELi8EEv14CUtensorMap_stS0_S0_S0_PKhS2_PKfS2_S2_S4_S2_S4_PKiS4_PiS7_S7_PfP13__nv_bfloat16PhS8_SA_PK5uint2S7_S7_SA_PjSB_SB_SB_SB_SB_SA_S2_SB_SB_iilb:
  REG:64 STACK:32 SHARED:2048 LOCAL:0 CONSTANT[0]:1425 TEXTURE:0 SURFACE:0 SAMPLER:0
 Function _Z32tp4_megamoe_single_launch_kernelILi2ELi8EEv14CUtensorMap_stS0_S0_S0_PKhS2_PKfS2_S2_S4_S2_S4_PKiS4_PiS7_S7_PfP13__nv_bfloat16PhS8_SA_PK5uint2S7_S7_SA_PjSB_SB_SB_SB_SB_SA_S2_SB_SB_iilb:
  REG:64 STACK:32 SHARED:2048 LOCAL:0 CONSTANT[0]:1425 TEXTURE:0 SURFACE:0 SAMPLER:0
 Function _Z26reduce_swiglu_quant_kernelILi256ELi1EEvPKfP13__nv_bfloat16PhPfPKiS7_S1_i:
  REG:19 STACK:0 SHARED:2048 LOCAL:0 CONSTANT[0]:588 TEXTURE:0 SURFACE:0 SAMPLER:0
 Function _Z26reduce_swiglu_quant_kernelILi256ELi2EEvPKfP13__nv_bfloat16PhPfPKiS7_S1_i:
  REG:19 STACK:0 SHARED:2048 LOCAL:0 CONSTANT[0]:588 TEXTURE:0 SURFACE:0 SAMPLER:0
 Function _Z26reduce_swiglu_quant_kernelILi256ELi4EEvPKfP13__nv_bfloat16PhPfPKiS7_S1_i:
  REG:24 STACK:0 SHARED:2048 LOCAL:0 CONSTANT[0]:588 TEXTURE:0 SURFACE:0 SAMPLER:0
 Function _Z26reduce_swiglu_quant_kernelILi512ELi1EEvPKfP13__nv_bfloat16PhPfPKiS7_S1_i:
  REG:19 STACK:0 SHARED:2048 LOCAL:0 CONSTANT[0]:588 TEXTURE:0 SURFACE:0 SAMPLER:0
 Function _Z26reduce_swiglu_quant_kernelILi512ELi2EEvPKfP13__nv_bfloat16PhPfPKiS7_S1_i:
  REG:19 STACK:0 SHARED:2048 LOCAL:0 CONSTANT[0]:588 TEXTURE:0 SURFACE:0 SAMPLER:0
 Function _Z26reduce_swiglu_quant_kernelILi512ELi4EEvPKfP13__nv_bfloat16PhPfPKiS7_S1_i:
  REG:24 STACK:0 SHARED:2048 LOCAL:0 CONSTANT[0]:588 TEXTURE:0 SURFACE:0 SAMPLER:0
 Function _Z20reduce_swiglu_kernelILi256ELi1EEvPKfP13__nv_bfloat16i:
  REG:16 STACK:0 SHARED:1024 LOCAL:0 CONSTANT[0]:548 TEXTURE:0 SURFACE:0 SAMPLER:0
 Function _Z20reduce_swiglu_kernelILi256ELi2EEvPKfP13__nv_bfloat16i:
  REG:18 STACK:0 SHARED:1024 LOCAL:0 CONSTANT[0]:548 TEXTURE:0 SURFACE:0 SAMPLER:0
 Function _Z20reduce_swiglu_kernelILi256ELi4EEvPKfP13__nv_bfloat16i:
  REG:20 STACK:0 SHARED:1024 LOCAL:0 CONSTANT[0]:548 TEXTURE:0 SURFACE:0 SAMPLER:0
 Function _Z20reduce_swiglu_kernelILi512ELi1EEvPKfP13__nv_bfloat16i:
  REG:16 STACK:0 SHARED:1024 LOCAL:0 CONSTANT[0]:548 TEXTURE:0 SURFACE:0 SAMPLER:0
 Function _Z20reduce_swiglu_kernelILi512ELi2EEvPKfP13__nv_bfloat16i:
  REG:18 STACK:0 SHARED:1024 LOCAL:0 CONSTANT[0]:548 TEXTURE:0 SURFACE:0 SAMPLER:0
 Function _Z20reduce_swiglu_kernelILi512ELi4EEvPKfP13__nv_bfloat16i:
  REG:20 STACK:0 SHARED:1024 LOCAL:0 CONSTANT[0]:548 TEXTURE:0 SURFACE:0 SAMPLER:0
 Function _Z10route_gemmILi256ELi4096ELi1ELb0ELi4ELb0ELb0EEv14CUtensorMap_stS0_PKhS2_PKfS2_S4_PKiS6_S6_S4_PfPK5uint2Piii:
  REG:58 STACK:0 SHARED:2048 LOCAL:0 CONSTANT[0]:1000 TEXTURE:0 SURFACE:0 SAMPLER:0
 Function _Z10route_gemmILi256ELi4096ELi1ELb0ELi8ELb0ELb0EEv14CUtensorMap_stS0_PKhS2_PKfS2_S4_PKiS6_S6_S4_PfPK5uint2Piii:
  REG:58 STACK:0 SHARED:2048 LOCAL:0 CONSTANT[0]:1000 TEXTURE:0 SURFACE:0 SAMPLER:0
 Function _Z10route_gemmILi256ELi4096ELi1ELb0ELi16ELb0ELb0EEv14CUtensorMap_stS0_PKhS2_PKfS2_S4_PKiS6_S6_S4_PfPK5uint2Piii:
  REG:58 STACK:0 SHARED:2048 LOCAL:0 CONSTANT[0]:1000 TEXTURE:0 SURFACE:0 SAMPLER:0
 Function _Z10route_gemmILi512ELi4096ELi1ELb0ELi4ELb0ELb0EEv14CUtensorMap_stS0_PKhS2_PKfS2_S4_PKiS6_S6_S4_PfPK5uint2Piii:
  REG:61 STACK:0 SHARED:2048 LOCAL:0 CONSTANT[0]:1000 TEXTURE:0 SURFACE:0 SAMPLER:0
 Function _Z10route_gemmILi512ELi4096ELi1ELb0ELi8ELb0ELb0EEv14CUtensorMap_stS0_PKhS2_PKfS2_S4_PKiS6_S6_S4_PfPK5uint2Piii:
  REG:61 STACK:0 SHARED:2048 LOCAL:0 CONSTANT[0]:1000 TEXTURE:0 SURFACE:0 SAMPLER:0
 Function _Z10route_gemmILi512ELi4096ELi1ELb0ELi16ELb0ELb0EEv14CUtensorMap_stS0_PKhS2_PKfS2_S4_PKiS6_S6_S4_PfPK5uint2Piii:
  REG:61 STACK:0 SHARED:2048 LOCAL:0 CONSTANT[0]:1000 TEXTURE:0 SURFACE:0 SAMPLER:0
 Function _Z10route_gemmILi512ELi4096ELi1ELb0ELi0ELb1ELb0EEv14CUtensorMap_stS0_PKhS2_PKfS2_S4_PKiS6_S6_S4_PfPK5uint2Piii:
  REG:59 STACK:0 SHARED:2048 LOCAL:0 CONSTANT[0]:1000 TEXTURE:0 SURFACE:0 SAMPLER:0
 Function _Z10route_gemmILi256ELi4096ELi1ELb0ELi0ELb0ELb0EEv14CUtensorMap_stS0_PKhS2_PKfS2_S4_PKiS6_S6_S4_PfPK5uint2Piii:
  REG:58 STACK:0 SHARED:2048 LOCAL:0 CONSTANT[0]:1000 TEXTURE:0 SURFACE:0 SAMPLER:0
 Function _Z10route_gemmILi512ELi4096ELi1ELb0ELi0ELb0ELb0EEv14CUtensorMap_stS0_PKhS2_PKfS2_S4_PKiS6_S6_S4_PfPK5uint2Piii:
  REG:61 STACK:0 SHARED:2048 LOCAL:0 CONSTANT[0]:1000 TEXTURE:0 SURFACE:0 SAMPLER:0
 Function _Z10route_gemmILi4096ELi512ELi1ELb1ELi0ELb0ELb0EEv14CUtensorMap_stS0_PKhS2_PKfS2_S4_PKiS6_S6_S4_PfPK5uint2Piii:
  REG:56 STACK:0 SHARED:2048 LOCAL:0 CONSTANT[0]:1000 TEXTURE:0 SURFACE:0 SAMPLER:0
 Function _Z10route_gemmILi4096ELi512ELi2ELb1ELi0ELb0ELb0EEv14CUtensorMap_stS0_PKhS2_PKfS2_S4_PKiS6_S6_S4_PfPK5uint2Piii:
  REG:47 STACK:0 SHARED:2048 LOCAL:0 CONSTANT[0]:1000 TEXTURE:0 SURFACE:0 SAMPLER:0
 Function _Z10route_gemmILi4096ELi512ELi4ELb1ELi0ELb0ELb0EEv14CUtensorMap_stS0_PKhS2_PKfS2_S4_PKiS6_S6_S4_PfPK5uint2Piii:
  REG:47 STACK:0 SHARED:2048 LOCAL:0 CONSTANT[0]:1000 TEXTURE:0 SURFACE:0 SAMPLER:0
 Function _Z10route_gemmILi4096ELi1024ELi1ELb1ELi0ELb0ELb0EEv14CUtensorMap_stS0_PKhS2_PKfS2_S4_PKiS6_S6_S4_PfPK5uint2Piii:
  REG:56 STACK:0 SHARED:2048 LOCAL:0 CONSTANT[0]:1000 TEXTURE:0 SURFACE:0 SAMPLER:0
 Function _Z10route_gemmILi4096ELi1024ELi2ELb1ELi0ELb0ELb0EEv14CUtensorMap_stS0_PKhS2_PKfS2_S4_PKiS6_S6_S4_PfPK5uint2Piii:
  REG:47 STACK:0 SHARED:2048 LOCAL:0 CONSTANT[0]:1000 TEXTURE:0 SURFACE:0 SAMPLER:0
 Function _Z10route_gemmILi4096ELi1024ELi4ELb1ELi0ELb0ELb0EEv14CUtensorMap_stS0_PKhS2_PKfS2_S4_PKiS6_S6_S4_PfPK5uint2Piii:
  REG:47 STACK:0 SHARED:2048 LOCAL:0 CONSTANT[0]:1000 TEXTURE:0 SURFACE:0 SAMPLER:0
 Function _Z29fused_k6_nvls_pull_tp4_kernelILi256EEvPK13__nv_bfloat16PKfPS0_PKhS5_PhS8_i:
  REG:32 STACK:0 SHARED:1024 LOCAL:0 CONSTANT[0]:588 TEXTURE:0 SURFACE:0 SAMPLER:0
 Function _Z35fused_rank_route_mc_pull_tp4_kernelILi256EEvPKhPKfP13__nv_bfloat16PhS6_i:
  REG:32 STACK:0 SHARED:1024 LOCAL:0 CONSTANT[0]:572 TEXTURE:0 SURFACE:0 SAMPLER:0
 Function _Z34progress_mc_push_finish_tp4_kernelILi512EEvP13__nv_bfloat16PjPhS3_S3_S3_iil:
  REG:39 STACK:32 SHARED:1024 LOCAL:0 CONSTANT[0]:592 TEXTURE:0 SURFACE:0 SAMPLER:0
 Function _Z34progress_mc_push_finish_tp4_kernelILi256EEvP13__nv_bfloat16PjPhS3_S3_S3_iil:
  REG:39 STACK:32 SHARED:1024 LOCAL:0 CONSTANT[0]:592 TEXTURE:0 SURFACE:0 SAMPLER:0
 Function _Z34progress_mc_push_finish_tp4_kernelILi128EEvP13__nv_bfloat16PjPhS3_S3_S3_iil:
  REG:39 STACK:32 SHARED:1024 LOCAL:0 CONSTANT[0]:592 TEXTURE:0 SURFACE:0 SAMPLER:0
 Function _Z30progress_k6_mc_push_tp4_kernelILi64ELi8ELb0EEvPK13__nv_bfloat16PKfPS0_PiPjPhS8_S8_S8_S8_iil:
  REG:32 STACK:0 SHARED:1024 LOCAL:0 CONSTANT[0]:624 TEXTURE:0 SURFACE:0 SAMPLER:0
 Function _Z30progress_k6_mc_push_tp4_kernelILi128ELi4ELb0EEvPK13__nv_bfloat16PKfPS0_PiPjPhS8_S8_S8_S8_iil:
  REG:32 STACK:0 SHARED:1024 LOCAL:0 CONSTANT[0]:624 TEXTURE:0 SURFACE:0 SAMPLER:0
 Function _Z30progress_k6_mc_push_tp4_kernelILi256ELi2ELb0EEvPK13__nv_bfloat16PKfPS0_PiPjPhS8_S8_S8_S8_iil:
  REG:32 STACK:0 SHARED:1024 LOCAL:0 CONSTANT[0]:624 TEXTURE:0 SURFACE:0 SAMPLER:0
 Function _Z30progress_k6_mc_push_tp4_kernelILi64ELi8ELb1EEvPK13__nv_bfloat16PKfPS0_PiPjPhS8_S8_S8_S8_iil:
  REG:48 STACK:32 SHARED:1024 LOCAL:0 CONSTANT[0]:624 TEXTURE:0 SURFACE:0 SAMPLER:0
 Function _Z30progress_k6_mc_push_tp4_kernelILi128ELi4ELb1EEvPK13__nv_bfloat16PKfPS0_PiPjPhS8_S8_S8_S8_iil:
  REG:48 STACK:32 SHARED:1024 LOCAL:0 CONSTANT[0]:624 TEXTURE:0 SURFACE:0 SAMPLER:0
 Function _Z30progress_k6_mc_push_tp4_kernelILi256ELi2ELb1EEvPK13__nv_bfloat16PKfPS0_PiPjPhS8_S8_S8_S8_iil:
  REG:48 STACK:32 SHARED:1024 LOCAL:0 CONSTANT[0]:624 TEXTURE:0 SURFACE:0 SAMPLER:0
 Function _Z27fused_k6_push_ar_tp4_kernelILi256ELb1ELb1EEvPK13__nv_bfloat16PKfPS0_PjPhS7_S7_S7_S7_iilii:
  REG:40 STACK:32 SHARED:1024 LOCAL:0 CONSTANT[0]:624 TEXTURE:0 SURFACE:0 SAMPLER:0
 Function _Z27fused_k6_push_ar_tp4_kernelILi256ELb0ELb0EEvPK13__nv_bfloat16PKfPS0_PjPhS7_S7_S7_S7_iilii:
  REG:38 STACK:32 SHARED:1024 LOCAL:0 CONSTANT[0]:624 TEXTURE:0 SURFACE:0 SAMPLER:0
 Function _Z27fused_k6_push_ar_tp4_kernelILi128ELb0ELb0EEvPK13__nv_bfloat16PKfPS0_PjPhS7_S7_S7_S7_iilii:
  REG:40 STACK:32 SHARED:1024 LOCAL:0 CONSTANT[0]:624 TEXTURE:0 SURFACE:0 SAMPLER:0
 Function _Z27fused_k6_push_ar_tp4_kernelILi256ELb1ELb0EEvPK13__nv_bfloat16PKfPS0_PjPhS7_S7_S7_S7_iilii:
  REG:40 STACK:32 SHARED:1024 LOCAL:0 CONSTANT[0]:624 TEXTURE:0 SURFACE:0 SAMPLER:0
 Function _Z27fused_k6_push_ar_tp4_kernelILi128ELb1ELb0EEvPK13__nv_bfloat16PKfPS0_PjPhS7_S7_S7_S7_iilii:
  REG:36 STACK:32 SHARED:1024 LOCAL:0 CONSTANT[0]:624 TEXTURE:0 SURFACE:0 SAMPLER:0
 Function _Z27fused_k6_push_ar_tp4_kernelILi512ELb1ELb0EEvPK13__nv_bfloat16PKfPS0_PjPhS7_S7_S7_S7_iilii:
  REG:40 STACK:32 SHARED:1024 LOCAL:0 CONSTANT[0]:624 TEXTURE:0 SURFACE:0 SAMPLER:0
 Function _Z22tiled_k6_reduce_kernelILi256ELi2EEvPK13__nv_bfloat16PKfPS0_i:
  REG:32 STACK:0 SHARED:1024 LOCAL:0 CONSTANT[0]:556 TEXTURE:0 SURFACE:0 SAMPLER:0
 Function _Z22tiled_k6_reduce_kernelILi256ELi1EEvPK13__nv_bfloat16PKfPS0_i:
  REG:24 STACK:0 SHARED:1024 LOCAL:0 CONSTANT[0]:556 TEXTURE:0 SURFACE:0 SAMPLER:0
 Function _Z22tiled_k6_reduce_kernelILi128ELi2EEvPK13__nv_bfloat16PKfPS0_i:
  REG:32 STACK:0 SHARED:1024 LOCAL:0 CONSTANT[0]:556 TEXTURE:0 SURFACE:0 SAMPLER:0
 Function _Z22tiled_k6_reduce_kernelILi128ELi1EEvPK13__nv_bfloat16PKfPS0_i:
  REG:24 STACK:0 SHARED:1024 LOCAL:0 CONSTANT[0]:556 TEXTURE:0 SURFACE:0 SAMPLER:0
 Function _Z23paired_w13_fused_kernelILi256EEvPKhPKfS1_S3_PKiS5_S5_PfP13__nv_bfloat16PhS6_i:
  REG:70 STACK:8 SHARED:4096 LOCAL:0 CONSTANT[0]:620 TEXTURE:0 SURFACE:0 SAMPLER:0
 Function _Z23paired_w13_fused_kernelILi512EEvPKhPKfS1_S3_PKiS5_S5_PfP13__nv_bfloat16PhS6_i:
  REG:70 STACK:8 SHARED:4096 LOCAL:0 CONSTANT[0]:620 TEXTURE:0 SURFACE:0 SAMPLER:0
 Function _Z18braid_mode2_kernelPjl:
  REG:15 STACK:0 SHARED:1024 LOCAL:0 CONSTANT[0]:544 TEXTURE:0 SURFACE:0 SAMPLER:0
 Function _Z16cast_bf16_kernelPKfP13__nv_bfloat16i:
  REG:10 STACK:0 SHARED:1024 LOCAL:0 CONSTANT[0]:548 TEXTURE:0 SURFACE:0 SAMPLER:0
 Function _Z34interleaved_scheduler_probe_kernelPKiS0_PiS1_S1_S1_S1_S1_S1_S1_S1_iii:
  REG:22 STACK:0 SHARED:1024 LOCAL:0 CONSTANT[0]:628 TEXTURE:0 SURFACE:0 SAMPLER:0
 Function _Z24fused_route_quant_kernelPKiPK13__nv_bfloat16PiS4_S4_PhPfS4_i:
  REG:29 STACK:0 SHARED:5120 LOCAL:0 CONSTANT[0]:596 TEXTURE:0 SURFACE:0 SAMPLER:0
 Function _Z18route_align_kernelPKiPiS1_S1_S1_i:
  REG:27 STACK:0 SHARED:5120 LOCAL:0 CONSTANT[0]:572 TEXTURE:0 SURFACE:0 SAMPLER:0
