ITER407_MAPPED_PHASE_TAIL_TP4_M8_M128
date=2026-09-05
host=H20-GPU-06
container=dpskv4_h20_weekly_gap_20260727
gpus=0,1,2,3
world_size=4
route_pattern=random
seed=20260904
outer=2
replays_per_outer_per_impl=10
warmup_replays=2
pair_granularity=replay
l2_policy=separate_256MiB_clear_before_every_replay_clear_excluded
input_contract=shared_prequantized_FP8_E4M3_X_plus_FP32_group128_scale
candidate=one_kernel_78cta_8wg_real_smid_map_plus_embedded_allreduce
control=selected_multi_kernel_plus_SGLang_CustomAllReduceV2
diagnostic=rank_max_device_phase_stamps

m8.active_experts=45
m8.control_latency_ms_median=0.07347200065851212
m8.candidate_latency_ms_median=0.08822400122880936
m8.candidate_phase_route_us=2.656
m8.candidate_phase_w13_us=46.688
m8.candidate_phase_activation_requant_us=4.256
m8.candidate_phase_w2_us=25.504
m8.candidate_stamped_compute_us=79.104
m8.candidate_unstamped_collective_and_tail_us=9.120001228809357
m8.unstamped_share_of_candidate=0.10337203322379172
m8.correctness_identical_to_control=true
m8.cosine=0.9999956134440106
m8.rel_l2=0.002961992178802094
m8.max_abs=1024.0

m128.active_experts=240
m128.control_latency_ms_median=0.3012320101261139
m128.candidate_latency_ms_median=0.34916800260543823
m128.candidate_phase_route_us=3.776
m128.candidate_phase_w13_us=212.064
m128.candidate_phase_activation_requant_us=6.560
m128.candidate_phase_w2_us=108.608
m128.candidate_stamped_compute_us=331.008
m128.candidate_unstamped_collective_and_tail_us=18.16000260543823
m128.unstamped_share_of_candidate=0.05200877831571616
m128.correctness_identical_to_control=true
m128.cosine=0.999995608996884
m128.rel_l2=0.0029634544238714383
m128.max_abs=1024.0

m8.required_1p10_candidate_us=66.79272787137465
m8.additional_reduction_from_candidate_us=21.431273357434708
m8.compute_alone_over_required_us=12.31127212862535
m128.required_1p10_candidate_us=273.8472819328308
m128.additional_reduction_from_candidate_us=75.32072067260742
m128.compute_alone_over_required_us=57.16071806716918

interpretation=embedded_collective_plus_unstamped_tail_is_only_9p12us_M8_and_18p16us_M128;_eliminating_it_cannot_reach_the_1p10_gate;_W13_W2_compute_is_the_dominant_gap
ITER407_MAPPED_PHASE_TAIL_TP4_M8_M128_OK
