EXTENSION /tmp/torch_ext_v4_tp/v4tp_00103f0cfafff003aed7_v178mspec/v4tp_00103f0cfafff003aed7_v178mspec.so
 Function _Z32tp4_megamoe_single_launch_kernelILi2ELi128EEv14CUtensorMap_stS0_S0_S0_PKhS2_PKfS2_S2_S4_S2_S4_PKiS4_PiS7_S7_PfP13__nv_bfloat16PhS8_SA_PK5uint2S7_S7_SA_PjSB_SB_SB_SB_SB_SA_S2_SB_SB_iilb:
  REG:64 STACK:32 SHARED:4096 LOCAL:0 CONSTANT[0]:1425 TEXTURE:0 SURFACE:0 SAMPLER:0
 Function _Z32tp4_megamoe_single_launch_kernelILi4ELi128EEv14CUtensorMap_stS0_S0_S0_PKhS2_PKfS2_S2_S4_S2_S4_PKiS4_PiS7_S7_PfP13__nv_bfloat16PhS8_SA_PK5uint2S7_S7_SA_PjSB_SB_SB_SB_SB_SA_S2_SB_SB_iilb:
  REG:64 STACK:32 SHARED:4096 LOCAL:0 CONSTANT[0]:1425 TEXTURE:0 SURFACE:0 SAMPLER:0
 Function _Z32tp4_megamoe_single_launch_kernelILi2ELi64EEv14CUtensorMap_stS0_S0_S0_PKhS2_PKfS2_S2_S4_S2_S4_PKiS4_PiS7_S7_PfP13__nv_bfloat16PhS8_SA_PK5uint2S7_S7_SA_PjSB_SB_SB_SB_SB_SA_S2_SB_SB_iilb:
  REG:64 STACK:32 SHARED:4096 LOCAL:0 CONSTANT[0]:1425 TEXTURE:0 SURFACE:0 SAMPLER:0
 Function _Z32tp4_megamoe_single_launch_kernelILi4ELi64EEv14CUtensorMap_stS0_S0_S0_PKhS2_PKfS2_S2_S4_S2_S4_PKiS4_PiS7_S7_PfP13__nv_bfloat16PhS8_SA_PK5uint2S7_S7_SA_PjSB_SB_SB_SB_SB_SA_S2_SB_SB_iilb:
  REG:64 STACK:32 SHARED:4096 LOCAL:0 CONSTANT[0]:1425 TEXTURE:0 SURFACE:0 SAMPLER:0
 Function _Z32tp4_megamoe_single_launch_kernelILi4ELi32EEv14CUtensorMap_stS0_S0_S0_PKhS2_PKfS2_S2_S4_S2_S4_PKiS4_PiS7_S7_PfP13__nv_bfloat16PhS8_SA_PK5uint2S7_S7_SA_PjSB_SB_SB_SB_SB_SA_S2_SB_SB_iilb:
  REG:61 STACK:32 SHARED:4096 LOCAL:0 CONSTANT[0]:1425 TEXTURE:0 SURFACE:0 SAMPLER:0
 Function _Z32tp4_megamoe_single_launch_kernelILi2ELi32EEv14CUtensorMap_stS0_S0_S0_PKhS2_PKfS2_S2_S4_S2_S4_PKiS4_PiS7_S7_PfP13__nv_bfloat16PhS8_SA_PK5uint2S7_S7_SA_PjSB_SB_SB_SB_SB_SA_S2_SB_SB_iilb:
  REG:61 STACK:32 SHARED:4096 LOCAL:0 CONSTANT[0]:1425 TEXTURE:0 SURFACE:0 SAMPLER:0
 Function _Z32tp4_megamoe_single_launch_kernelILi4ELi16EEv14CUtensorMap_stS0_S0_S0_PKhS2_PKfS2_S2_S4_S2_S4_PKiS4_PiS7_S7_PfP13__nv_bfloat16PhS8_SA_PK5uint2S7_S7_SA_PjSB_SB_SB_SB_SB_SA_S2_SB_SB_iilb:
  REG:61 STACK:32 SHARED:4096 LOCAL:0 CONSTANT[0]:1425 TEXTURE:0 SURFACE:0 SAMPLER:0
 Function _Z32tp4_megamoe_single_launch_kernelILi2ELi16EEv14CUtensorMap_stS0_S0_S0_PKhS2_PKfS2_S2_S4_S2_S4_PKiS4_PiS7_S7_PfP13__nv_bfloat16PhS8_SA_PK5uint2S7_S7_SA_PjSB_SB_SB_SB_SB_SA_S2_SB_SB_iilb:
  REG:61 STACK:32 SHARED:4096 LOCAL:0 CONSTANT[0]:1425 TEXTURE:0 SURFACE:0 SAMPLER:0
 Function _Z32tp4_megamoe_single_launch_kernelILi4ELi8EEv14CUtensorMap_stS0_S0_S0_PKhS2_PKfS2_S2_S4_S2_S4_PKiS4_PiS7_S7_PfP13__nv_bfloat16PhS8_SA_PK5uint2S7_S7_SA_PjSB_SB_SB_SB_SB_SA_S2_SB_SB_iilb:
  REG:61 STACK:32 SHARED:4096 LOCAL:0 CONSTANT[0]:1425 TEXTURE:0 SURFACE:0 SAMPLER:0
 Function _Z32tp4_megamoe_single_launch_kernelILi2ELi8EEv14CUtensorMap_stS0_S0_S0_PKhS2_PKfS2_S2_S4_S2_S4_PKiS4_PiS7_S7_PfP13__nv_bfloat16PhS8_SA_PK5uint2S7_S7_SA_PjSB_SB_SB_SB_SB_SA_S2_SB_SB_iilb:
  REG:61 STACK:32 SHARED:4096 LOCAL:0 CONSTANT[0]:1425 TEXTURE:0 SURFACE:0 SAMPLER:0
Traceback (most recent call last):
  File "/lustre/raplab/client/xutingz/fac/DeepGEMM_tp/bench/profile_v4_flash_tp_single_compute.py", line 281, in <module>
    main()
  File "/usr/local/lib/python3.12/dist-packages/torch/utils/_contextlib.py", line 124, in decorate_context
    return func(*args, **kwargs)
           ^^^^^^^^^^^^^^^^^^^^^
  File "/lustre/raplab/client/xutingz/fac/DeepGEMM_tp/bench/profile_v4_flash_tp_single_compute.py", line 186, in main
    torch.cuda.synchronize(device)
  File "/usr/local/lib/python3.12/dist-packages/torch/cuda/__init__.py", line 1162, in synchronize
    return torch._C._cuda_synchronize()
           ^^^^^^^^^^^^^^^^^^^^^^^^^^^^
torch.AcceleratorError: CUDA error: unspecified launch failure
Search for `cudaErrorLaunchFailure' in https://docs.nvidia.com/cuda/cuda-runtime-api/group__CUDART__TYPES.html for more information.
CUDA kernel errors might be asynchronously reported at some other API call, so the stacktrace below might be incorrect.
For debugging consider passing CUDA_LAUNCH_BLOCKING=1
Compile with `TORCH_USE_CUDA_DSA` to enable device-side assertions.

