ITER412_HOPPER_WG_DAG_COMPUTE_CORRECTNESS
date=2026-09-05
host=H20-GPU-06
container=dpskv4_h20_weekly_gap_20260727
gpu=0
sm_count=78
source_commit=99f4210
candidate_flag=V4_SINGLE_LAUNCH_78CTA_WG_DAG=1
required_flags=V4_SINGLE_LAUNCH_78CTA_8WG=1,V4_SINGLE_LAUNCH_78CTA_SMID_MAP=1
route_pattern=random
seed=20260904
input_contract=prequantized FP8-E4M3 X plus FP32 group128 scale
tp_collective_executed=false
l2_policy=separate 256MiB clear before profiled launch, excluded
reference=unchanged selected multi-kernel local pipeline down workspace
m8.split_k=4
m8.padded_rows=360
m8.down_cosine=0.9999999999999999
m8.down_rel_l2=0.0
m8.down_finite=true
m8.packed_generation_words_after=[2048,0,0,2048]
m8.accepted=true
m128.split_k=2
m128.padded_rows=1944
m128.down_cosine=1.0
m128.down_rel_l2=0.0
m128.down_finite=true
m128.packed_generation_words_after=[2048,0,0,2048]
m128.accepted=true
interpretation=all routed W2 rows match the selected local pipeline bitwise at both endpoint shapes; only phase-0 and phase-3 whole-grid barriers execute in the DAG path
performance=NOT_MEASURED
ITER412_HOPPER_WG_DAG_COMPUTE_CORRECTNESS_OK
