ITER398_REAL_KERNEL_SMID_TRACE
date=2026-09-05
host=H20-GPU-06
container=dpskv4_h20_weekly_gap_20260727
device=NVIDIA H20-3e
input_contract=prequantized_FP8_E4M3_X_plus_FP32_group128_scale
m=8
route_pattern=random
seed=20260904
collective=false
l2_policy=separate_256MiB_clear_before_profiled_launch_clear_excluded

mode624.correct=true
mode624.cosine=0.9999999999999999
mode624.rel_l2=0
mode624.padded_rows=360
mode624.packed_generations=[2048,2048,2048,2048]
mode624.phase_us.route_w13_requant_w2=[2.208,40.960,3.232,22.368]
mode624.ctas=624
mode624.unique_sms=78
mode624.blocks_per_sm=8

mode78.correct=true
mode78.cosine=0.9999999999999999
mode78.rel_l2=0
mode78.padded_rows=360
mode78.packed_generations=[2048,2048,2048,2048]
mode78.phase_us.route_w13_requant_w2=[2.816,53.344,3.744,31.360]
mode78.ctas=78
mode78.unique_sms=78
mode78.blocks_per_sm=1

# Authoritative real-kernel mapping from physical SM ID to selected 624-grid
# logical CTA IDs, followed by the experimental 78-grid physical CTA ID.
SM00 old=[46,124,216,294,372,450,528,592] new=26
SM01 old=[47,125,217,295,373,451,529,593] new=27
SM02 old=[54,146,224,302,380,458,536,600] new=34
SM03 old=[55,147,225,303,381,459,537,601] new=35
SM04 old=[76,154,232,310,388,466,544,608] new=42
SM05 old=[77,155,233,311,389,467,545,609] new=43
SM06 old=[84,162,240,318,396,488,552,616] new=50
SM07 old=[85,163,241,319,397,489,553,617] new=51
SM08 old=[14,92,170,248,326,418,496,560] new=58
SM09 old=[15,93,171,249,327,419,497,561] new=59
SM10 old=[24,102,180,258,350,428,506,570] new=68
SM11 old=[25,103,181,259,351,429,507,571] new=69
SM12 old=[34,112,190,282,360,438,516,580] new=14
SM13 old=[35,113,191,283,361,439,517,581] new=15
SM14 old=[48,126,218,296,374,452,530,594] new=28
SM15 old=[49,127,219,297,375,453,531,595] new=29
SM16 old=[56,148,226,304,382,460,538,602] new=36
SM17 old=[57,149,227,305,383,461,539,603] new=37
SM18 old=[78,156,234,312,390,468,546,610] new=44
SM19 old=[79,157,235,313,391,469,547,611] new=45
SM20 old=[86,164,242,320,398,490,554,618] new=52
SM21 old=[87,165,243,321,399,491,555,619] new=53
SM22 old=[16,94,172,250,328,420,498,562] new=60
SM23 old=[17,95,173,251,329,421,499,563] new=61
SM24 old=[26,104,182,260,352,430,508,572] new=70
SM25 old=[27,105,183,261,353,431,509,573] new=71
SM26 old=[36,114,192,284,362,440,518,582] new=16
SM27 old=[37,115,193,285,363,441,519,583] new=17
SM28 old=[50,128,220,298,376,454,532,596] new=30
SM29 old=[51,129,221,299,377,455,533,597] new=31
SM30 old=[58,150,228,306,384,462,540,604] new=38
SM31 old=[59,151,229,307,385,463,541,605] new=39
SM32 old=[80,158,236,314,392,470,548,612] new=46
SM33 old=[81,159,237,315,393,471,549,613] new=47
SM34 old=[88,166,244,322,400,492,556,620] new=54
SM35 old=[89,167,245,323,401,493,557,621] new=55
SM36 old=[18,96,174,252,330,422,500,564] new=62
SM37 old=[19,97,175,253,331,423,501,565] new=63
SM38 old=[28,106,184,262,354,432,510,574] new=72
SM39 old=[29,107,185,263,355,433,511,575] new=73
SM40 old=[38,116,194,286,364,442,520,584] new=18
SM41 old=[39,117,195,287,365,443,521,585] new=19
SM42 old=[52,130,222,300,378,456,534,598] new=32
SM43 old=[53,131,223,301,379,457,535,599] new=33
SM44 old=[60,152,230,308,386,464,542,606] new=40
SM45 old=[61,153,231,309,387,465,543,607] new=41
SM46 old=[82,160,238,316,394,472,550,614] new=48
SM47 old=[83,161,239,317,395,473,551,615] new=49
SM48 old=[90,168,246,324,402,494,558,622] new=56
SM49 old=[91,169,247,325,403,495,559,623] new=57
SM50 old=[20,98,176,254,332,424,502,566] new=64
SM51 old=[21,99,177,255,333,425,503,567] new=65
SM52 old=[30,108,186,264,356,434,512,576] new=74
SM53 old=[31,109,187,265,357,435,513,577] new=75
SM54 old=[40,118,196,288,366,444,522,586] new=20
SM55 old=[41,119,197,289,367,445,523,587] new=21
SM56 old=[22,100,178,256,334,426,504,568] new=66
SM57 old=[23,101,179,257,335,427,505,569] new=67
SM58 old=[32,110,188,266,358,436,514,578] new=76
SM59 old=[33,111,189,267,359,437,515,579] new=77
SM60 old=[42,120,198,290,368,446,524,588] new=22
SM61 old=[43,121,199,291,369,447,525,589] new=23
SM62 old=[44,122,200,292,370,448,526,590] new=24
SM63 old=[45,123,201,293,371,449,527,591] new=25
SM64 old=[4,66,136,206,272,340,408,478] new=0
SM65 old=[5,67,137,207,273,341,409,479] new=1
SM66 old=[6,68,138,208,274,342,410,480] new=2
SM67 old=[7,69,139,209,275,343,411,481] new=3
SM68 old=[8,70,140,210,276,344,412,482] new=4
SM69 old=[9,71,141,211,277,345,413,483] new=5
SM70 old=[10,72,142,212,278,346,414,484] new=6
SM71 old=[11,73,143,213,279,347,415,485] new=7
SM72 old=[12,74,144,214,280,348,416,486] new=8
SM73 old=[13,75,145,215,281,349,417,487] new=9
SM74 old=[0,62,132,202,268,336,404,474] new=10
SM75 old=[1,63,133,203,269,337,405,475] new=11
SM76 old=[2,64,134,204,270,338,406,476] new=12
SM77 old=[3,65,135,205,271,339,407,477] new=13

ITER398_REAL_KERNEL_SMID_TRACE_OK
