ITER409_HOPPER_WG_DAG_RESOURCE_AUDIT
date=2026-09-05
host=H20-GPU-06
container=dpskv4_h20_weekly_gap_20260727
gpu_arch=sm90a
source_commit=4c61425
extension=v4tp_bc05d855d2d59fe099f9_v178mspec
tool=cuobjdump --dump-resource-usage
dynamic_smem_launch_bytes=147456
m8_kernel=tp4_megamoe_single_launch_kernel<4,8>
m8.regs_per_thread=64
m8.stack_bytes=32
m8.static_shared_bytes=4096
m8.local_bytes=0
m16_kernel=tp4_megamoe_single_launch_kernel<4,16>
m16.regs_per_thread=64
m16.stack_bytes=32
m16.static_shared_bytes=4096
m16.local_bytes=0
m32_kernel=tp4_megamoe_single_launch_kernel<4,32>
m32.regs_per_thread=64
m32.stack_bytes=32
m32.static_shared_bytes=4096
m32.local_bytes=0
m64_split4_kernel=tp4_megamoe_single_launch_kernel<4,64>
m64_split4.regs_per_thread=64
m64_split4.stack_bytes=32
m64_split4.static_shared_bytes=4096
m64_split4.local_bytes=0
m64_split2_kernel=tp4_megamoe_single_launch_kernel<2,64>
m64_split2.regs_per_thread=64
m64_split2.stack_bytes=32
m64_split2.static_shared_bytes=4096
m64_split2.local_bytes=0
m128_split4_kernel=tp4_megamoe_single_launch_kernel<4,128>
m128_split4.regs_per_thread=64
m128_split4.stack_bytes=32
m128_split4.static_shared_bytes=4096
m128_split4.local_bytes=0
m128_split2_kernel=tp4_megamoe_single_launch_kernel<2,128>
m128_split2.regs_per_thread=64
m128_split2.stack_bytes=32
m128_split2.static_shared_bytes=4096
m128_split2.local_bytes=0
resource_gate=PASS
interpretation=register ceiling remains 64; no declared local allocation; no-inline phase wrappers keep the entry stack at 32 bytes; static plus dynamic shared memory remains within one-CTA-per-SM capacity
runtime_occupancy=NOT_TESTED
correctness=NOT_TESTED
performance=NOT_TESTED
ITER409_HOPPER_WG_DAG_RESOURCE_AUDIT_OK
