ITER434_BATCHED_ACTIVATION_M128_SOURCE_COUNTER_DETAILS
date=2026-09-05
host=H20-GPU-06
container=dpskv4_h20_weekly_gap_20260727
physical_gpu=1
device=NVIDIA H20-3e
ncu_version=2025.3.1
source_commit=28893e3
m=128
split_k=2
route_pattern=random
seed=20260904
collective=false
profile_from_start=false
kernel_filter=regex:tp4_megamoe_single_launch_kernel
launch_count=1
replay_mode=kernel
passes=5
section=SourceCounters
cache_control=none_application_clear_256MiB_excluded
clock_control=none
correct=true
cosine=1.0
rel_l2=0.0
padded_rows=1944
packed_generations=[2048,0,0,2048]
barrier_samples_total=8825
top1.samples=2095
top1.share_pct=23.74
top1.sass=BAR.SYNC.DEFER_BLOCKING_0x0
top1.cuda_source=single_launch_grid_barrier entry CTA sync at generated cuda.cu line 4180 on the terminal phase-3 call
top1.interpretation=inter-WG/CTA final-W2 load imbalance before global reduction and communication
top2.samples=1567
top2.share_pct=17.76
top2.sass=LDS_R0
top2.cuda_source=load wg_task_kind immediately after independent_wg_sync at generated cuda.cu line 5306
top2.interpretation=per-task scheduler mailbox handoff; the stall is attributed to the first shared load after the named barrier
top3.samples=547
top3.share_pct=6.20
top3.sass=predicated_EXIT
top3.cuda_source=enable_tp_collective false branch after phase-3 convergence
next_four_bssy_samples=[510,456,452,444]
next_four_bssy_total_share_pct=21.10
decision=replace the dynamic per-task mailbox loop with deterministic static per-WG W13 then activation then W2 loops; all lanes derive task indices directly, acquire-wait only on their static upstream flag, and retain only the terminal CTA/grid barrier; this intentionally gives up fine W13/W2 mixing that reduced cold bandwidth
report=results/iter434_batched_activation_m128_source_counters.ncu-rep
ITER434_BATCHED_ACTIVATION_M128_SOURCE_COUNTER_DETAILS_OK
