ITER433_BATCHED_ACTIVATION_M128_NCU_DETAILS
date=2026-09-05
host=H20-GPU-06
container=dpskv4_h20_weekly_gap_20260727
physical_gpu=1
device=NVIDIA H20-3e
ncu_version=2025.3.1
source_commit=f96b301
candidate=Hopper-style eight-row activation-group epilogue using reclaimed W13 partial scratch
grid=78x1x1
block=1024x1x1
m=128
split_k=2
route_pattern=random
seed=20260904
collective=false
profile_from_start=false
kernel_filter=regex:tp4_megamoe_single_launch_kernel
launch_count=1
replay_mode=kernel
passes=20
cache_control=none_application_clear_256MiB_excluded
clock_control=none
duration_us=371.07
compute_throughput_pct=59.61
dram_throughput_pct=45.46
memory_throughput_tbps=2.19
l1_hit_rate_pct=31.67
l2_hit_rate_pct=7.18
one_or_more_eligible_pct=59.84
no_eligible_pct=40.16
issued_warp_per_scheduler=0.60
active_warps_per_scheduler=7.99
eligible_warps_per_scheduler=1.48
warp_cycles_per_issued_instruction=13.36
barrier_stall_cycles_per_issue=4.8
barrier_stall_fraction_pct=35.6
executed_instructions=123344440
issued_instructions=123730486
registers_per_thread=64
dynamic_shared_kib=147.46
static_shared_kib=4.10
theoretical_active_warps_per_sm=32
theoretical_occupancy_pct=50.0
achieved_active_warps_per_sm=32.03
achieved_occupancy_pct=50.05
local_memory_spilling_requests=0
correct=true
cosine=1.0
rel_l2=0.0
finite=true
padded_rows=1944
packed_generations=[2048,0,0,2048]
comparison_iter425.duration_us=374.98_to_371.07_minus1.04pct
comparison_iter425.local_spilling_requests=57100_to_0
comparison_iter425.no_eligible_pct=40.36_to_40.16
comparison_iter425.barrier_cycles=4.8_to_4.8
comparison_iter425.barrier_fraction_pct=35.7_to_35.6
comparison_iter425.memory_throughput_tbps=2.16_to_2.19
comparison_iter425.executed_instructions=122903825_to_123344440_plus0.36pct
comparison_iter402_phase.duration_us=334.21
comparison_iter402_phase.no_eligible_pct=35.74
comparison_iter402_phase.memory_throughput_tbps=2.46
diagnosis=eight-row batching eliminates all measured local spills and slightly improves bandwidth, but barrier/no-eligible metrics barely move; the dominant barrier cost is therefore in the self-contained route-GEMM task pipelines, task mailbox handoffs, and inter-WG load imbalance rather than the per-row activation scale reductions
decision=do not tune activation chunk size; preserve this zero-spill checkpoint for future integration, but shift the next experiment to GEMM task organization or a true Hopper role-specialized producer/math pipeline
report=results/iter433_batched_activation_m128_compute_full.ncu-rep
ITER433_BATCHED_ACTIVATION_M128_NCU_DETAILS_OK
