ITER402_78CTA_SMID_MAP_M128_NCU_DETAILS
source_report=results/iter401_78cta_smid_map_m128_compute_full.ncu-rep
grid=78x1x1
block=1024x1x1
sms=78
waves_per_sm=1
registers_per_thread=64
dynamic_shared_kib=147.46
static_shared_kib=2.05
theoretical_active_warps_per_sm=32
theoretical_occupancy_pct=50.00
achieved_active_warps_per_sm=32.27
achieved_occupancy_pct=50.43
duration_us=334.21
sm_frequency_ghz=1.78
dram_frequency_ghz=3.20
compute_throughput_pct=63.78
dram_throughput_pct=51.19
memory_throughput_tbps=2.46
l1_hit_rate_pct=38.91
l2_hit_rate_pct=5.57
executed_instructions=117979872
issued_instructions=118087266
one_or_more_eligible_pct=64.26
no_eligible_pct=35.74
issued_warp_per_scheduler=0.64
active_warps_per_scheduler=8.00
eligible_warps_per_scheduler=1.85
warp_cycles_per_issued_instruction=12.45
local_memory_spilling_requests=33600

unmapped_iter390.duration_us=377.44
unmapped_iter390.compute_throughput_pct=56.18
unmapped_iter390.dram_throughput_pct=44.66
unmapped_iter390.no_eligible_pct=43.12
unmapped_iter390.local_memory_spilling_requests=0

selected_624_iter265.compute_throughput_pct=62.22
selected_624_iter265.dram_throughput_pct=47.68
selected_624_iter265.no_eligible_pct=37.57
ITER402_78CTA_SMID_MAP_M128_NCU_DETAILS_OK
