ITER401_78CTA_SMID_MAP_M128_NCU_CAPTURE
date=2026-09-05
host=H20-GPU-06
container=dpskv4_h20_weekly_gap_20260727
device=NVIDIA H20-3e
ncu_version=2025.3.1
grid=78x1x1
block=1024x1x1
m=128
split_k=2
route_pattern=random
seed=20260904
collective=false
input_contract=prequantized_FP8_E4M3_X_plus_FP32_group128_scale
profile_from_start=false
kernel_filter=regex:tp4_megamoe_single_launch_kernel
launch_count=1
replay_mode=kernel
passes=18
cache_control=none_application_clear_256MiB_excluded
clock_control=none
sections=SpeedOfLight,MemoryWorkloadAnalysis,SchedulerStats,WarpStateStats,Occupancy,LaunchStats,InstructionStats
capture=PASS
correct=true
cosine=1.0
rel_l2=0
finite=true
padded_rows=1944
packed_generations=[2048,2048,2048,2048]
report=results/iter401_78cta_smid_map_m128_compute_full.ncu-rep
ITER401_78CTA_SMID_MAP_M128_NCU_CAPTURE_OK
