[366287] python3.12@127.0.0.1
  void route_gemm<4096, 1024, 2, 1, 0, 0, 0>(CUtensorMap_st, CUtensorMap_st, const unsigned char *, const unsigned char *, const float *, const unsigned char *, const float *, const int *, const int *, const int *, const float *, float *, const uint2 *, int *, int, int) (5136, 1, 1)x(128, 1, 1), Context 1, Stream 13, Device 0, CC 9.0
    Section: Launch Statistics
    -------------------------------- --------------- ---------------
    Metric Name                          Metric Unit    Metric Value
    -------------------------------- --------------- ---------------
    Block Size                                                   128
    Cluster Scheduling Policy                           PolicySpread
    Cluster Size                                                   0
    Function Cache Configuration                     CachePreferNone
    Grid Size                                                  5,136
    Registers Per Thread             register/thread              48
    Shared Memory Configuration Size           Kbyte          233.47
    Driver Shared Memory Per Block       Kbyte/block            1.02
    Dynamic Shared Memory Per Block      Kbyte/block           18.43
    Static Shared Memory Per Block       Kbyte/block            1.02
    # SMs                                         SM              78
    Stack Size                                                 1,024
    Threads                                   thread         657,408
    # TPCs                                                        39
    Enabled TPC IDs                                              all
    Uses Green Context                                             0
    Waves Per SM                                                6.58
    -------------------------------- --------------- ---------------

    Section: Occupancy
    ------------------------------- ----------- ------------
    Metric Name                     Metric Unit Metric Value
    ------------------------------- ----------- ------------
    Max Active Clusters                 cluster            0
    Max Cluster Size                      block            8
    Overall GPU Occupancy                     %            0
    Cluster Occupancy                         %            0
    Block Limit Barriers                  block           32
    Block Limit SM                        block           32
    Block Limit Registers                 block           10
    Block Limit Shared Mem                block           11
    Block Limit Warps                     block           16
    Theoretical Active Warps per SM        warp           40
    Theoretical Occupancy                     %        62.50
    Achieved Occupancy                        %        58.37
    Achieved Active Warps Per SM           warp        37.36
    ------------------------------- ----------- ------------

    OPT   Est. Local Speedup: 37.5%                                                                                     
          The 10.00 theoretical warps per scheduler this kernel can issue according to its occupancy are below the      
          hardware maximum of 16. This kernel's theoretical occupancy (62.5%) is limited by the number of required      
          registers.                                                                                                    

