W0904 07:27:46.752000 407032 torch/distributed/run.py:851] 
W0904 07:27:46.752000 407032 torch/distributed/run.py:851] *****************************************
W0904 07:27:46.752000 407032 torch/distributed/run.py:851] Setting OMP_NUM_THREADS environment variable for each process to be 1 in default, to avoid your system being overloaded, please further tune the variable for optimal performance in your application as needed. 
W0904 07:27:46.752000 407032 torch/distributed/run.py:851] *****************************************
Traceback (most recent call last):
  File "/lustre/raplab/client/xutingz/fac/DeepGEMM_tp/bench/v4_flash_tp_ar_transport_matrix.py", line 49, in <module>
    import v4_flash_tp_wgmma as kernel
ModuleNotFoundError: No module named 'v4_flash_tp_wgmma'
Traceback (most recent call last):
  File "/lustre/raplab/client/xutingz/fac/DeepGEMM_tp/bench/v4_flash_tp_ar_transport_matrix.py", line 49, in <module>
    import v4_flash_tp_wgmma as kernel
ModuleNotFoundError: No module named 'v4_flash_tp_wgmma'
Traceback (most recent call last):
  File "/lustre/raplab/client/xutingz/fac/DeepGEMM_tp/bench/v4_flash_tp_ar_transport_matrix.py", line 49, in <module>
    import v4_flash_tp_wgmma as kernel
ModuleNotFoundError: No module named 'v4_flash_tp_wgmma'
Traceback (most recent call last):
  File "/lustre/raplab/client/xutingz/fac/DeepGEMM_tp/bench/v4_flash_tp_ar_transport_matrix.py", line 49, in <module>
    import v4_flash_tp_wgmma as kernel
ModuleNotFoundError: No module named 'v4_flash_tp_wgmma'
W0904 07:27:54.506000 407032 torch/distributed/elastic/multiprocessing/api.py:1012] Sending process 407101 closing signal SIGTERM
W0904 07:27:54.507000 407032 torch/distributed/elastic/multiprocessing/api.py:1012] Sending process 407102 closing signal SIGTERM
W0904 07:27:54.507000 407032 torch/distributed/elastic/multiprocessing/api.py:1012] Sending process 407104 closing signal SIGTERM
E0904 07:27:54.671000 407032 torch/distributed/elastic/multiprocessing/api.py:986] failed (exitcode: 1) local_rank: 2 (pid: 407103) of binary: /usr/bin/python3
Traceback (most recent call last):
  File "/usr/local/bin/torchrun", line 6, in <module>
    sys.exit(main())
             ^^^^^^
  File "/usr/local/lib/python3.12/dist-packages/torch/distributed/elastic/multiprocessing/errors/__init__.py", line 362, in wrapper
    return f(*args, **kwargs)
           ^^^^^^^^^^^^^^^^^^
  File "/usr/local/lib/python3.12/dist-packages/torch/distributed/run.py", line 990, in main
    run(args)
  File "/usr/local/lib/python3.12/dist-packages/torch/distributed/run.py", line 981, in run
    elastic_launch(
  File "/usr/local/lib/python3.12/dist-packages/torch/distributed/launcher/api.py", line 170, in __call__
    return launch_agent(self._config, self._entrypoint, list(args))
           ^^^^^^^^^^^^^^^^^^^^^^^^^^^^^^^^^^^^^^^^^^^^^^^^^^^^^^^^
  File "/usr/local/lib/python3.12/dist-packages/torch/distributed/launcher/api.py", line 317, in launch_agent
    raise ChildFailedError(
torch.distributed.elastic.multiprocessing.errors.ChildFailedError: 
============================================================
bench/v4_flash_tp_ar_transport_matrix.py FAILED
------------------------------------------------------------
Failures:
[1]:
  time      : 2026-09-04_07:27:54
  host      : H20-GPU-06.cm.cluster
  rank      : 0 (local_rank: 0)
  exitcode  : -15 (pid: 407101)
  error_file: <N/A>
  traceback : Signal 15 (SIGTERM) received by PID 407101
[2]:
  time      : 2026-09-04_07:27:54
  host      : H20-GPU-06.cm.cluster
  rank      : 1 (local_rank: 1)
  exitcode  : 1 (pid: 407102)
  error_file: <N/A>
  traceback : To enable traceback see: https://pytorch.org/docs/stable/elastic/errors.html
[3]:
  time      : 2026-09-04_07:27:54
  host      : H20-GPU-06.cm.cluster
  rank      : 3 (local_rank: 3)
  exitcode  : -15 (pid: 407104)
  error_file: <N/A>
  traceback : Signal 15 (SIGTERM) received by PID 407104
------------------------------------------------------------
Root Cause (first observed failure):
[0]:
  time      : 2026-09-04_07:27:54
  host      : H20-GPU-06.cm.cluster
  rank      : 2 (local_rank: 2)
  exitcode  : 1 (pid: 407103)
  error_file: <N/A>
  traceback : To enable traceback see: https://pytorch.org/docs/stable/elastic/errors.html
============================================================
