W0903 18:11:03.734000 383342 torch/distributed/run.py:851]
W0903 18:11:03.734000 383342 torch/distributed/run.py:851] *****************************************
W0903 18:11:03.734000 383342 torch/distributed/run.py:851] Setting OMP_NUM_THREADS environment variable for each process to be 1 in default, to avoid your system being overloaded, please further tune the variable for optimal performance in your application as needed.
W0903 18:11:03.734000 383342 torch/distributed/run.py:851] *****************************************
usage: compare_v4_flash_tp_w2_store.py [-h] [--m M]
                                       [--route-pattern {random,balanced,skew}]
                                       [--outer OUTER] [--replays REPLAYS]
                                       [--warmup-replays WARMUP_REPLAYS]
                                       [--seed SEED]
compare_v4_flash_tp_w2_store.py: error: unrecognized arguments: --m128 --outer8 --replays100 --warmup-replays20
usage: compare_v4_flash_tp_w2_store.py [-h] [--m M]
                                       [--route-pattern {random,balanced,skew}]
                                       [--outer OUTER] [--replays REPLAYS]
                                       [--warmup-replays WARMUP_REPLAYS]
                                       [--seed SEED]
compare_v4_flash_tp_w2_store.py: error: unrecognized arguments: --m128 --outer8 --replays100 --warmup-replays20
usage: compare_v4_flash_tp_w2_store.py [-h] [--m M]
                                       [--route-pattern {random,balanced,skew}]
                                       [--outer OUTER] [--replays REPLAYS]
                                       [--warmup-replays WARMUP_REPLAYS]
                                       [--seed SEED]
compare_v4_flash_tp_w2_store.py: error: unrecognized arguments: --m128 --outer8 --replays100 --warmup-replays20
usage: compare_v4_flash_tp_w2_store.py [-h] [--m M]
                                       [--route-pattern {random,balanced,skew}]
                                       [--outer OUTER] [--replays REPLAYS]
                                       [--warmup-replays WARMUP_REPLAYS]
                                       [--seed SEED]
compare_v4_flash_tp_w2_store.py: error: unrecognized arguments: --m128 --outer8 --replays100 --warmup-replays20
W0903 18:11:57.801000 383342 torch/distributed/elastic/multiprocessing/api.py:1012] Sending process 383412 closing signal SIGTERM
W0903 18:11:57.802000 383342 torch/distributed/elastic/multiprocessing/api.py:1012] Sending process 383413 closing signal SIGTERM
W0903 18:11:57.802000 383342 torch/distributed/elastic/multiprocessing/api.py:1012] Sending process 383414 closing signal SIGTERM
E0903 18:11:57.931000 383342 torch/distributed/elastic/multiprocessing/api.py:986] failed (exitcode: 2) local_rank: 0 (pid: 383411) of binary: /usr/bin/python3
Traceback (most recent call last):
  File "/usr/local/bin/torchrun", line 6, in <module>
    sys.exit(main())
             ^^^^^^
  File "/usr/local/lib/python3.12/dist-packages/torch/distributed/elastic/multiprocessing/errors/__init__.py", line 362, in wrapper
    return f(*args, **kwargs)
           ^^^^^^^^^^^^^^^^^^
  File "/usr/local/lib/python3.12/dist-packages/torch/distributed/run.py", line 990, in main
    run(args)
  File "/usr/local/lib/python3.12/dist-packages/torch/distributed/run.py", line 981, in run
    elastic_launch(
  File "/usr/local/lib/python3.12/dist-packages/torch/distributed/launcher/api.py", line 170, in __call__
    return launch_agent(self._config, self._entrypoint, list(args))
           ^^^^^^^^^^^^^^^^^^^^^^^^^^^^^^^^^^^^^^^^^^^^^^^^^^^^^^^^
  File "/usr/local/lib/python3.12/dist-packages/torch/distributed/launcher/api.py", line 317, in launch_agent
    raise ChildFailedError(
torch.distributed.elastic.multiprocessing.errors.ChildFailedError:
============================================================
bench/compare_v4_flash_tp_w2_store.py FAILED
------------------------------------------------------------
Failures:
[1]:
  time      : 2026-09-03_18:11:57
  host      : H20-GPU-06.cm.cluster
  rank      : 1 (local_rank: 1)
  exitcode  : -15 (pid: 383412)
  error_file: <N/A>
  traceback : Signal 15 (SIGTERM) received by PID 383412
[2]:
  time      : 2026-09-03_18:11:57
  host      : H20-GPU-06.cm.cluster
  rank      : 2 (local_rank: 2)
  exitcode  : -15 (pid: 383413)
  error_file: <N/A>
  traceback : Signal 15 (SIGTERM) received by PID 383413
[3]:
  time      : 2026-09-03_18:11:57
  host      : H20-GPU-06.cm.cluster
  rank      : 3 (local_rank: 3)
  exitcode  : -15 (pid: 383414)
  error_file: <N/A>
  traceback : Signal 15 (SIGTERM) received by PID 383414
------------------------------------------------------------
Root Cause (first observed failure):
[0]:
  time      : 2026-09-03_18:11:57
  host      : H20-GPU-06.cm.cluster
  rank      : 0 (local_rank: 0)
  exitcode  : 2 (pid: 383411)
  error_file: <N/A>
  traceback : To enable traceback see: https://pytorch.org/docs/stable/elastic/errors.html
============================================================
