W0903 16:46:48.062000 364144 torch/distributed/run.py:851] 
W0903 16:46:48.062000 364144 torch/distributed/run.py:851] *****************************************
W0903 16:46:48.062000 364144 torch/distributed/run.py:851] Setting OMP_NUM_THREADS environment variable for each process to be 1 in default, to avoid your system being overloaded, please further tune the variable for optimal performance in your application as needed. 
W0903 16:46:48.062000 364144 torch/distributed/run.py:851] *****************************************
[rank2]: Traceback (most recent call last):
[rank2]:   File "/lustre/raplab/client/xutingz/fac/DeepGEMM_tp/bench/compare_v4_flash_tp_w2_store.py", line 314, in <module>
[rank2]:     main()
[rank2]:   File "/usr/local/lib/python3.12/dist-packages/torch/utils/_contextlib.py", line 124, in decorate_context
[rank2]:     return func(*args, **kwargs)
[rank2]:            ^^^^^^^^^^^^^^^^^^^^^
[rank2]:   File "/lustre/raplab/client/xutingz/fac/DeepGEMM_tp/bench/compare_v4_flash_tp_w2_store.py", line 244, in main
[rank2]:     raise RuntimeError("control/candidate graph outputs differ")
[rank2]: RuntimeError: control/candidate graph outputs differ
[rank3]: Traceback (most recent call last):
[rank3]:   File "/lustre/raplab/client/xutingz/fac/DeepGEMM_tp/bench/compare_v4_flash_tp_w2_store.py", line 314, in <module>
[rank3]:     main()
[rank3]:   File "/usr/local/lib/python3.12/dist-packages/torch/utils/_contextlib.py", line 124, in decorate_context
[rank3]:     return func(*args, **kwargs)
[rank3]:            ^^^^^^^^^^^^^^^^^^^^^
[rank3]:   File "/lustre/raplab/client/xutingz/fac/DeepGEMM_tp/bench/compare_v4_flash_tp_w2_store.py", line 244, in main
[rank3]:     raise RuntimeError("control/candidate graph outputs differ")
[rank3]: RuntimeError: control/candidate graph outputs differ
[rank0]: Traceback (most recent call last):
[rank0]:   File "/lustre/raplab/client/xutingz/fac/DeepGEMM_tp/bench/compare_v4_flash_tp_w2_store.py", line 314, in <module>
[rank0]:     main()
[rank0]:   File "/usr/local/lib/python3.12/dist-packages/torch/utils/_contextlib.py", line 124, in decorate_context
[rank0]:     return func(*args, **kwargs)
[rank0]:            ^^^^^^^^^^^^^^^^^^^^^
[rank0]:   File "/lustre/raplab/client/xutingz/fac/DeepGEMM_tp/bench/compare_v4_flash_tp_w2_store.py", line 244, in main
[rank0]:     raise RuntimeError("control/candidate graph outputs differ")
[rank0]: RuntimeError: control/candidate graph outputs differ
[rank1]: Traceback (most recent call last):
[rank1]:   File "/lustre/raplab/client/xutingz/fac/DeepGEMM_tp/bench/compare_v4_flash_tp_w2_store.py", line 314, in <module>
[rank1]:     main()
[rank1]:   File "/usr/local/lib/python3.12/dist-packages/torch/utils/_contextlib.py", line 124, in decorate_context
[rank1]:     return func(*args, **kwargs)
[rank1]:            ^^^^^^^^^^^^^^^^^^^^^
[rank1]:   File "/lustre/raplab/client/xutingz/fac/DeepGEMM_tp/bench/compare_v4_flash_tp_w2_store.py", line 244, in main
[rank1]:     raise RuntimeError("control/candidate graph outputs differ")
[rank1]: RuntimeError: control/candidate graph outputs differ
W0903 16:47:45.814000 364144 torch/distributed/elastic/multiprocessing/api.py:1012] Sending process 364213 closing signal SIGTERM
W0903 16:47:45.815000 364144 torch/distributed/elastic/multiprocessing/api.py:1012] Sending process 364214 closing signal SIGTERM
W0903 16:47:45.815000 364144 torch/distributed/elastic/multiprocessing/api.py:1012] Sending process 364215 closing signal SIGTERM
E0903 16:47:45.979000 364144 torch/distributed/elastic/multiprocessing/api.py:986] failed (exitcode: 1) local_rank: 3 (pid: 364216) of binary: /usr/bin/python3
Traceback (most recent call last):
  File "/usr/local/bin/torchrun", line 6, in <module>
    sys.exit(main())
             ^^^^^^
  File "/usr/local/lib/python3.12/dist-packages/torch/distributed/elastic/multiprocessing/errors/__init__.py", line 362, in wrapper
    return f(*args, **kwargs)
           ^^^^^^^^^^^^^^^^^^
  File "/usr/local/lib/python3.12/dist-packages/torch/distributed/run.py", line 990, in main
    run(args)
  File "/usr/local/lib/python3.12/dist-packages/torch/distributed/run.py", line 981, in run
    elastic_launch(
  File "/usr/local/lib/python3.12/dist-packages/torch/distributed/launcher/api.py", line 170, in __call__
    return launch_agent(self._config, self._entrypoint, list(args))
           ^^^^^^^^^^^^^^^^^^^^^^^^^^^^^^^^^^^^^^^^^^^^^^^^^^^^^^^^
  File "/usr/local/lib/python3.12/dist-packages/torch/distributed/launcher/api.py", line 317, in launch_agent
    raise ChildFailedError(
torch.distributed.elastic.multiprocessing.errors.ChildFailedError: 
============================================================
bench/compare_v4_flash_tp_w2_store.py FAILED
------------------------------------------------------------
Failures:
[1]:
  time      : 2026-09-03_16:47:45
  host      : H20-GPU-06.cm.cluster
  rank      : 0 (local_rank: 0)
  exitcode  : 1 (pid: 364213)
  error_file: <N/A>
  traceback : To enable traceback see: https://pytorch.org/docs/stable/elastic/errors.html
[2]:
  time      : 2026-09-03_16:47:45
  host      : H20-GPU-06.cm.cluster
  rank      : 1 (local_rank: 1)
  exitcode  : 1 (pid: 364214)
  error_file: <N/A>
  traceback : To enable traceback see: https://pytorch.org/docs/stable/elastic/errors.html
[3]:
  time      : 2026-09-03_16:47:45
  host      : H20-GPU-06.cm.cluster
  rank      : 2 (local_rank: 2)
  exitcode  : 1 (pid: 364215)
  error_file: <N/A>
  traceback : To enable traceback see: https://pytorch.org/docs/stable/elastic/errors.html
------------------------------------------------------------
Root Cause (first observed failure):
[0]:
  time      : 2026-09-03_16:47:45
  host      : H20-GPU-06.cm.cluster
  rank      : 3 (local_rank: 3)
  exitcode  : 1 (pid: 364216)
  error_file: <N/A>
  traceback : To enable traceback see: https://pytorch.org/docs/stable/elastic/errors.html
============================================================
