ITER395_CTA_SMID_MAPPING_NONBLOCKING
date=2026-09-05
host=H20-GPU-06
container=dpskv4_h20_weekly_gap_20260727
device=NVIDIA H20-3e
diagnostic_only=true
production_source_changed=false
hold_ns=5000000
occupancy_old_new_sms_shared_oldsmem_newsmem=[8,1,78,233472,28000,147456]

trial0.old_entry_spread_us=0.224
trial0.new_entry_spread_us=0.096
trial1.old_entry_spread_us=0.160
trial1.new_entry_spread_us=0.096
trial2.old_entry_spread_us=0.192
trial2.new_entry_spread_us=0.128
all_trials.old_unique_sms=78
all_trials.new_unique_sms=78
all_trials.old_blocks_per_sm=8
all_trials.new_blocks_per_sm=1
all_trials.old_contiguous8=false
all_trials.old_stride78=false
all_trials.new_matches_old_lowest=false
all_trials.signature=ae0e18b78bc9d620

# Stable mapping from physical SM ID to old 624-grid block IDs and new
# 78-grid block ID.  This table was identical in all three trials.
SM00 old=[14,106,198,276,354,432,496,560] new=[14]
SM01 old=[15,107,199,277,355,433,497,561] new=[15]
SM02 old=[22,128,206,284,362,440,504,568] new=[22]
SM03 old=[23,129,207,285,363,441,505,569] new=[23]
SM04 old=[44,136,214,292,370,448,512,576] new=[30]
SM05 old=[45,137,215,293,371,449,513,577] new=[31]
SM06 old=[52,144,222,300,378,456,520,584] new=[38]
SM07 old=[53,145,223,301,379,457,521,585] new=[39]
SM08 old=[60,152,230,308,400,464,528,592] new=[46]
SM09 old=[61,153,231,309,401,465,529,593] new=[47]
SM10 old=[84,162,240,332,410,474,538,602] new=[56]
SM11 old=[85,163,241,333,411,475,539,603] new=[57]
SM12 old=[94,172,264,342,420,484,548,612] new=[66]
SM13 old=[95,173,265,343,421,485,549,613] new=[67]
SM14 old=[16,108,200,278,356,434,498,562] new=[16]
SM15 old=[17,109,201,279,357,435,499,563] new=[17]
SM16 old=[24,130,208,286,364,442,506,570] new=[24]
SM17 old=[25,131,209,287,365,443,507,571] new=[25]
SM18 old=[46,138,216,294,372,450,514,578] new=[32]
SM19 old=[47,139,217,295,373,451,515,579] new=[33]
SM20 old=[54,146,224,302,380,458,522,586] new=[40]
SM21 old=[55,147,225,303,381,459,523,587] new=[41]
SM22 old=[62,154,232,310,402,466,530,594] new=[48]
SM23 old=[63,155,233,311,403,467,531,595] new=[49]
SM24 old=[86,164,242,334,412,476,540,604] new=[58]
SM25 old=[87,165,243,335,413,477,541,605] new=[59]
SM26 old=[96,174,266,344,422,486,550,614] new=[68]
SM27 old=[97,175,267,345,423,487,551,615] new=[69]
SM28 old=[18,110,202,280,358,436,500,564] new=[18]
SM29 old=[19,111,203,281,359,437,501,565] new=[19]
SM30 old=[26,132,210,288,366,444,508,572] new=[26]
SM31 old=[27,133,211,289,367,445,509,573] new=[27]
SM32 old=[48,140,218,296,374,452,516,580] new=[34]
SM33 old=[49,141,219,297,375,453,517,581] new=[35]
SM34 old=[56,148,226,304,382,460,524,588] new=[42]
SM35 old=[57,149,227,305,383,461,525,589] new=[43]
SM36 old=[64,156,234,312,404,468,532,596] new=[50]
SM37 old=[65,157,235,313,405,469,533,597] new=[51]
SM38 old=[88,166,244,336,414,478,542,606] new=[60]
SM39 old=[89,167,245,337,415,479,543,607] new=[61]
SM40 old=[98,176,268,346,424,488,552,616] new=[70]
SM41 old=[99,177,269,347,425,489,553,617] new=[71]
SM42 old=[20,112,204,282,360,438,502,566] new=[20]
SM43 old=[21,113,205,283,361,439,503,567] new=[21]
SM44 old=[28,134,212,290,368,446,510,574] new=[28]
SM45 old=[29,135,213,291,369,447,511,575] new=[29]
SM46 old=[50,142,220,298,376,454,518,582] new=[36]
SM47 old=[51,143,221,299,377,455,519,583] new=[37]
SM48 old=[58,150,228,306,384,462,526,590] new=[44]
SM49 old=[59,151,229,307,385,463,527,591] new=[45]
SM50 old=[66,158,236,314,406,470,534,598] new=[52]
SM51 old=[67,159,237,315,407,471,535,599] new=[53]
SM52 old=[90,168,246,338,416,480,544,608] new=[62]
SM53 old=[91,169,247,339,417,481,545,609] new=[63]
SM54 old=[100,178,270,348,426,490,554,618] new=[72]
SM55 old=[101,179,271,349,427,491,555,619] new=[73]
SM56 old=[68,160,238,316,408,472,536,600] new=[54]
SM57 old=[69,161,239,317,409,473,537,601] new=[55]
SM58 old=[92,170,248,340,418,482,546,610] new=[64]
SM59 old=[93,171,249,341,419,483,547,611] new=[65]
SM60 old=[102,180,272,350,428,492,556,620] new=[74]
SM61 old=[103,181,273,351,429,493,557,621] new=[75]
SM62 old=[104,182,274,352,430,494,558,622] new=[76]
SM63 old=[105,183,275,353,431,495,559,623] new=[77]
SM64 old=[4,34,74,118,188,254,322,390] new=[4]
SM65 old=[5,35,75,119,189,255,323,391] new=[5]
SM66 old=[6,36,76,120,190,256,324,392] new=[6]
SM67 old=[7,37,77,121,191,257,325,393] new=[7]
SM68 old=[8,38,78,122,192,258,326,394] new=[8]
SM69 old=[9,39,79,123,193,259,327,395] new=[9]
SM70 old=[10,40,80,124,194,260,328,396] new=[10]
SM71 old=[11,41,81,125,195,261,329,397] new=[11]
SM72 old=[12,42,82,126,196,262,330,398] new=[12]
SM73 old=[13,43,83,127,197,263,331,399] new=[13]
SM74 old=[0,30,70,114,184,250,318,386] new=[0]
SM75 old=[1,31,71,115,185,251,319,387] new=[1]
SM76 old=[2,32,72,116,186,252,320,388] new=[2]
SM77 old=[3,33,73,117,187,253,321,389] new=[3]

ITER395_CTA_SMID_MAPPING_NONBLOCKING_OK
