CASE=M8
W0903 17:57:32.542000 378765 torch/distributed/run.py:851]
W0903 17:57:32.542000 378765 torch/distributed/run.py:851] *****************************************
W0903 17:57:32.542000 378765 torch/distributed/run.py:851] Setting OMP_NUM_THREADS environment variable for each process to be 1 in default, to avoid your system being overloaded, please further tune the variable for optimal performance in your application as needed.
W0903 17:57:32.542000 378765 torch/distributed/run.py:851] *****************************************
PAIRED_W2_STORE_RESULT {"candidate": {"batch_medians_ms": [0.07340800017118454, 0.07344000041484833, 0.07347200065851212, 0.07353600114583969, 0.0735040009021759, 0.07344000041484833, 0.07360000163316727, 0.07360000163316727, 0.07334399968385696, 0.07331199944019318], "flag_value": 1, "max_ms": 0.0759039968252182, "median_ms": 0.07347200065851212, "min_ms": 0.0719359964132309}, "compare_flag": "V4_ROUTE_K_UNROLL2", "control": {"batch_medians_ms": [0.07340800017118454, 0.07353600114583969, 0.07360000163316727, 0.07364800199866295, 0.0735040009021759, 0.0735040009021759, 0.07363200187683105, 0.07360000163316727, 0.07347200065851212, 0.07337599992752075], "flag_value": 0, "max_ms": 0.438944011926651, "median_ms": 0.07353600114583969, "min_ms": 0.07215999811887741}, "control_over_candidate": 1.0008710867643995, "cross_implementation": {"cosine_min_rank": 1.0, "finite_all_ranks": true, "max_abs_max_rank": 0.0, "rel_l2_max_rank": 0.0}, "exact_all_ranks": true, "l2_policy": "cold; separate 256MiB clear immediately before every graph replay; clear excluded from events", "m": 8, "order_policy": "per-sample alternating A/B then B/A", "route_pattern": "random", "samples_per_variant": 2000, "world_size": 4}
CASE=M16
W0903 17:57:50.505000 379024 torch/distributed/run.py:851]
W0903 17:57:50.505000 379024 torch/distributed/run.py:851] *****************************************
W0903 17:57:50.505000 379024 torch/distributed/run.py:851] Setting OMP_NUM_THREADS environment variable for each process to be 1 in default, to avoid your system being overloaded, please further tune the variable for optimal performance in your application as needed.
W0903 17:57:50.505000 379024 torch/distributed/run.py:851] *****************************************
PAIRED_W2_STORE_RESULT {"candidate": {"batch_medians_ms": [0.11628799885511398, 0.11595200002193451, 0.11617599800229073, 0.11615999788045883, 0.11603199690580368, 0.11631999909877777, 0.11630399897694588, 0.11619199812412262, 0.11607999727129936, 0.11622399836778641], "flag_value": 1, "max_ms": 0.12252800166606903, "median_ms": 0.11615999788045883, "min_ms": 0.11472000181674957}, "compare_flag": "V4_ROUTE_K_UNROLL2", "control": {"batch_medians_ms": [0.11747200042009354, 0.11724799871444702, 0.11740799993276596, 0.11727999895811081, 0.11727999895811081, 0.11753600090742111, 0.11753600090742111, 0.11744000017642975, 0.1173119992017746, 0.11732799932360649], "flag_value": 0, "max_ms": 0.26841598749160767, "median_ms": 0.11737599968910217, "min_ms": 0.11603199690580368}, "control_over_candidate": 1.0104683353205184, "cross_implementation": {"cosine_min_rank": 0.9999998807907104, "finite_all_ranks": true, "max_abs_max_rank": 0.0, "rel_l2_max_rank": 0.0}, "exact_all_ranks": true, "l2_policy": "cold; separate 256MiB clear immediately before every graph replay; clear excluded from events", "m": 16, "order_policy": "per-sample alternating A/B then B/A", "route_pattern": "random", "samples_per_variant": 2000, "world_size": 4}
CASE=M32
W0903 17:58:08.211000 379286 torch/distributed/run.py:851]
W0903 17:58:08.211000 379286 torch/distributed/run.py:851] *****************************************
W0903 17:58:08.211000 379286 torch/distributed/run.py:851] Setting OMP_NUM_THREADS environment variable for each process to be 1 in default, to avoid your system being overloaded, please further tune the variable for optimal performance in your application as needed.
W0903 17:58:08.211000 379286 torch/distributed/run.py:851] *****************************************
PAIRED_W2_STORE_RESULT {"candidate": {"batch_medians_ms": [0.18382400274276733, 0.18856000155210495, 0.18801599740982056, 0.18835200369358063, 0.19014400243759155, 0.18863999843597412, 0.18854400515556335, 0.2272000014781952, 0.2662079930305481, 0.2266400009393692], "flag_value": 1, "max_ms": 0.30377599596977234, "median_ms": 0.188960000872612, "min_ms": 0.18000000715255737}, "compare_flag": "V4_ROUTE_K_UNROLL2", "control": {"batch_medians_ms": [0.1870720013976097, 0.1918559968471527, 0.19123199582099915, 0.191600002348423, 0.19356800615787506, 0.19177600741386414, 0.1916320025920868, 0.2316799983382225, 0.2712640017271042, 0.22971200197935104], "flag_value": 0, "max_ms": 0.6115520000457764, "median_ms": 0.19232000410556793, "min_ms": 0.18275199830532074}, "control_over_candidate": 1.0177815580939857, "cross_implementation": {"cosine_min_rank": 1.0000001192092896, "finite_all_ranks": true, "max_abs_max_rank": 0.0, "rel_l2_max_rank": 0.0}, "exact_all_ranks": true, "l2_policy": "cold; separate 256MiB clear immediately before every graph replay; clear excluded from events", "m": 32, "order_policy": "per-sample alternating A/B then B/A", "route_pattern": "random", "samples_per_variant": 2000, "world_size": 4}
CASE=M64
W0903 17:58:26.337000 379551 torch/distributed/run.py:851]
W0903 17:58:26.337000 379551 torch/distributed/run.py:851] *****************************************
W0903 17:58:26.337000 379551 torch/distributed/run.py:851] Setting OMP_NUM_THREADS environment variable for each process to be 1 in default, to avoid your system being overloaded, please further tune the variable for optimal performance in your application as needed.
W0903 17:58:26.337000 379551 torch/distributed/run.py:851] *****************************************
PAIRED_W2_STORE_RESULT {"candidate": {"batch_medians_ms": [0.27136000990867615, 0.27423998713493347, 0.27478399872779846, 0.275504007935524, 0.2749119997024536, 0.27563199400901794, 0.3726080060005188, 0.29129600524902344, 0.279664009809494, 0.27721598744392395], "flag_value": 1, "max_ms": 0.41894400119781494, "median_ms": 0.27564799785614014, "min_ms": 0.25388801097869873}, "compare_flag": "V4_ROUTE_K_UNROLL2", "control": {"batch_medians_ms": [0.2760479897260666, 0.27884799242019653, 0.2794879972934723, 0.2800000011920929, 0.27958399057388306, 0.2800160050392151, 0.37940800189971924, 0.29625600576400757, 0.28467200696468353, 0.2820640057325363], "flag_value": 0, "max_ms": 0.4493440091609955, "median_ms": 0.28044798970222473, "min_ms": 0.25673601031303406}, "control_over_candidate": 1.0174134834405353, "cross_implementation": {"cosine_min_rank": 0.9999998807907104, "finite_all_ranks": true, "max_abs_max_rank": 256.0, "rel_l2_max_rank": 1.7985881640925072e-05}, "exact_all_ranks": false, "l2_policy": "cold; separate 256MiB clear immediately before every graph replay; clear excluded from events", "m": 64, "order_policy": "per-sample alternating A/B then B/A", "route_pattern": "random", "samples_per_variant": 2000, "world_size": 4}
CASE=M128
W0903 17:58:45.627000 379818 torch/distributed/run.py:851]
W0903 17:58:45.627000 379818 torch/distributed/run.py:851] *****************************************
W0903 17:58:45.627000 379818 torch/distributed/run.py:851] Setting OMP_NUM_THREADS environment variable for each process to be 1 in default, to avoid your system being overloaded, please further tune the variable for optimal performance in your application as needed.
W0903 17:58:45.627000 379818 torch/distributed/run.py:851] *****************************************
PAIRED_W2_STORE_RESULT {"candidate": {"batch_medians_ms": [0.3471679985523224, 0.3514240086078644, 0.35579200088977814, 0.34960000216960907, 0.37049600481987, 0.43436799943447113, 0.3664800077676773, 0.35596799850463867, 0.3524319976568222, 0.3598400056362152], "flag_value": 1, "max_ms": 0.5936959981918335, "median_ms": 0.3561280071735382, "min_ms": 0.3113279938697815}, "compare_flag": "V4_ROUTE_K_UNROLL2", "control": {"batch_medians_ms": [0.3542720079421997, 0.35870400071144104, 0.36296001076698303, 0.3566400110721588, 0.3771039992570877, 0.44256000220775604, 0.3733920007944107, 0.3629920035600662, 0.3591199964284897, 0.36643199622631073], "flag_value": 0, "max_ms": 0.7259200215339661, "median_ms": 0.363072007894516, "min_ms": 0.31632000207901}, "control_over_candidate": 1.0194986088740672, "cross_implementation": {"cosine_min_rank": 1.0, "finite_all_ranks": true, "max_abs_max_rank": 0.0, "rel_l2_max_rank": 0.0}, "exact_all_ranks": true, "l2_policy": "cold; separate 256MiB clear immediately before every graph replay; clear excluded from events", "m": 128, "order_policy": "per-sample alternating A/B then B/A", "route_pattern": "random", "samples_per_variant": 2000, "world_size": 4}
