ITER404_78CTA_INTERNAL_SMID_MAP
date=2026-09-05
host=H20-GPU-06
container=dpskv4_h20_weekly_gap_20260727
device=NVIDIA H20-3e
input_contract=prequantized_FP8_E4M3_X_plus_FP32_group128_scale
collective=false
l2_policy=separate_256MiB_clear_before_profiled_launch_clear_excluded
source_direction=CTA_uniform_waves_with_task_internal_smid_lookup

m8.correct=true
m8.cosine=0.9999999999999999
m8.rel_l2=0
m8.padded_rows=360
m8.packed_generations=[2048,2048,2048,2048]
m8.phase_us.route_w13_requant_w2=[2.624,47.200,3.648,26.368]

m128.correct=true
m128.cosine=1.0
m128.rel_l2=0
m128.padded_rows=1944
m128.packed_generations=[2048,2048,2048,2048]
m128.phase_us.route_w13_requant_w2=[3.616,211.808,6.432,111.008]
m128.REG=64
m128.STACK=32
m128.SHARED=3072
m128.LOCAL=0
m128.local_instruction_sites=5
m128.so=/tmp/torch_ext_v4_tp/v4tp_77e90ae7ae06b715fe5a_v178mspec/v4tp_77e90ae7ae06b715fe5a_v178mspec.so

iter399.m8.phase_us.route_w13_requant_w2=[2.592,46.368,3.296,25.120]
iter399.m128.phase_us.route_w13_requant_w2=[3.904,210.272,6.528,107.712]
iter399.m128.STACK=48
iter399.m128.local_instruction_sites=8
ITER404_78CTA_INTERNAL_SMID_MAP_CORRECTNESS_RESOURCE_OK
