ITER421_STATIC_WG_READINESS_M128_NCU_DETAILS
date=2026-09-05
host=H20-GPU-06
container=dpskv4_h20_weekly_gap_20260727
device=NVIDIA H20-3e
ncu_version=2025.3.1
source_commit=29f69a5
candidate=independent static-WG W13/requant/W2 readiness pipeline
grid=78x1x1
block=1024x1x1
m=128
split_k=2
route_pattern=random
seed=20260904
collective=false
input_contract=prequantized FP8-E4M3 X plus FP32 group128 scale
profile_from_start=false
kernel_filter=regex:tp4_megamoe_single_launch_kernel
launch_count=1
replay_mode=kernel
passes=18
cache_control=none_application_clear_256MiB_excluded
clock_control=none
duration_us=386.53
compute_throughput_pct=56.91
dram_throughput_pct=44.29
memory_throughput_tbps=2.13
l1_hit_rate_pct=31.32
l2_hit_rate_pct=7.29
one_or_more_eligible_pct=56.80
no_eligible_pct=43.20
issued_warp_per_scheduler=0.57
active_warps_per_scheduler=8.00
eligible_warps_per_scheduler=1.41
warp_cycles_per_issued_instruction=14.08
barrier_stall_cycles_per_issue=5.3
barrier_stall_fraction_pct=37.57
executed_instructions=122254381
issued_instructions=122595650
registers_per_thread=64
dynamic_shared_kib=147.46
static_shared_kib=3.07
theoretical_active_warps_per_sm=32
theoretical_occupancy_pct=50.0
achieved_active_warps_per_sm=32.01
achieved_occupancy_pct=50.01
local_memory_spilling_requests=107201
correct=true
cosine=1.0
rel_l2=0.0
finite=true
padded_rows=1944
packed_generations=[2048,0,0,2048]
comparison_iter417_cta_pipeline.duration_us=623.33
comparison_iter417_cta_pipeline.no_eligible_pct=63.25
comparison_iter417_cta_pipeline.barrier_stall_fraction_pct=48.03
comparison_iter402_phase.duration_us=334.21
comparison_iter402_phase.compute_throughput_pct=63.78
comparison_iter402_phase.dram_throughput_pct=51.19
comparison_iter402_phase.no_eligible_pct=35.74
comparison_iter402_phase.executed_instructions=117979872
comparison_iter402_phase.local_memory_spilling_requests=33600
diagnosis=removing CTA task barriers recovers most throughput, but extra per-WG mailbox/readiness barriers and loop-state liveness leave 43.20 percent no-eligible cycles; local spill requests rise 3.19x versus the mapped phase binary and cold bandwidth falls 2.46 to 2.13 TB/s; instruction growth is only 3.6 percent
report=results/iter421_static_wg_readiness_m128_compute_full.ncu-rep
ITER421_STATIC_WG_READINESS_M128_NCU_DETAILS_OK
