KERNEL void route_gemm<(int)4096, (int)1024, (int)2, (bool)1, (int)0, (bool)0, (bool)0>(CUtensorMap_st, CUtensorMap_st, const unsigned char *, const unsigned char *, const float *, const unsigned char *, const float *, const int *, const int *, const int *, const float *, float *, const uint2 *, int *, int, int)
NOT_ISSUED_TOTAL 4046
STALL_TOTALS stall_barrier=1272(31.44%) stall_wait=674(16.66%) stall_math=588(14.53%) stall_long_sb=566(13.99%) stall_short_sb=342(8.45%)
HOTSPOTS all_not_issued
    162 0x7ffb8da30490 BSSY B0, 0x7ffb8da314b0 [barrier=162]
    162 0x7ffb8da30490 BSSY B0, 0x7ffb8da314b0 [barrier=162]
     87 0x7ffb8da32950 BSSY B0, 0x7ffb8da33870 [barrier=87]
     87 0x7ffb8da32950 BSSY B0, 0x7ffb8da33870 [barrier=87]
     79 0x7ffb8da33b60 BSSY B0, 0x7ffb8da34b20 [barrier=79]
     79 0x7ffb8da33b60 BSSY B0, 0x7ffb8da34b20 [barrier=79]
     62 0x7ffb8da31740 BSSY B0, 0x7ffb8da32670 [barrier=62]
     62 0x7ffb8da31740 BSSY B0, 0x7ffb8da32670 [barrier=62]
     61 0x7ffb8da2fa40 BSSY B0, 0x7ffb8da2fd60 [barrier=61]
     61 0x7ffb8da2fa40 BSSY B0, 0x7ffb8da2fd60 [barrier=61]
     57 0x7ffb8da302a0 STS.64 [R17+UR6+0x4400], R2 [long_sb=57]
     57 0x7ffb8da302a0 STS.64 [R17+UR6+0x4400], R2 [long_sb=57]
HOTSPOTS stall_barrier
    162 0x7ffb8da30490 BSSY B0, 0x7ffb8da314b0 [barrier=162]
    162 0x7ffb8da30490 BSSY B0, 0x7ffb8da314b0 [barrier=162]
     87 0x7ffb8da32950 BSSY B0, 0x7ffb8da33870 [barrier=87]
     87 0x7ffb8da32950 BSSY B0, 0x7ffb8da33870 [barrier=87]
     79 0x7ffb8da33b60 BSSY B0, 0x7ffb8da34b20 [barrier=79]
     79 0x7ffb8da33b60 BSSY B0, 0x7ffb8da34b20 [barrier=79]
     62 0x7ffb8da31740 BSSY B0, 0x7ffb8da32670 [barrier=62]
     62 0x7ffb8da31740 BSSY B0, 0x7ffb8da32670 [barrier=62]
     61 0x7ffb8da2fa40 BSSY B0, 0x7ffb8da2fd60 [barrier=61]
     61 0x7ffb8da2fa40 BSSY B0, 0x7ffb8da2fd60 [barrier=61]
     11 0x7ffb8da336f0 WARPGROUP.DEPBAR.LE gsb0, 0x0 [barrier=11,wait=1]
     11 0x7ffb8da340f0 WARPGROUP.DEPBAR.LE gsb0, 0x0 [barrier=11,wait=1]
HOTSPOTS stall_long_sb
     57 0x7ffb8da302a0 STS.64 [R17+UR6+0x4400], R2 [long_sb=57]
     57 0x7ffb8da302a0 STS.64 [R17+UR6+0x4400], R2 [long_sb=57]
     47 0x7ffb8da30370 FMUL R5, R2, R5 [long_sb=47,short_sb=1]
     47 0x7ffb8da30370 FMUL R5, R2, R5 [long_sb=47,short_sb=1]
     39 0x7ffb8da31530 STS.64 [R17+UR6+0x4400], R4 [long_sb=39]
     39 0x7ffb8da31530 STS.64 [R17+UR6+0x4400], R4 [long_sb=39]
     36 0x7ffb8da338f0 STS.64 [R17+UR6+0x4400], R18 [long_sb=36,wait=1]
     36 0x7ffb8da338f0 STS.64 [R17+UR6+0x4400], R18 [long_sb=36,wait=1]
     32 0x7ffb8da2f6e0 R2UR UR6, R2 [long_sb=32,math=1]
     32 0x7ffb8da2f6e0 R2UR UR6, R2 [long_sb=32,math=1]
     30 0x7ffb8da326f0 STS.64 [R17+UR6+0x4400], R18 [long_sb=30,wait=1]
     30 0x7ffb8da326f0 STS.64 [R17+UR6+0x4400], R18 [long_sb=30,wait=1]
HOTSPOTS stall_math
     19 0x7ffb8da2f670 ISETP.LE.AND P0, PT, R2, UR8, PT [long_sb=24,math=19]
     19 0x7ffb8da2f670 ISETP.LE.AND P0, PT, R2, UR8, PT [long_sb=24,math=19]
     10 0x7ffb8da30100 CS2R R22, SRZ [math=10]
     10 0x7ffb8da30100 CS2R R22, SRZ [math=10]
      5 0x7ffb8da30210 ISETP.GE.AND P0, PT, R5, RZ, PT [math=5,short_sb=5]
      5 0x7ffb8da306c0 PRMT R24, R33, R24, R2 [math=5]
      5 0x7ffb8da310d0 PRMT R36, R36, R2, R35 [math=5]
      5 0x7ffb8da311d0 LOP3.LUT R4, R4, 0x7777, RZ, 0xc0, !PT [math=5,wait=2]
      5 0x7ffb8da31a80 SHF.R.U32.HI R19, RZ, 0x10, R18 [math=5,short_sb=4]
      5 0x7ffb8da321a0 LOP3.LUT R34, R32, 0x7777, RZ, 0xc0, !PT [math=5]
      5 0x7ffb8da30210 ISETP.GE.AND P0, PT, R5, RZ, PT [math=5,short_sb=5]
      5 0x7ffb8da306c0 PRMT R24, R33, R24, R2 [math=5]
HOTSPOTS stall_wait
      4 0x7ffb8da33a00 BSSY B0, 0x7ffb8da33aa0 [wait=4]
      4 0x7ffb8da33a00 BSSY B0, 0x7ffb8da33aa0 [wait=4]
      3 0x7ffb8da30220 @P0   IMAD.WIDE R4, R5, 0x1000, R46 [wait=3]
      3 0x7ffb8da302e0 @!P0  STS [R14], RZ [wait=3]
      3 0x7ffb8da31320 WARPGROUP.ARRIVE [wait=3]
      3 0x7ffb8da31760 LDS.U8 R41, [R10+0x4200] [wait=3]
      3 0x7ffb8da31ad0 PRMT R41, R40, R41, R5 [math=4,wait=3]
      3 0x7ffb8da31c30 WARPGROUP.ARRIVE [wait=3]
      3 0x7ffb8da31e40 LOP3.LUT R34, R32, 0x7777, RZ, 0xc0, !PT [wait=3]
      3 0x7ffb8da32120 LOP3.LUT R39, R18, 0x80808080, R5, 0xf8, !PT [wait=3]
      3 0x7ffb8da329c0 LDS R39, [R11+0x200] [wait=3]
      3 0x7ffb8da32bf0 LOP3.LUT R38, R29, 0x80808080, R18, 0xf8, !PT [math=1,wait=3]
HOTSPOTS stall_not_selected
HOTSPOTS stall_short_sb
      9 0x7ffb8da326a0 ISETP.GE.AND P0, PT, R33, RZ, PT [math=2,short_sb=9]
      9 0x7ffb8da326a0 ISETP.GE.AND P0, PT, R33, RZ, PT [math=2,short_sb=9]
      8 0x7ffb8da338a0 ISETP.GE.AND P0, PT, R33, RZ, PT [math=2,wait=1,short_sb=8]
      8 0x7ffb8da338a0 ISETP.GE.AND P0, PT, R33, RZ, PT [math=2,wait=1,short_sb=8]
      6 0x7ffb8da2f630 LDG.E.CONSTANT R2, desc[UR12][R2.64] [short_sb=6]
      6 0x7ffb8da32730 ISETP.GT.AND P0, PT, R18, -0x1, PT [math=1,short_sb=6]
      6 0x7ffb8da327d0 FMUL R33, R18, R33 [long_sb=1,short_sb=6]
      6 0x7ffb8da2f630 LDG.E.CONSTANT R2, desc[UR12][R2.64] [short_sb=6]
      6 0x7ffb8da32730 ISETP.GT.AND P0, PT, R18, -0x1, PT [math=1,short_sb=6]
      6 0x7ffb8da327d0 FMUL R33, R18, R33 [long_sb=1,short_sb=6]
      5 0x7ffb8da30210 ISETP.GE.AND P0, PT, R5, RZ, PT [math=5,short_sb=5]
      5 0x7ffb8da31570 ISETP.GT.AND P0, PT, R4, -0x1, PT [short_sb=5]
KERNEL void route_gemm<(int)512, (int)4096, (int)1, (bool)0, (int)0, (bool)0, (bool)0>(CUtensorMap_st, CUtensorMap_st, const unsigned char *, const unsigned char *, const float *, const unsigned char *, const float *, const int *, const int *, const int *, const float *, float *, const uint2 *, int *, int, int)
NOT_ISSUED_TOTAL 2040
STALL_TOTALS stall_barrier=542(26.57%) stall_long_sb=464(22.75%) stall_math=344(16.86%) stall_wait=302(14.80%) stall_short_sb=144(7.06%)
HOTSPOTS all_not_issued
     95 0x7ffb8da89450 BSSY B0, 0x7ffb8da896d0 [barrier=95]
     95 0x7ffb8da89450 BSSY B0, 0x7ffb8da896d0 [barrier=95]
     63 0x7ffb8da89b90 BSSY B0, 0x7ffb8da8ac40 [barrier=63]
     63 0x7ffb8da89b90 BSSY B0, 0x7ffb8da8ac40 [barrier=63]
     51 0x7ffb8da89b30 @!P0  BRA 0x7ffb8da8e2b0 [long_sb=51]
     51 0x7ffb8da89b30 @!P0  BRA 0x7ffb8da8e2b0 [long_sb=51]
     47 0x7ffb8da899e0 @P0   FMUL R5, R2, R5 [long_sb=44,short_sb=3]
     47 0x7ffb8da899e0 @P0   FMUL R5, R2, R5 [long_sb=44,short_sb=3]
     37 0x7ffb8da890b0 ISETP.LE.AND P0, PT, R2, UR8, PT [long_sb=15,math=20]
     37 0x7ffb8da890b0 ISETP.LE.AND P0, PT, R2, UR8, PT [long_sb=15,math=20]
     32 0x7ffb8da8d200 UMOV UR10, UR26 [barrier=32]
     32 0x7ffb8da8d200 UMOV UR10, UR26 [barrier=32]
HOTSPOTS stall_barrier
     95 0x7ffb8da89450 BSSY B0, 0x7ffb8da896d0 [barrier=95]
     95 0x7ffb8da89450 BSSY B0, 0x7ffb8da896d0 [barrier=95]
     63 0x7ffb8da89b90 BSSY B0, 0x7ffb8da8ac40 [barrier=63]
     63 0x7ffb8da89b90 BSSY B0, 0x7ffb8da8ac40 [barrier=63]
     32 0x7ffb8da8d200 UMOV UR10, UR26 [barrier=32]
     32 0x7ffb8da8d200 UMOV UR10, UR26 [barrier=32]
     28 0x7ffb8da8c1b0 UMOV UR10, UR26 [barrier=28]
     28 0x7ffb8da8c1b0 UMOV UR10, UR26 [barrier=28]
     24 0x7ffb8da8ae90 UMOV UR10, UR26 [barrier=24]
     24 0x7ffb8da8ae90 UMOV UR10, UR26 [barrier=24]
      7 0x7ffb8da8aa20 WARPGROUP.DEPBAR.LE gsb0, 0x0 [barrier=7]
      7 0x7ffb8da8aa20 WARPGROUP.DEPBAR.LE gsb0, 0x0 [barrier=7]
HOTSPOTS stall_long_sb
     51 0x7ffb8da89b30 @!P0  BRA 0x7ffb8da8e2b0 [long_sb=51]
     51 0x7ffb8da89b30 @!P0  BRA 0x7ffb8da8e2b0 [long_sb=51]
     44 0x7ffb8da899e0 @P0   FMUL R5, R2, R5 [long_sb=44,short_sb=3]
     44 0x7ffb8da899e0 @P0   FMUL R5, R2, R5 [long_sb=44,short_sb=3]
     21 0x7ffb8da8d010 STS.64 [R12+UR6+0x4400], R32 [long_sb=21]
     21 0x7ffb8da8d010 STS.64 [R12+UR6+0x4400], R32 [long_sb=21]
     20 0x7ffb8da898f0 STS.64 [R12+UR6+0x4400], R6 [long_sb=20]
     20 0x7ffb8da898f0 STS.64 [R12+UR6+0x4400], R6 [long_sb=20]
     16 0x7ffb8da89120 R2UR UR16, R2 [long_sb=16,math=1]
     16 0x7ffb8da89120 R2UR UR16, R2 [long_sb=16,math=1]
     15 0x7ffb8da890b0 ISETP.LE.AND P0, PT, R2, UR8, PT [long_sb=15,math=20]
     15 0x7ffb8da8acf0 STS.64 [R12+UR6+0x4400], R20 [long_sb=15]
HOTSPOTS stall_math
     20 0x7ffb8da890b0 ISETP.LE.AND P0, PT, R2, UR8, PT [long_sb=15,math=20]
     20 0x7ffb8da890b0 ISETP.LE.AND P0, PT, R2, UR8, PT [long_sb=15,math=20]
      8 0x7ffb8da89170 ISETP.GT.AND P0, PT, R13, 0x7, PT [math=8,short_sb=4]
      8 0x7ffb8da899b0 LEA R4, R11, UR8, 0x2 [math=8,wait=2]
      8 0x7ffb8da89170 ISETP.GT.AND P0, PT, R13, 0x7, PT [math=8,short_sb=4]
      8 0x7ffb8da899b0 LEA R4, R11, UR8, 0x2 [math=8,wait=2]
      7 0x7ffb8da89710 LEA.HI R5, R0, R13, RZ, 0x4 [math=7]
      7 0x7ffb8da89710 LEA.HI R5, R0, R13, RZ, 0x4 [math=7]
      5 0x7ffb8da89130 ISETP.LE.AND P0, PT, RZ, UR16, PT [math=5]
      5 0x7ffb8da897d0 @P0   IADD3 R2, P2, R2, R6, RZ [math=5,short_sb=2]
      5 0x7ffb8da89a70 SHF.R.S32.HI R3, RZ, 0x1f, R2 [math=5]
      5 0x7ffb8da89130 ISETP.LE.AND P0, PT, RZ, UR16, PT [math=5]
HOTSPOTS stall_wait
      6 0x7ffb8da890c0 @P0   EXIT [wait=6]
      6 0x7ffb8da890c0 @P0   EXIT [wait=6]
      4 0x7ffb8da89010 LDC.64 R2, c[0x0][0x3b8] [wait=4]
      4 0x7ffb8da8d0d0 @!P0  STS [R12], RZ [wait=4]
      4 0x7ffb8da89010 LDC.64 R2, c[0x0][0x3b8] [wait=4]
      4 0x7ffb8da8d0d0 @!P0  STS [R12], RZ [wait=4]
      3 0x7ffb8da8d0c0 @!P0  IMAD R12, R11, 0x4, R14 [wait=3]
      3 0x7ffb8da8d0c0 @!P0  IMAD R12, R11, 0x4, R14 [wait=3]
      2 0x7ffb8da892d0 @P1   BRA 0x7ffb8da89400 [wait=2]
      2 0x7ffb8da892e0 ULDC.64 UR6, c[0x0][0x390] [wait=2]
      2 0x7ffb8da89410 BAR.SYNC.DEFER_BLOCKING 0x0 [wait=2]
      2 0x7ffb8da89750 IMAD.SHL.U32 R34, R2, 0x8, RZ [wait=2]
HOTSPOTS stall_not_selected
HOTSPOTS stall_short_sb
     11 0x7ffb8da89050 USHF.R.S32.HI UR4, URZ, 0x1f, UR6 [short_sb=11]
     11 0x7ffb8da89050 USHF.R.S32.HI UR4, URZ, 0x1f, UR6 [short_sb=11]
      7 0x7ffb8da89030 LDG.E.CONSTANT R2, desc[UR12][R2.64] [short_sb=7]
      7 0x7ffb8da89030 LDG.E.CONSTANT R2, desc[UR12][R2.64] [short_sb=7]
      6 0x7ffb8da8ad40 ISETP.GT.AND P0, PT, R23, -0x1, PT [short_sb=6]
      6 0x7ffb8da8ad40 ISETP.GT.AND P0, PT, R23, -0x1, PT [short_sb=6]
      5 0x7ffb8da8aa40 FFMA R13, R28, R20, RZ [short_sb=5]
      5 0x7ffb8da8ac70 ISETP.GE.AND P0, PT, R23, RZ, PT [math=2,short_sb=5]
      5 0x7ffb8da8aa40 FFMA R13, R28, R20, RZ [short_sb=5]
      5 0x7ffb8da8ac70 ISETP.GE.AND P0, PT, R23, RZ, PT [math=2,short_sb=5]
      4 0x7ffb8da89170 ISETP.GT.AND P0, PT, R13, 0x7, PT [math=8,short_sb=4]
      4 0x7ffb8da89170 ISETP.GT.AND P0, PT, R13, 0x7, PT [math=8,short_sb=4]
