Traceback (most recent call last):
  File "/usr/local/lib/python3.12/dist-packages/torch/utils/cpp_extension.py", line 2774, in _run_ninja_build
    subprocess.run(
  File "/usr/lib/python3.12/subprocess.py", line 571, in run
    raise CalledProcessError(retcode, process.args,
subprocess.CalledProcessError: Command '['ninja', '-v']' returned non-zero exit status 2.

The above exception was the direct cause of the following exception:

Traceback (most recent call last):
  File "/lustre/raplab/client/xutingz/fac/DeepGEMM_tp/bench/profile_v4_flash_tp_single_compute.py", line 12, in <module>
    import v4_flash_tp_wgmma as kernel
  File "/lustre/raplab/client/xutingz/fac/DeepGEMM_tp/v4_flash_tp_wgmma.py", line 10589, in <module>
    _ext = load_inline(
           ^^^^^^^^^^^^
  File "/usr/local/lib/python3.12/dist-packages/torch/utils/cpp_extension.py", line 2174, in load_inline
    return _jit_compile(
           ^^^^^^^^^^^^^
  File "/usr/local/lib/python3.12/dist-packages/torch/utils/cpp_extension.py", line 2268, in _jit_compile
    _write_ninja_file_and_build_library(
  File "/usr/local/lib/python3.12/dist-packages/torch/utils/cpp_extension.py", line 2429, in _write_ninja_file_and_build_library
    _run_ninja_build(
  File "/usr/local/lib/python3.12/dist-packages/torch/utils/cpp_extension.py", line 2791, in _run_ninja_build
    raise RuntimeError(message) from e
RuntimeError: Error building extension 'v4tp_00103f0cfafff003aed7_v178mspec': [1/3] /usr/local/cuda/bin/nvcc -MD -MF cuda.cuda.o.d -DTORCH_EXTENSION_NAME=v4tp_00103f0cfafff003aed7_v178mspec -DTORCH_API_INCLUDE_EXTENSION_H -isystem /usr/local/lib/python3.12/dist-packages/torch/include -isystem /usr/local/lib/python3.12/dist-packages/torch/include/torch/csrc/api/include -isystem /usr/local/cuda/include -isystem /usr/include/python3.12 -D__CUDA_NO_HALF_OPERATORS__ -D__CUDA_NO_HALF_CONVERSIONS__ -D__CUDA_NO_BFLOAT16_CONVERSIONS__ -D__CUDA_NO_HALF2_OPERATORS__ --expt-relaxed-constexpr --compiler-options '-fPIC' -O3 -DK_WOUT=128 -DK_LUT_ROWS=256 -DK_SCALE_QUAD_REUSE=4 -DK_SCALE_BUFFERS=2 -DK_WEIGHT_STAGES=2 -DK_WEIGHT_SWIZZLE=64 -DK_WEIGHT_COMMON_ADDRESS=1 -DK_DEQUANT_DP4A_HI=1 -DK_DEQUANT_DP4A_LO=1 -DK_DEQUANT_SYNTH_LUT=0 -DK_NORMALIZED_WEIGHT_SCALE=1 -DK_NORMALIZED_SHARED_LUT=0 -DK_ACTIVATION_EVICT_LAST=0 -DK_PREDICATED_PADDED_ACTIVATION=0 -DK_TILED_WEIGHT_LAYOUT=1 -DK_BULK_WEIGHT_COPY=1 -DK_TMA_CTA_SCOPE=0 -DK_WEIGHT_EVICT_FIRST=1 -DK_WEIGHT_POLICY_HOIST=0 -DK_WEIGHT_POLICY_CONSTANT=0 -DK_W2_NO_WEIGHT_EVICT_FIRST=0 -DK_INTERLEAVED_BULK_COPY=1 -DK_COMPACT_INTERLEAVED_SCALE=1 -DK_MODE2_BRAID=1 -DK_W2_GLOBAL_LUT=0 -DK_W2_S2R_PREFETCH=1 -DK_W13_S2R_PREFETCH=1 -DK_LEADER_MBAR_WAIT=1 -DK_DIRECT_BARRIER_ADDR=0 -DK_ROUTE_K_UNROLL2=1 -DK_ROUTE_K_UNROLL4=1 -DK_ROUTE_K_UNROLL8=0 -DK_ROUTE_K_UNROLL8_SPLIT2=0 -DK_W13_K_UNROLL8_SPLIT2=0 -DK_W13_K_UNROLL16_SPLIT2=0 -DK_W13_DISTRIBUTED_PREP=1 -DK_W13_DUAL_WG_SPLIT=0 -DK_W2_DISTRIBUTED_PREP=1 -DK_W13_MERGED_WGMMA_GROUP=0 -DK_W2_ROUTE_OUTPUT=1 -DK_W2_SORTED_ACT=0 -DK_W2_MBLOCK_SCALE=0 -DK_W2_FOLD_GLOBAL_SCALE=0 -DK_W2_COALESCED_STORE=0 -DK_SINGLE_LAUNCH_SCHEDULE=0 -DK_SINGLE_LAUNCH_NOINLINE_GEMM=0 -DK_SINGLE_LAUNCH_W13_PHASE_NOINLINE=0 -DK_SINGLE_LAUNCH_W2_PHASE_NOINLINE=0 -DK_SINGLE_LAUNCH_MIN_BLOCKS=8 -DK_SINGLE_LAUNCH_ROUTE_DYNAMIC_SMEM=0 -DK_SINGLE_LAUNCH_M128_BOUND9=0 -DK_SINGLE_LAUNCH_W2_UNROLL2_BOUND9=0 -DK_SINGLE_LAUNCH_PERSISTENT_GEMM_STATE=0 -DK_SINGLE_LAUNCH_W13_NEXT_TASK_PREFETCH=0 -DK_SINGLE_LAUNCH_W2_NEXT_TASK_PREFETCH=0 -DK_SINGLE_LAUNCH_ASSUME_VALID_GEMM_TASKS=1 -DK_SINGLE_LAUNCH_W2_CHUNK_MAJOR=0 -DK_SINGLE_LAUNCH_W2_CHUNK_AR_OVERLAP=0 -DK_SINGLE_LAUNCH_W2_CHUNK_AR_DEDICATED=0 -DK_SINGLE_LAUNCH_W2_CHUNK_AR_WAIT_ONLY=0 -DK_SINGLE_LAUNCH_W2_CHUNK_AR_HELPER_STAGE=3 -DK_SINGLE_LAUNCH_W2_CHUNK_AR_STRONG_PRODUCER_FENCE=0 -DK_SINGLE_LAUNCH_W2_CHUNK_AR_L2_LOAD=0 -DK_SINGLE_LAUNCH_W2_CHUNK_AR_POST=0 -DK_SINGLE_LAUNCH_W2_CHUNK_AR_POST_CONCURRENT=0 -DK_SINGLE_LAUNCH_W2_BULK_REDUCE_COMBINE=0 -DK_SINGLE_LAUNCH_W2_BULK_REDUCE_ROUTES=8 -DK_SINGLE_LAUNCH_W2_PRODUCER_ATOMIC_COMBINE=0 -DK_SINGLE_LAUNCH_COOPERATIVE_GRID=0 -DK_SINGLE_LAUNCH_RELAXED_GRID_POLL=1 -DK_SINGLE_LAUNCH_ADAPTIVE_GRID_POLL=0 -DK_SINGLE_LAUNCH_ADAPTIVE_GRID_POLL_MAX_NS=512 -DK_SINGLE_LAUNCH_PHASE_STAMPS=0 -DK_SINGLE_LAUNCH_PACKED_GRID_BARRIER=1 -DK_SINGLE_LAUNCH_RELEASE_GRID_ARRIVAL=1 -DK_SINGLE_LAUNCH_BALANCED_WORKERS=0 -DK_SINGLE_LAUNCH_GRID_POLL_SLEEP_NS=64 -DK_SINGLE_LAUNCH_SKIP_FINAL_CTA_SYNC=0 -DK_SINGLE_LAUNCH_GRID_BARRIER_NO_ENTRY_SYNC=0 -DK_SINGLE_LAUNCH_SKIP_ACTIVATION_TASK_SYNC=0 -DK_SINGLE_LAUNCH_HIERARCHICAL_GRID=0 -DK_SINGLE_LAUNCH_TAIL_OVERLAP=0 -DK_SINGLE_LAUNCH_TAIL_ACT_ONLY=0 -DK_SINGLE_LAUNCH_TAIL_GROUP_CTAS=16 -DK_SINGLE_LAUNCH_GROUPED_W13_ACT=0 -DK_SINGLE_LAUNCH_ACT_W2_COHORT=0 -DK_SINGLE_LAUNCH_W13_COMPLETION_ACT=0 -DK_SINGLE_LAUNCH_W13_ACT_TAIL_PIPE=0 -DK_SINGLE_LAUNCH_W13_N64_TAIL=0 -DK_SINGLE_LAUNCH_W13_TAIL_SPLIT4=0 -DK_SINGLE_LAUNCH_CLUSTER_W13_ACT=0 -DK_SINGLE_LAUNCH_DUAL_WG_PHASES=0 -DK_SINGLE_LAUNCH_DUAL_WG_CTAS_PER_SM=4 -DK_SINGLE_LAUNCH_DUAL_WG_PRIVATE_ACT=0 -DK_SINGLE_LAUNCH_78CTA_8WG=0 -DK_SINGLE_LAUNCH_TRACE_SMID=1 -DK_SINGLE_LAUNCH_78CTA_SMID_MAP=0 -DK_SINGLE_LAUNCH_SM_STRIPED_TASKS=1 -DK_SINGLE_LAUNCH_78CTA_WG_DAG=0 -DK_SINGLE_LAUNCH_78CTA_LOCAL_W13=0 -DK_SINGLE_LAUNCH_GROUP_CTAS=16 -DK_SINGLE_LAUNCH_NVLS_BLOCKS=64 -DK_SINGLE_LAUNCH_P2P_TWO_SHOT=1 -DK_SINGLE_LAUNCH_P2P_TWO_SHOT_BLOCKS=64 -DK_MIN_BLOCKS_PER_SM=0 -DK_W13_LAUNCH_BOUND_10=0 -DK_W13_MAX_SMEM_CARVEOUT=0 --expt-relaxed-constexpr --expt-extended-lambda -gencode arch=compute_90a,code=sm_90a -std=c++17 -lineinfo -I/lustre/raplab/client/xutingz/fac/DeepGEMM/deep_gemm/include -c /tmp/torch_ext_v4_tp/v4tp_00103f0cfafff003aed7_v178mspec/cuda.cu -o cuda.cuda.o 
FAILED: [code=2] cuda.cuda.o 
/usr/local/cuda/bin/nvcc -MD -MF cuda.cuda.o.d -DTORCH_EXTENSION_NAME=v4tp_00103f0cfafff003aed7_v178mspec -DTORCH_API_INCLUDE_EXTENSION_H -isystem /usr/local/lib/python3.12/dist-packages/torch/include -isystem /usr/local/lib/python3.12/dist-packages/torch/include/torch/csrc/api/include -isystem /usr/local/cuda/include -isystem /usr/include/python3.12 -D__CUDA_NO_HALF_OPERATORS__ -D__CUDA_NO_HALF_CONVERSIONS__ -D__CUDA_NO_BFLOAT16_CONVERSIONS__ -D__CUDA_NO_HALF2_OPERATORS__ --expt-relaxed-constexpr --compiler-options '-fPIC' -O3 -DK_WOUT=128 -DK_LUT_ROWS=256 -DK_SCALE_QUAD_REUSE=4 -DK_SCALE_BUFFERS=2 -DK_WEIGHT_STAGES=2 -DK_WEIGHT_SWIZZLE=64 -DK_WEIGHT_COMMON_ADDRESS=1 -DK_DEQUANT_DP4A_HI=1 -DK_DEQUANT_DP4A_LO=1 -DK_DEQUANT_SYNTH_LUT=0 -DK_NORMALIZED_WEIGHT_SCALE=1 -DK_NORMALIZED_SHARED_LUT=0 -DK_ACTIVATION_EVICT_LAST=0 -DK_PREDICATED_PADDED_ACTIVATION=0 -DK_TILED_WEIGHT_LAYOUT=1 -DK_BULK_WEIGHT_COPY=1 -DK_TMA_CTA_SCOPE=0 -DK_WEIGHT_EVICT_FIRST=1 -DK_WEIGHT_POLICY_HOIST=0 -DK_WEIGHT_POLICY_CONSTANT=0 -DK_W2_NO_WEIGHT_EVICT_FIRST=0 -DK_INTERLEAVED_BULK_COPY=1 -DK_COMPACT_INTERLEAVED_SCALE=1 -DK_MODE2_BRAID=1 -DK_W2_GLOBAL_LUT=0 -DK_W2_S2R_PREFETCH=1 -DK_W13_S2R_PREFETCH=1 -DK_LEADER_MBAR_WAIT=1 -DK_DIRECT_BARRIER_ADDR=0 -DK_ROUTE_K_UNROLL2=1 -DK_ROUTE_K_UNROLL4=1 -DK_ROUTE_K_UNROLL8=0 -DK_ROUTE_K_UNROLL8_SPLIT2=0 -DK_W13_K_UNROLL8_SPLIT2=0 -DK_W13_K_UNROLL16_SPLIT2=0 -DK_W13_DISTRIBUTED_PREP=1 -DK_W13_DUAL_WG_SPLIT=0 -DK_W2_DISTRIBUTED_PREP=1 -DK_W13_MERGED_WGMMA_GROUP=0 -DK_W2_ROUTE_OUTPUT=1 -DK_W2_SORTED_ACT=0 -DK_W2_MBLOCK_SCALE=0 -DK_W2_FOLD_GLOBAL_SCALE=0 -DK_W2_COALESCED_STORE=0 -DK_SINGLE_LAUNCH_SCHEDULE=0 -DK_SINGLE_LAUNCH_NOINLINE_GEMM=0 -DK_SINGLE_LAUNCH_W13_PHASE_NOINLINE=0 -DK_SINGLE_LAUNCH_W2_PHASE_NOINLINE=0 -DK_SINGLE_LAUNCH_MIN_BLOCKS=8 -DK_SINGLE_LAUNCH_ROUTE_DYNAMIC_SMEM=0 -DK_SINGLE_LAUNCH_M128_BOUND9=0 -DK_SINGLE_LAUNCH_W2_UNROLL2_BOUND9=0 -DK_SINGLE_LAUNCH_PERSISTENT_GEMM_STATE=0 -DK_SINGLE_LAUNCH_W13_NEXT_TASK_PREFETCH=0 -DK_SINGLE_LAUNCH_W2_NEXT_TASK_PREFETCH=0 -DK_SINGLE_LAUNCH_ASSUME_VALID_GEMM_TASKS=1 -DK_SINGLE_LAUNCH_W2_CHUNK_MAJOR=0 -DK_SINGLE_LAUNCH_W2_CHUNK_AR_OVERLAP=0 -DK_SINGLE_LAUNCH_W2_CHUNK_AR_DEDICATED=0 -DK_SINGLE_LAUNCH_W2_CHUNK_AR_WAIT_ONLY=0 -DK_SINGLE_LAUNCH_W2_CHUNK_AR_HELPER_STAGE=3 -DK_SINGLE_LAUNCH_W2_CHUNK_AR_STRONG_PRODUCER_FENCE=0 -DK_SINGLE_LAUNCH_W2_CHUNK_AR_L2_LOAD=0 -DK_SINGLE_LAUNCH_W2_CHUNK_AR_POST=0 -DK_SINGLE_LAUNCH_W2_CHUNK_AR_POST_CONCURRENT=0 -DK_SINGLE_LAUNCH_W2_BULK_REDUCE_COMBINE=0 -DK_SINGLE_LAUNCH_W2_BULK_REDUCE_ROUTES=8 -DK_SINGLE_LAUNCH_W2_PRODUCER_ATOMIC_COMBINE=0 -DK_SINGLE_LAUNCH_COOPERATIVE_GRID=0 -DK_SINGLE_LAUNCH_RELAXED_GRID_POLL=1 -DK_SINGLE_LAUNCH_ADAPTIVE_GRID_POLL=0 -DK_SINGLE_LAUNCH_ADAPTIVE_GRID_POLL_MAX_NS=512 -DK_SINGLE_LAUNCH_PHASE_STAMPS=0 -DK_SINGLE_LAUNCH_PACKED_GRID_BARRIER=1 -DK_SINGLE_LAUNCH_RELEASE_GRID_ARRIVAL=1 -DK_SINGLE_LAUNCH_BALANCED_WORKERS=0 -DK_SINGLE_LAUNCH_GRID_POLL_SLEEP_NS=64 -DK_SINGLE_LAUNCH_SKIP_FINAL_CTA_SYNC=0 -DK_SINGLE_LAUNCH_GRID_BARRIER_NO_ENTRY_SYNC=0 -DK_SINGLE_LAUNCH_SKIP_ACTIVATION_TASK_SYNC=0 -DK_SINGLE_LAUNCH_HIERARCHICAL_GRID=0 -DK_SINGLE_LAUNCH_TAIL_OVERLAP=0 -DK_SINGLE_LAUNCH_TAIL_ACT_ONLY=0 -DK_SINGLE_LAUNCH_TAIL_GROUP_CTAS=16 -DK_SINGLE_LAUNCH_GROUPED_W13_ACT=0 -DK_SINGLE_LAUNCH_ACT_W2_COHORT=0 -DK_SINGLE_LAUNCH_W13_COMPLETION_ACT=0 -DK_SINGLE_LAUNCH_W13_ACT_TAIL_PIPE=0 -DK_SINGLE_LAUNCH_W13_N64_TAIL=0 -DK_SINGLE_LAUNCH_W13_TAIL_SPLIT4=0 -DK_SINGLE_LAUNCH_CLUSTER_W13_ACT=0 -DK_SINGLE_LAUNCH_DUAL_WG_PHASES=0 -DK_SINGLE_LAUNCH_DUAL_WG_CTAS_PER_SM=4 -DK_SINGLE_LAUNCH_DUAL_WG_PRIVATE_ACT=0 -DK_SINGLE_LAUNCH_78CTA_8WG=0 -DK_SINGLE_LAUNCH_TRACE_SMID=1 -DK_SINGLE_LAUNCH_78CTA_SMID_MAP=0 -DK_SINGLE_LAUNCH_SM_STRIPED_TASKS=1 -DK_SINGLE_LAUNCH_78CTA_WG_DAG=0 -DK_SINGLE_LAUNCH_78CTA_LOCAL_W13=0 -DK_SINGLE_LAUNCH_GROUP_CTAS=16 -DK_SINGLE_LAUNCH_NVLS_BLOCKS=64 -DK_SINGLE_LAUNCH_P2P_TWO_SHOT=1 -DK_SINGLE_LAUNCH_P2P_TWO_SHOT_BLOCKS=64 -DK_MIN_BLOCKS_PER_SM=0 -DK_W13_LAUNCH_BOUND_10=0 -DK_W13_MAX_SMEM_CARVEOUT=0 --expt-relaxed-constexpr --expt-extended-lambda -gencode arch=compute_90a,code=sm_90a -std=c++17 -lineinfo -I/lustre/raplab/client/xutingz/fac/DeepGEMM/deep_gemm/include -c /tmp/torch_ext_v4_tp/v4tp_00103f0cfafff003aed7_v178mspec/cuda.cu -o cuda.cuda.o 
/tmp/torch_ext_v4_tp/v4tp_00103f0cfafff003aed7_v178mspec/cuda.cu(336): error: identifier "kSingleLaunchH20Sms" is undefined
      return local_slot * kSingleLaunchH20Sms + static_cast<int>(smid);
                          ^

1 error detected in the compilation of "/tmp/torch_ext_v4_tp/v4tp_00103f0cfafff003aed7_v178mspec/cuda.cu".
[2/3] c++ -MMD -MF main.o.d -DTORCH_EXTENSION_NAME=v4tp_00103f0cfafff003aed7_v178mspec -DTORCH_API_INCLUDE_EXTENSION_H -isystem /usr/local/lib/python3.12/dist-packages/torch/include -isystem /usr/local/lib/python3.12/dist-packages/torch/include/torch/csrc/api/include -isystem /usr/local/cuda/include -isystem /usr/include/python3.12 -fPIC -std=c++17 -c /tmp/torch_ext_v4_tp/v4tp_00103f0cfafff003aed7_v178mspec/main.cpp -o main.o 
ninja: build stopped: subcommand failed.


Fatbin elf code:
================
arch = sm_90a
code version = [1,8]
host = linux
compile_size = 64bit
identifier = /tmp/torch_ext_v4_tp/v4tp_2dac143e377cca7650a2_v178mspec/cuda.cu

Resource usage:
 Common:
  GLOBAL:29 CONSTANT[4]:232 CONSTANT[3]:32
 Function _Z32tp4_megamoe_single_launch_kernelILi2ELi128EEv14CUtensorMap_stS0_S0_S0_PKhS2_PKfS2_S2_S4_S2_S4_PKiS4_PiS7_S7_PfP13__nv_bfloat16PhS8_SA_PK5uint2S7_S7_SA_PjSB_SB_SB_SB_SB_SA_S2_SB_SB_iilb:
  REG:64 STACK:32 SHARED:4096 LOCAL:0 CONSTANT[0]:1425 TEXTURE:0 SURFACE:0 SAMPLER:0
 Function _Z32tp4_megamoe_single_launch_kernelILi4ELi128EEv14CUtensorMap_stS0_S0_S0_PKhS2_PKfS2_S2_S4_S2_S4_PKiS4_PiS7_S7_PfP13__nv_bfloat16PhS8_SA_PK5uint2S7_S7_SA_PjSB_SB_SB_SB_SB_SA_S2_SB_SB_iilb:
  REG:64 STACK:32 SHARED:4096 LOCAL:0 CONSTANT[0]:1425 TEXTURE:0 SURFACE:0 SAMPLER:0
 Function _Z32tp4_megamoe_single_launch_kernelILi2ELi64EEv14CUtensorMap_stS0_S0_S0_PKhS2_PKfS2_S2_S4_S2_S4_PKiS4_PiS7_S7_PfP13__nv_bfloat16PhS8_SA_PK5uint2S7_S7_SA_PjSB_SB_SB_SB_SB_SA_S2_SB_SB_iilb:
  REG:64 STACK:32 SHARED:4096 LOCAL:0 CONSTANT[0]:1425 TEXTURE:0 SURFACE:0 SAMPLER:0
 Function _Z32tp4_megamoe_single_launch_kernelILi4ELi64EEv14CUtensorMap_stS0_S0_S0_PKhS2_PKfS2_S2_S4_S2_S4_PKiS4_PiS7_S7_PfP13__nv_bfloat16PhS8_SA_PK5uint2S7_S7_SA_PjSB_SB_SB_SB_SB_SA_S2_SB_SB_iilb:
  REG:64 STACK:32 SHARED:4096 LOCAL:0 CONSTANT[0]:1425 TEXTURE:0 SURFACE:0 SAMPLER:0
 Function _Z32tp4_megamoe_single_launch_kernelILi4ELi32EEv14CUtensorMap_stS0_S0_S0_PKhS2_PKfS2_S2_S4_S2_S4_PKiS4_PiS7_S7_PfP13__nv_bfloat16PhS8_SA_PK5uint2S7_S7_SA_PjSB_SB_SB_SB_SB_SA_S2_SB_SB_iilb:
  REG:61 STACK:32 SHARED:4096 LOCAL:0 CONSTANT[0]:1425 TEXTURE:0 SURFACE:0 SAMPLER:0
 Function _Z32tp4_megamoe_single_launch_kernelILi2ELi32EEv14CUtensorMap_stS0_S0_S0_PKhS2_PKfS2_S2_S4_S2_S4_PKiS4_PiS7_S7_PfP13__nv_bfloat16PhS8_SA_PK5uint2S7_S7_SA_PjSB_SB_SB_SB_SB_SA_S2_SB_SB_iilb:
  REG:60 STACK:32 SHARED:4096 LOCAL:0 CONSTANT[0]:1425 TEXTURE:0 SURFACE:0 SAMPLER:0
 Function _Z32tp4_megamoe_single_launch_kernelILi4ELi16EEv14CUtensorMap_stS0_S0_S0_PKhS2_PKfS2_S2_S4_S2_S4_PKiS4_PiS7_S7_PfP13__nv_bfloat16PhS8_SA_PK5uint2S7_S7_SA_PjSB_SB_SB_SB_SB_SA_S2_SB_SB_iilb:
  REG:61 STACK:32 SHARED:4096 LOCAL:0 CONSTANT[0]:1425 TEXTURE:0 SURFACE:0 SAMPLER:0
 Function _Z32tp4_megamoe_single_launch_kernelILi2ELi16EEv14CUtensorMap_stS0_S0_S0_PKhS2_PKfS2_S2_S4_S2_S4_PKiS4_PiS7_S7_PfP13__nv_bfloat16PhS8_SA_PK5uint2S7_S7_SA_PjSB_SB_SB_SB_SB_SA_S2_SB_SB_iilb:
  REG:60 STACK:32 SHARED:4096 LOCAL:0 CONSTANT[0]:1425 TEXTURE:0 SURFACE:0 SAMPLER:0
 Function _Z32tp4_megamoe_single_launch_kernelILi4ELi8EEv14CUtensorMap_stS0_S0_S0_PKhS2_PKfS2_S2_S4_S2_S4_PKiS4_PiS7_S7_PfP13__nv_bfloat16PhS8_SA_PK5uint2S7_S7_SA_PjSB_SB_SB_SB_SB_SA_S2_SB_SB_iilb:
  REG:61 STACK:32 SHARED:4096 LOCAL:0 CONSTANT[0]:1425 TEXTURE:0 SURFACE:0 SAMPLER:0
 Function _Z32tp4_megamoe_single_launch_kernelILi2ELi8EEv14CUtensorMap_stS0_S0_S0_PKhS2_PKfS2_S2_S4_S2_S4_PKiS4_PiS7_S7_PfP13__nv_bfloat16PhS8_SA_PK5uint2S7_S7_SA_PjSB_SB_SB_SB_SB_SA_S2_SB_SB_iilb:
  REG:60 STACK:32 SHARED:4096 LOCAL:0 CONSTANT[0]:1425 TEXTURE:0 SURFACE:0 SAMPLER:0
 Function _Z26reduce_swiglu_quant_kernelILi256ELi1EEvPKfP13__nv_bfloat16PhPfPKiS7_S1_i:
  REG:19 STACK:0 SHARED:2048 LOCAL:0 CONSTANT[0]:588 TEXTURE:0 SURFACE:0 SAMPLER:0
 Function _Z26reduce_swiglu_quant_kernelILi256ELi2EEvPKfP13__nv_bfloat16PhPfPKiS7_S1_i:
  REG:19 STACK:0 SHARED:2048 LOCAL:0 CONSTANT[0]:588 TEXTURE:0 SURFACE:0 SAMPLER:0
 Function _Z26reduce_swiglu_quant_kernelILi256ELi4EEvPKfP13__nv_bfloat16PhPfPKiS7_S1_i:
  REG:24 STACK:0 SHARED:2048 LOCAL:0 CONSTANT[0]:588 TEXTURE:0 SURFACE:0 SAMPLER:0
 Function _Z26reduce_swiglu_quant_kernelILi512ELi1EEvPKfP13__nv_bfloat16PhPfPKiS7_S1_i:
  REG:19 STACK:0 SHARED:2048 LOCAL:0 CONSTANT[0]:588 TEXTURE:0 SURFACE:0 SAMPLER:0
 Function _Z26reduce_swiglu_quant_kernelILi512ELi2EEvPKfP13__nv_bfloat16PhPfPKiS7_S1_i:
  REG:19 STACK:0 SHARED:2048 LOCAL:0 CONSTANT[0]:588 TEXTURE:0 SURFACE:0 SAMPLER:0
 Function _Z26reduce_swiglu_quant_kernelILi512ELi4EEvPKfP13__nv_bfloat16PhPfPKiS7_S1_i:
  REG:24 STACK:0 SHARED:2048 LOCAL:0 CONSTANT[0]:588 TEXTURE:0 SURFACE:0 SAMPLER:0
 Function _Z20reduce_swiglu_kernelILi256ELi1EEvPKfP13__nv_bfloat16i:
  REG:16 STACK:0 SHARED:1024 LOCAL:0 CONSTANT[0]:548 TEXTURE:0 SURFACE:0 SAMPLER:0
 Function _Z20reduce_swiglu_kernelILi256ELi2EEvPKfP13__nv_bfloat16i:
  REG:18 STACK:0 SHARED:1024 LOCAL:0 CONSTANT[0]:548 TEXTURE:0 SURFACE:0 SAMPLER:0
 Function _Z20reduce_swiglu_kernelILi256ELi4EEvPKfP13__nv_bfloat16i:
  REG:20 STACK:0 SHARED:1024 LOCAL:0 CONSTANT[0]:548 TEXTURE:0 SURFACE:0 SAMPLER:0
 Function _Z20reduce_swiglu_kernelILi512ELi1EEvPKfP13__nv_bfloat16i:
  REG:16 STACK:0 SHARED:1024 LOCAL:0 CONSTANT[0]:548 TEXTURE:0 SURFACE:0 SAMPLER:0
 Function _Z20reduce_swiglu_kernelILi512ELi2EEvPKfP13__nv_bfloat16i:
  REG:18 STACK:0 SHARED:1024 LOCAL:0 CONSTANT[0]:548 TEXTURE:0 SURFACE:0 SAMPLER:0
 Function _Z20reduce_swiglu_kernelILi512ELi4EEvPKfP13__nv_bfloat16i:
  REG:20 STACK:0 SHARED:1024 LOCAL:0 CONSTANT[0]:548 TEXTURE:0 SURFACE:0 SAMPLER:0
 Function _Z10route_gemmILi256ELi4096ELi1ELb0ELi4ELb0ELb0EEv14CUtensorMap_stS0_PKhS2_PKfS2_S4_PKiS6_S6_S4_PfPK5uint2Piii:
  REG:58 STACK:0 SHARED:2048 LOCAL:0 CONSTANT[0]:1000 TEXTURE:0 SURFACE:0 SAMPLER:0
 Function _Z10route_gemmILi256ELi4096ELi1ELb0ELi8ELb0ELb0EEv14CUtensorMap_stS0_PKhS2_PKfS2_S4_PKiS6_S6_S4_PfPK5uint2Piii:
  REG:58 STACK:0 SHARED:2048 LOCAL:0 CONSTANT[0]:1000 TEXTURE:0 SURFACE:0 SAMPLER:0
 Function _Z10route_gemmILi256ELi4096ELi1ELb0ELi16ELb0ELb0EEv14CUtensorMap_stS0_PKhS2_PKfS2_S4_PKiS6_S6_S4_PfPK5uint2Piii:
  REG:58 STACK:0 SHARED:2048 LOCAL:0 CONSTANT[0]:1000 TEXTURE:0 SURFACE:0 SAMPLER:0
 Function _Z10route_gemmILi512ELi4096ELi1ELb0ELi4ELb0ELb0EEv14CUtensorMap_stS0_PKhS2_PKfS2_S4_PKiS6_S6_S4_PfPK5uint2Piii:
  REG:61 STACK:0 SHARED:2048 LOCAL:0 CONSTANT[0]:1000 TEXTURE:0 SURFACE:0 SAMPLER:0
 Function _Z10route_gemmILi512ELi4096ELi1ELb0ELi8ELb0ELb0EEv14CUtensorMap_stS0_PKhS2_PKfS2_S4_PKiS6_S6_S4_PfPK5uint2Piii:
  REG:61 STACK:0 SHARED:2048 LOCAL:0 CONSTANT[0]:1000 TEXTURE:0 SURFACE:0 SAMPLER:0
 Function _Z10route_gemmILi512ELi4096ELi1ELb0ELi16ELb0ELb0EEv14CUtensorMap_stS0_PKhS2_PKfS2_S4_PKiS6_S6_S4_PfPK5uint2Piii:
  REG:61 STACK:0 SHARED:2048 LOCAL:0 CONSTANT[0]:1000 TEXTURE:0 SURFACE:0 SAMPLER:0
 Function _Z10route_gemmILi512ELi4096ELi1ELb0ELi0ELb1ELb0EEv14CUtensorMap_stS0_PKhS2_PKfS2_S4_PKiS6_S6_S4_PfPK5uint2Piii:
  REG:59 STACK:0 SHARED:2048 LOCAL:0 CONSTANT[0]:1000 TEXTURE:0 SURFACE:0 SAMPLER:0
 Function _Z10route_gemmILi256ELi4096ELi1ELb0ELi0ELb0ELb0EEv14CUtensorMap_stS0_PKhS2_PKfS2_S4_PKiS6_S6_S4_PfPK5uint2Piii:
  REG:58 STACK:0 SHARED:2048 LOCAL:0 CONSTANT[0]:1000 TEXTURE:0 SURFACE:0 SAMPLER:0
 Function _Z10route_gemmILi512ELi4096ELi1ELb0ELi0ELb0ELb0EEv14CUtensorMap_stS0_PKhS2_PKfS2_S4_PKiS6_S6_S4_PfPK5uint2Piii:
  REG:61 STACK:0 SHARED:2048 LOCAL:0 CONSTANT[0]:1000 TEXTURE:0 SURFACE:0 SAMPLER:0
 Function _Z10route_gemmILi4096ELi512ELi1ELb1ELi0ELb0ELb0EEv14CUtensorMap_stS0_PKhS2_PKfS2_S4_PKiS6_S6_S4_PfPK5uint2Piii:
  REG:56 STACK:0 SHARED:2048 LOCAL:0 CONSTANT[0]:1000 TEXTURE:0 SURFACE:0 SAMPLER:0
 Function _Z10route_gemmILi4096ELi512ELi2ELb1ELi0ELb0ELb0EEv14CUtensorMap_stS0_PKhS2_PKfS2_S4_PKiS6_S6_S4_PfPK5uint2Piii:
  REG:47 STACK:0 SHARED:2048 LOCAL:0 CONSTANT[0]:1000 TEXTURE:0 SURFACE:0 SAMPLER:0
 Function _Z10route_gemmILi4096ELi512ELi4ELb1ELi0ELb0ELb0EEv14CUtensorMap_stS0_PKhS2_PKfS2_S4_PKiS6_S6_S4_PfPK5uint2Piii:
  REG:47 STACK:0 SHARED:2048 LOCAL:0 CONSTANT[0]:1000 TEXTURE:0 SURFACE:0 SAMPLER:0
 Function _Z10route_gemmILi4096ELi1024ELi1ELb1ELi0ELb0ELb0EEv14CUtensorMap_stS0_PKhS2_PKfS2_S4_PKiS6_S6_S4_PfPK5uint2Piii:
  REG:56 STACK:0 SHARED:2048 LOCAL:0 CONSTANT[0]:1000 TEXTURE:0 SURFACE:0 SAMPLER:0
 Function _Z10route_gemmILi4096ELi1024ELi2ELb1ELi0ELb0ELb0EEv14CUtensorMap_stS0_PKhS2_PKfS2_S4_PKiS6_S6_S4_PfPK5uint2Piii:
  REG:47 STACK:0 SHARED:2048 LOCAL:0 CONSTANT[0]:1000 TEXTURE:0 SURFACE:0 SAMPLER:0
 Function _Z10route_gemmILi4096ELi1024ELi4ELb1ELi0ELb0ELb0EEv14CUtensorMap_stS0_PKhS2_PKfS2_S4_PKiS6_S6_S4_PfPK5uint2Piii:
  REG:47 STACK:0 SHARED:2048 LOCAL:0 CONSTANT[0]:1000 TEXTURE:0 SURFACE:0 SAMPLER:0
 Function _Z29fused_k6_nvls_pull_tp4_kernelILi256EEvPK13__nv_bfloat16PKfPS0_PKhS5_PhS8_i:
  REG:32 STACK:0 SHARED:1024 LOCAL:0 CONSTANT[0]:588 TEXTURE:0 SURFACE:0 SAMPLER:0
 Function _Z35fused_rank_route_mc_pull_tp4_kernelILi256EEvPKhPKfP13__nv_bfloat16PhS6_i:
  REG:32 STACK:0 SHARED:1024 LOCAL:0 CONSTANT[0]:572 TEXTURE:0 SURFACE:0 SAMPLER:0
 Function _Z34progress_mc_push_finish_tp4_kernelILi512EEvP13__nv_bfloat16PjPhS3_S3_S3_iil:
  REG:39 STACK:32 SHARED:1024 LOCAL:0 CONSTANT[0]:592 TEXTURE:0 SURFACE:0 SAMPLER:0
 Function _Z34progress_mc_push_finish_tp4_kernelILi256EEvP13__nv_bfloat16PjPhS3_S3_S3_iil:
  REG:39 STACK:32 SHARED:1024 LOCAL:0 CONSTANT[0]:592 TEXTURE:0 SURFACE:0 SAMPLER:0
 Function _Z34progress_mc_push_finish_tp4_kernelILi128EEvP13__nv_bfloat16PjPhS3_S3_S3_iil:
  REG:39 STACK:32 SHARED:1024 LOCAL:0 CONSTANT[0]:592 TEXTURE:0 SURFACE:0 SAMPLER:0
 Function _Z30progress_k6_mc_push_tp4_kernelILi64ELi8ELb0EEvPK13__nv_bfloat16PKfPS0_PiPjPhS8_S8_S8_S8_iil:
  REG:32 STACK:0 SHARED:1024 LOCAL:0 CONSTANT[0]:624 TEXTURE:0 SURFACE:0 SAMPLER:0
 Function _Z30progress_k6_mc_push_tp4_kernelILi128ELi4ELb0EEvPK13__nv_bfloat16PKfPS0_PiPjPhS8_S8_S8_S8_iil:
  REG:32 STACK:0 SHARED:1024 LOCAL:0 CONSTANT[0]:624 TEXTURE:0 SURFACE:0 SAMPLER:0
 Function _Z30progress_k6_mc_push_tp4_kernelILi256ELi2ELb0EEvPK13__nv_bfloat16PKfPS0_PiPjPhS8_S8_S8_S8_iil:
  REG:32 STACK:0 SHARED:1024 LOCAL:0 CONSTANT[0]:624 TEXTURE:0 SURFACE:0 SAMPLER:0
 Function _Z30progress_k6_mc_push_tp4_kernelILi64ELi8ELb1EEvPK13__nv_bfloat16PKfPS0_PiPjPhS8_S8_S8_S8_iil:
  REG:48 STACK:32 SHARED:1024 LOCAL:0 CONSTANT[0]:624 TEXTURE:0 SURFACE:0 SAMPLER:0
 Function _Z30progress_k6_mc_push_tp4_kernelILi128ELi4ELb1EEvPK13__nv_bfloat16PKfPS0_PiPjPhS8_S8_S8_S8_iil:
  REG:48 STACK:32 SHARED:1024 LOCAL:0 CONSTANT[0]:624 TEXTURE:0 SURFACE:0 SAMPLER:0
 Function _Z30progress_k6_mc_push_tp4_kernelILi256ELi2ELb1EEvPK13__nv_bfloat16PKfPS0_PiPjPhS8_S8_S8_S8_iil:
  REG:48 STACK:32 SHARED:1024 LOCAL:0 CONSTANT[0]:624 TEXTURE:0 SURFACE:0 SAMPLER:0
 Function _Z27fused_k6_push_ar_tp4_kernelILi256ELb1ELb1EEvPK13__nv_bfloat16PKfPS0_PjPhS7_S7_S7_S7_iilii:
  REG:40 STACK:32 SHARED:1024 LOCAL:0 CONSTANT[0]:624 TEXTURE:0 SURFACE:0 SAMPLER:0
 Function _Z27fused_k6_push_ar_tp4_kernelILi256ELb0ELb0EEvPK13__nv_bfloat16PKfPS0_PjPhS7_S7_S7_S7_iilii:
  REG:38 STACK:32 SHARED:1024 LOCAL:0 CONSTANT[0]:624 TEXTURE:0 SURFACE:0 SAMPLER:0
 Function _Z27fused_k6_push_ar_tp4_kernelILi128ELb0ELb0EEvPK13__nv_bfloat16PKfPS0_PjPhS7_S7_S7_S7_iilii:
  REG:40 STACK:32 SHARED:1024 LOCAL:0 CONSTANT[0]:624 TEXTURE:0 SURFACE:0 SAMPLER:0
 Function _Z27fused_k6_push_ar_tp4_kernelILi256ELb1ELb0EEvPK13__nv_bfloat16PKfPS0_PjPhS7_S7_S7_S7_iilii:
  REG:40 STACK:32 SHARED:1024 LOCAL:0 CONSTANT[0]:624 TEXTURE:0 SURFACE:0 SAMPLER:0
 Function _Z27fused_k6_push_ar_tp4_kernelILi128ELb1ELb0EEvPK13__nv_bfloat16PKfPS0_PjPhS7_S7_S7_S7_iilii:
  REG:36 STACK:32 SHARED:1024 LOCAL:0 CONSTANT[0]:624 TEXTURE:0 SURFACE:0 SAMPLER:0
 Function _Z27fused_k6_push_ar_tp4_kernelILi512ELb1ELb0EEvPK13__nv_bfloat16PKfPS0_PjPhS7_S7_S7_S7_iilii:
  REG:40 STACK:32 SHARED:1024 LOCAL:0 CONSTANT[0]:624 TEXTURE:0 SURFACE:0 SAMPLER:0
 Function _Z22tiled_k6_reduce_kernelILi256ELi2EEvPK13__nv_bfloat16PKfPS0_i:
  REG:32 STACK:0 SHARED:1024 LOCAL:0 CONSTANT[0]:556 TEXTURE:0 SURFACE:0 SAMPLER:0
 Function _Z22tiled_k6_reduce_kernelILi256ELi1EEvPK13__nv_bfloat16PKfPS0_i:
  REG:24 STACK:0 SHARED:1024 LOCAL:0 CONSTANT[0]:556 TEXTURE:0 SURFACE:0 SAMPLER:0
 Function _Z22tiled_k6_reduce_kernelILi128ELi2EEvPK13__nv_bfloat16PKfPS0_i:
  REG:32 STACK:0 SHARED:1024 LOCAL:0 CONSTANT[0]:556 TEXTURE:0 SURFACE:0 SAMPLER:0
 Function _Z22tiled_k6_reduce_kernelILi128ELi1EEvPK13__nv_bfloat16PKfPS0_i:
  REG:24 STACK:0 SHARED:1024 LOCAL:0 CONSTANT[0]:556 TEXTURE:0 SURFACE:0 SAMPLER:0
 Function _Z23paired_w13_fused_kernelILi256EEvPKhPKfS1_S3_PKiS5_S5_PfP13__nv_bfloat16PhS6_i:
  REG:70 STACK:8 SHARED:4096 LOCAL:0 CONSTANT[0]:620 TEXTURE:0 SURFACE:0 SAMPLER:0
 Function _Z23paired_w13_fused_kernelILi512EEvPKhPKfS1_S3_PKiS5_S5_PfP13__nv_bfloat16PhS6_i:
  REG:70 STACK:8 SHARED:4096 LOCAL:0 CONSTANT[0]:620 TEXTURE:0 SURFACE:0 SAMPLER:0
 Function _Z18braid_mode2_kernelPjl:
  REG:15 STACK:0 SHARED:1024 LOCAL:0 CONSTANT[0]:544 TEXTURE:0 SURFACE:0 SAMPLER:0
 Function _Z16cast_bf16_kernelPKfP13__nv_bfloat16i:
  REG:10 STACK:0 SHARED:1024 LOCAL:0 CONSTANT[0]:548 TEXTURE:0 SURFACE:0 SAMPLER:0
 Function _Z34interleaved_scheduler_probe_kernelPKiS0_PiS1_S1_S1_S1_S1_S1_S1_S1_iii:
  REG:22 STACK:0 SHARED:1024 LOCAL:0 CONSTANT[0]:628 TEXTURE:0 SURFACE:0 SAMPLER:0
 Function _Z24fused_route_quant_kernelPKiPK13__nv_bfloat16PiS4_S4_PhPfS4_i:
  REG:28 STACK:0 SHARED:5120 LOCAL:0 CONSTANT[0]:596 TEXTURE:0 SURFACE:0 SAMPLER:0
 Function _Z18route_align_kernelPKiPiS1_S1_S1_i:
  REG:28 STACK:0 SHARED:5120 LOCAL:0 CONSTANT[0]:572 TEXTURE:0 SURFACE:0 SAMPLER:0
