ITER425_STATIC_ACTIVATION_WG_M128_NCU_DETAILS
date=2026-09-05
host=H20-GPU-06
container=dpskv4_h20_weekly_gap_20260727
physical_gpu=1
device=NVIDIA H20-3e
ncu_version=2025.3.1
source_commit=01a6df0
candidate=real-SMID static W13/activation/W2 stripes with deterministic activation ownership and shared scheduler state
grid=78x1x1
block=1024x1x1
m=128
split_k=2
route_pattern=random
seed=20260904
collective=false
input_contract=prequantized FP8-E4M3 X plus FP32 group128 scale
profile_from_start=false
kernel_filter=regex:tp4_megamoe_single_launch_kernel
launch_count=1
replay_mode=kernel
passes=20
cache_control=none_application_clear_256MiB_excluded
clock_control=none
duration_us=374.98
compute_throughput_pct=58.99
dram_throughput_pct=44.99
memory_throughput_tbps=2.16
l1_hit_rate_pct=36.08
l2_hit_rate_pct=7.01
one_or_more_eligible_pct=59.64
no_eligible_pct=40.36
issued_warp_per_scheduler=0.60
active_warps_per_scheduler=8.01
eligible_warps_per_scheduler=1.48
warp_cycles_per_issued_instruction=13.44
barrier_stall_cycles_per_issue=4.8
barrier_stall_fraction_pct=35.7
executed_instructions=122903825
issued_instructions=123286343
registers_per_thread=64
dynamic_shared_kib=147.46
static_shared_kib=3.07
theoretical_active_warps_per_sm=32
theoretical_occupancy_pct=50.0
achieved_active_warps_per_sm=31.91
achieved_occupancy_pct=49.85
local_memory_spilling_requests=57100
correct=true
cosine=1.0
rel_l2=0.0
finite=true
padded_rows=1944
packed_generations=[2048,0,0,2048]
comparison_iter421.duration_us=386.53_to_374.98_minus2.99pct
comparison_iter421.no_eligible_pct=43.20_to_40.36
comparison_iter421.barrier_stall_cycles=5.3_to_4.8
comparison_iter421.barrier_stall_fraction_pct=37.57_to_35.7
comparison_iter421.local_memory_spilling_requests=107201_to_57100_minus46.74pct
comparison_iter421.executed_instructions=122254381_to_122903825_plus0.53pct
comparison_iter421.memory_throughput_tbps=2.13_to_2.16
comparison_iter402_phase.duration_us=334.21
comparison_iter402_phase.no_eligible_pct=35.74
comparison_iter402_phase.local_memory_spilling_requests=33600
comparison_iter402_phase.memory_throughput_tbps=2.46
confound=Iteration421 was collected on physical GPU0 whereas this report uses idle physical GPU1 because GPU0 currently has an unrelated persistent 99-percent-SM process; TP4 paired timing independently confirms the candidate improvement, but absolute cross-GPU NCU deltas are diagnostic rather than formal performance evidence
diagnosis=moving scheduler state to shared and separating activation ownership nearly halves spill requests, but 35.7 percent of issue interval remains sibling-warp barrier stalls and fine W13/downstream mixing delivers only 2.16TBps versus the mapped phase kernel's 2.46TBps; the next design should batch activation readiness/mailbox work rather than add finer scheduler state
report=results/iter425_static_activation_wg_m128_compute_full.ncu-rep
ITER425_STATIC_ACTIVATION_WG_M128_NCU_DETAILS_OK
