ITER417_HOPPER_CTA_PIPELINE_M128_NCU_DETAILS
date=2026-09-05
host=H20-GPU-06
container=dpskv4_h20_weekly_gap_20260727
device=NVIDIA H20-3e
ncu_version=2025.3.1
source_commit=8b11151
candidate=Hopper-inspired CTA-local coarse L1/requant/W2 pipeline
grid=78x1x1
block=1024x1x1
m=128
split_k=2
route_pattern=random
seed=20260904
collective=false
input_contract=prequantized FP8-E4M3 X plus FP32 group128 scale
profile_from_start=false
kernel_filter=regex:tp4_megamoe_single_launch_kernel
launch_count=1
replay_mode=kernel
passes=18
cache_control=none_application_clear_256MiB_excluded
clock_control=none
duration_us=623.33
compute_throughput_pct=37.07
dram_throughput_pct=27.44
memory_throughput_tbps=1.32
l1_hit_rate_pct=77.97
l2_hit_rate_pct=3.72
one_or_more_eligible_pct=36.75
no_eligible_pct=63.25
issued_warp_per_scheduler=0.37
active_warps_per_scheduler=8.00
eligible_warps_per_scheduler=1.19
warp_cycles_per_issued_instruction=21.77
barrier_stall_cycles_per_issue=10.5
barrier_stall_fraction_pct=48.03
executed_instructions=127412428
issued_instructions=129039489
registers_per_thread=64
dynamic_shared_kib=147.46
static_shared_kib=2.05
theoretical_active_warps_per_sm=32
theoretical_occupancy_pct=50.0
achieved_active_warps_per_sm=32.45
achieved_occupancy_pct=50.70
local_memory_spilling_requests=0
correct=true
cosine=1.0
rel_l2=0.0
finite=true
padded_rows=1944
packed_generations=[2048,0,0,2048]
comparison_iter402_phase.duration_us=334.21
comparison_iter402_phase.compute_throughput_pct=63.78
comparison_iter402_phase.dram_throughput_pct=51.19
comparison_iter402_phase.no_eligible_pct=35.74
comparison_iter402_phase.executed_instructions=117979872
diagnosis=CTA-wide macro barriers dominate: 48 percent of issue interval is sibling-warp barrier stall; no-eligible cycles rise to 63.25 percent and bandwidth halves versus the mapped phase kernel; instruction growth is only 8 percent, so atomics are no longer the main deficit
report=results/iter417_hopper_cta_pipeline_m128_compute_full.ncu-rep
ITER417_HOPPER_CTA_PIPELINE_M128_NCU_DETAILS_OK
