W0904 08:59:29.915000 412151 torch/distributed/run.py:851] 
W0904 08:59:29.915000 412151 torch/distributed/run.py:851] *****************************************
W0904 08:59:29.915000 412151 torch/distributed/run.py:851] Setting OMP_NUM_THREADS environment variable for each process to be 1 in default, to avoid your system being overloaded, please further tune the variable for optimal performance in your application as needed. 
W0904 08:59:29.915000 412151 torch/distributed/run.py:851] *****************************************
Traceback (most recent call last):
  File "/usr/local/lib/python3.12/dist-packages/torch/utils/cpp_extension.py", line 2774, in _run_ninja_build
    subprocess.run(
  File "/usr/lib/python3.12/subprocess.py", line 571, in run
    raise CalledProcessError(retcode, process.args,
subprocess.CalledProcessError: Command '['ninja', '-v']' returned non-zero exit status 2.

The above exception was the direct cause of the following exception:

Traceback (most recent call last):
  File "/lustre/raplab/client/xutingz/fac/DeepGEMM_tp/bench/v4_flash_tp_wgmma_graph.py", line 28, in <module>
    import v4_flash_tp_wgmma as kernel
  File "/lustre/raplab/client/xutingz/fac/DeepGEMM_tp/v4_flash_tp_wgmma.py", line 4914, in <module>
    _ext = load_inline(
           ^^^^^^^^^^^^
  File "/usr/local/lib/python3.12/dist-packages/torch/utils/cpp_extension.py", line 2174, in load_inline
    return _jit_compile(
           ^^^^^^^^^^^^^
  File "/usr/local/lib/python3.12/dist-packages/torch/utils/cpp_extension.py", line 2268, in _jit_compile
    _write_ninja_file_and_build_library(
  File "/usr/local/lib/python3.12/dist-packages/torch/utils/cpp_extension.py", line 2429, in _write_ninja_file_and_build_library
    _run_ninja_build(
  File "/usr/local/lib/python3.12/dist-packages/torch/utils/cpp_extension.py", line 2791, in _run_ninja_build
    raise RuntimeError(message) from e
RuntimeError: Error building extension 'v4tp_62ccc178e31c0e2b0d41_v154slp': [1/3] /usr/local/cuda/bin/nvcc -MD -MF cuda.cuda.o.d -DTORCH_EXTENSION_NAME=v4tp_62ccc178e31c0e2b0d41_v154slp -DTORCH_API_INCLUDE_EXTENSION_H -isystem /usr/local/lib/python3.12/dist-packages/torch/include -isystem /usr/local/lib/python3.12/dist-packages/torch/include/torch/csrc/api/include -isystem /usr/local/cuda/include -isystem /usr/include/python3.12 -D__CUDA_NO_HALF_OPERATORS__ -D__CUDA_NO_HALF_CONVERSIONS__ -D__CUDA_NO_BFLOAT16_CONVERSIONS__ -D__CUDA_NO_HALF2_OPERATORS__ --expt-relaxed-constexpr --compiler-options '-fPIC' -O3 -DK_WOUT=128 -DK_LUT_ROWS=256 -DK_SCALE_QUAD_REUSE=4 -DK_SCALE_BUFFERS=2 -DK_WEIGHT_STAGES=2 -DK_WEIGHT_SWIZZLE=64 -DK_WEIGHT_COMMON_ADDRESS=1 -DK_DEQUANT_DP4A_HI=1 -DK_DEQUANT_DP4A_LO=1 -DK_DEQUANT_SYNTH_LUT=0 -DK_NORMALIZED_WEIGHT_SCALE=1 -DK_NORMALIZED_SHARED_LUT=0 -DK_ACTIVATION_EVICT_LAST=0 -DK_PREDICATED_PADDED_ACTIVATION=0 -DK_TILED_WEIGHT_LAYOUT=1 -DK_BULK_WEIGHT_COPY=1 -DK_TMA_CTA_SCOPE=0 -DK_WEIGHT_EVICT_FIRST=1 -DK_WEIGHT_POLICY_HOIST=0 -DK_WEIGHT_POLICY_CONSTANT=0 -DK_W2_NO_WEIGHT_EVICT_FIRST=0 -DK_INTERLEAVED_BULK_COPY=1 -DK_COMPACT_INTERLEAVED_SCALE=1 -DK_MODE2_BRAID=1 -DK_W2_GLOBAL_LUT=0 -DK_W2_S2R_PREFETCH=1 -DK_W13_S2R_PREFETCH=1 -DK_LEADER_MBAR_WAIT=1 -DK_DIRECT_BARRIER_ADDR=0 -DK_ROUTE_K_UNROLL2=1 -DK_ROUTE_K_UNROLL4=1 -DK_ROUTE_K_UNROLL8=0 -DK_ROUTE_K_UNROLL8_SPLIT2=0 -DK_W13_K_UNROLL8_SPLIT2=0 -DK_W13_K_UNROLL16_SPLIT2=0 -DK_W13_DISTRIBUTED_PREP=1 -DK_W13_DUAL_WG_SPLIT=0 -DK_W2_DISTRIBUTED_PREP=1 -DK_W13_MERGED_WGMMA_GROUP=0 -DK_W2_ROUTE_OUTPUT=1 -DK_W2_SORTED_ACT=0 -DK_W2_MBLOCK_SCALE=0 -DK_W2_FOLD_GLOBAL_SCALE=0 -DK_W2_COALESCED_STORE=0 -DK_MIN_BLOCKS_PER_SM=0 -DK_W13_LAUNCH_BOUND_10=0 -DK_W13_MAX_SMEM_CARVEOUT=0 --expt-relaxed-constexpr --expt-extended-lambda -gencode arch=compute_90a,code=sm_90a -std=c++17 -lineinfo -I/lustre/raplab/client/xutingz/fac/DeepGEMM/deep_gemm/include -c /tmp/torch_ext_v4_tp/v4tp_62ccc178e31c0e2b0d41_v154slp/cuda.cu -o cuda.cuda.o 
FAILED: [code=2] cuda.cuda.o 
/usr/local/cuda/bin/nvcc -MD -MF cuda.cuda.o.d -DTORCH_EXTENSION_NAME=v4tp_62ccc178e31c0e2b0d41_v154slp -DTORCH_API_INCLUDE_EXTENSION_H -isystem /usr/local/lib/python3.12/dist-packages/torch/include -isystem /usr/local/lib/python3.12/dist-packages/torch/include/torch/csrc/api/include -isystem /usr/local/cuda/include -isystem /usr/include/python3.12 -D__CUDA_NO_HALF_OPERATORS__ -D__CUDA_NO_HALF_CONVERSIONS__ -D__CUDA_NO_BFLOAT16_CONVERSIONS__ -D__CUDA_NO_HALF2_OPERATORS__ --expt-relaxed-constexpr --compiler-options '-fPIC' -O3 -DK_WOUT=128 -DK_LUT_ROWS=256 -DK_SCALE_QUAD_REUSE=4 -DK_SCALE_BUFFERS=2 -DK_WEIGHT_STAGES=2 -DK_WEIGHT_SWIZZLE=64 -DK_WEIGHT_COMMON_ADDRESS=1 -DK_DEQUANT_DP4A_HI=1 -DK_DEQUANT_DP4A_LO=1 -DK_DEQUANT_SYNTH_LUT=0 -DK_NORMALIZED_WEIGHT_SCALE=1 -DK_NORMALIZED_SHARED_LUT=0 -DK_ACTIVATION_EVICT_LAST=0 -DK_PREDICATED_PADDED_ACTIVATION=0 -DK_TILED_WEIGHT_LAYOUT=1 -DK_BULK_WEIGHT_COPY=1 -DK_TMA_CTA_SCOPE=0 -DK_WEIGHT_EVICT_FIRST=1 -DK_WEIGHT_POLICY_HOIST=0 -DK_WEIGHT_POLICY_CONSTANT=0 -DK_W2_NO_WEIGHT_EVICT_FIRST=0 -DK_INTERLEAVED_BULK_COPY=1 -DK_COMPACT_INTERLEAVED_SCALE=1 -DK_MODE2_BRAID=1 -DK_W2_GLOBAL_LUT=0 -DK_W2_S2R_PREFETCH=1 -DK_W13_S2R_PREFETCH=1 -DK_LEADER_MBAR_WAIT=1 -DK_DIRECT_BARRIER_ADDR=0 -DK_ROUTE_K_UNROLL2=1 -DK_ROUTE_K_UNROLL4=1 -DK_ROUTE_K_UNROLL8=0 -DK_ROUTE_K_UNROLL8_SPLIT2=0 -DK_W13_K_UNROLL8_SPLIT2=0 -DK_W13_K_UNROLL16_SPLIT2=0 -DK_W13_DISTRIBUTED_PREP=1 -DK_W13_DUAL_WG_SPLIT=0 -DK_W2_DISTRIBUTED_PREP=1 -DK_W13_MERGED_WGMMA_GROUP=0 -DK_W2_ROUTE_OUTPUT=1 -DK_W2_SORTED_ACT=0 -DK_W2_MBLOCK_SCALE=0 -DK_W2_FOLD_GLOBAL_SCALE=0 -DK_W2_COALESCED_STORE=0 -DK_MIN_BLOCKS_PER_SM=0 -DK_W13_LAUNCH_BOUND_10=0 -DK_W13_MAX_SMEM_CARVEOUT=0 --expt-relaxed-constexpr --expt-extended-lambda -gencode arch=compute_90a,code=sm_90a -std=c++17 -lineinfo -I/lustre/raplab/client/xutingz/fac/DeepGEMM/deep_gemm/include -c /tmp/torch_ext_v4_tp/v4tp_62ccc178e31c0e2b0d41_v154slp/cuda.cu -o cuda.cuda.o 
/tmp/torch_ext_v4_tp/v4tp_62ccc178e31c0e2b0d41_v154slp/cuda.cu(2923): error: identifier "fused_k6_nvls_pull_tp4_task" is undefined
          fused_k6_nvls_pull_tp4_task<128>(
          ^

/tmp/torch_ext_v4_tp/v4tp_62ccc178e31c0e2b0d41_v154slp/cuda.cu(2924): warning #174-D: expression has no effect
              down, topk_weights, pull_input, pull_input_mc, output,
              ^

Remark: The warnings can be suppressed with "-diag-suppress <warning-number>"

1 error detected in the compilation of "/tmp/torch_ext_v4_tp/v4tp_62ccc178e31c0e2b0d41_v154slp/cuda.cu".
[2/3] c++ -MMD -MF main.o.d -DTORCH_EXTENSION_NAME=v4tp_62ccc178e31c0e2b0d41_v154slp -DTORCH_API_INCLUDE_EXTENSION_H -isystem /usr/local/lib/python3.12/dist-packages/torch/include -isystem /usr/local/lib/python3.12/dist-packages/torch/include/torch/csrc/api/include -isystem /usr/local/cuda/include -isystem /usr/include/python3.12 -fPIC -std=c++17 -c /tmp/torch_ext_v4_tp/v4tp_62ccc178e31c0e2b0d41_v154slp/main.cpp -o main.o 
ninja: build stopped: subcommand failed.

Traceback (most recent call last):
  File "/lustre/raplab/client/xutingz/fac/DeepGEMM_tp/bench/v4_flash_tp_wgmma_graph.py", line 28, in <module>
    import v4_flash_tp_wgmma as kernel
  File "/lustre/raplab/client/xutingz/fac/DeepGEMM_tp/v4_flash_tp_wgmma.py", line 4914, in <module>
    _ext = load_inline(
           ^^^^^^^^^^^^
  File "/usr/local/lib/python3.12/dist-packages/torch/utils/cpp_extension.py", line 2174, in load_inline
    return _jit_compile(
           ^^^^^^^^^^^^^
  File "/usr/local/lib/python3.12/dist-packages/torch/utils/cpp_extension.py", line 2294, in _jit_compile
    return _import_module_from_library(name, build_directory, is_python_module)
           ^^^^^^^^^^^^^^^^^^^^^^^^^^^^^^^^^^^^^^^^^^^^^^^^^^^^^^^^^^^^^^^^^^^^
  File "/usr/local/lib/python3.12/dist-packages/torch/utils/cpp_extension.py", line 2812, in _import_module_from_library
    module = importlib.util.module_from_spec(spec)
             ^^^^^^^^^^^^^^^^^^^^^^^^^^^^^^^^^^^^^
ImportError: /tmp/torch_ext_v4_tp/v4tp_62ccc178e31c0e2b0d41_v154slp/v4tp_62ccc178e31c0e2b0d41_v154slp.so: cannot open shared object file: No such file or directory
Traceback (most recent call last):
  File "/lustre/raplab/client/xutingz/fac/DeepGEMM_tp/bench/v4_flash_tp_wgmma_graph.py", line 28, in <module>
    import v4_flash_tp_wgmma as kernel
  File "/lustre/raplab/client/xutingz/fac/DeepGEMM_tp/v4_flash_tp_wgmma.py", line 4914, in <module>
Traceback (most recent call last):
  File "/lustre/raplab/client/xutingz/fac/DeepGEMM_tp/bench/v4_flash_tp_wgmma_graph.py", line 28, in <module>
    _ext = load_inline(
           ^^^^^^^^^^^^
  File "/usr/local/lib/python3.12/dist-packages/torch/utils/cpp_extension.py", line 2174, in load_inline
    import v4_flash_tp_wgmma as kernel
  File "/lustre/raplab/client/xutingz/fac/DeepGEMM_tp/v4_flash_tp_wgmma.py", line 4914, in <module>
    return _jit_compile(
           ^^^^^^^^^^^^^
  File "/usr/local/lib/python3.12/dist-packages/torch/utils/cpp_extension.py", line 2294, in _jit_compile
    return _import_module_from_library(name, build_directory, is_python_module)
           ^^^^^^^^^^^^^^^^^^^^^^^^^^^^^^^^^^^^^^^^^^^^^^^^^^^^^^^^^^^^^^^^^^^^
  File "/usr/local/lib/python3.12/dist-packages/torch/utils/cpp_extension.py", line 2812, in _import_module_from_library
    module = importlib.util.module_from_spec(spec)
             ^^^^^^^^^^^^^^^^^^^^^^^^^^^^^^^^^^^^^
ImportError: /tmp/torch_ext_v4_tp/v4tp_62ccc178e31c0e2b0d41_v154slp/v4tp_62ccc178e31c0e2b0d41_v154slp.so: cannot open shared object file: No such file or directory
    _ext = load_inline(
           ^^^^^^^^^^^^
  File "/usr/local/lib/python3.12/dist-packages/torch/utils/cpp_extension.py", line 2174, in load_inline
    return _jit_compile(
           ^^^^^^^^^^^^^
  File "/usr/local/lib/python3.12/dist-packages/torch/utils/cpp_extension.py", line 2294, in _jit_compile
    return _import_module_from_library(name, build_directory, is_python_module)
           ^^^^^^^^^^^^^^^^^^^^^^^^^^^^^^^^^^^^^^^^^^^^^^^^^^^^^^^^^^^^^^^^^^^^
  File "/usr/local/lib/python3.12/dist-packages/torch/utils/cpp_extension.py", line 2812, in _import_module_from_library
    module = importlib.util.module_from_spec(spec)
             ^^^^^^^^^^^^^^^^^^^^^^^^^^^^^^^^^^^^^
ImportError: /tmp/torch_ext_v4_tp/v4tp_62ccc178e31c0e2b0d41_v154slp/v4tp_62ccc178e31c0e2b0d41_v154slp.so: cannot open shared object file: No such file or directory
W0904 08:59:55.269000 412151 torch/distributed/elastic/multiprocessing/api.py:1012] Sending process 412219 closing signal SIGTERM
W0904 08:59:55.269000 412151 torch/distributed/elastic/multiprocessing/api.py:1012] Sending process 412220 closing signal SIGTERM
W0904 08:59:55.269000 412151 torch/distributed/elastic/multiprocessing/api.py:1012] Sending process 412221 closing signal SIGTERM
E0904 08:59:55.397000 412151 torch/distributed/elastic/multiprocessing/api.py:986] failed (exitcode: 1) local_rank: 3 (pid: 412222) of binary: /usr/bin/python3
Traceback (most recent call last):
  File "/usr/local/bin/torchrun", line 6, in <module>
    sys.exit(main())
             ^^^^^^
  File "/usr/local/lib/python3.12/dist-packages/torch/distributed/elastic/multiprocessing/errors/__init__.py", line 362, in wrapper
    return f(*args, **kwargs)
           ^^^^^^^^^^^^^^^^^^
  File "/usr/local/lib/python3.12/dist-packages/torch/distributed/run.py", line 990, in main
    run(args)
  File "/usr/local/lib/python3.12/dist-packages/torch/distributed/run.py", line 981, in run
    elastic_launch(
  File "/usr/local/lib/python3.12/dist-packages/torch/distributed/launcher/api.py", line 170, in __call__
    return launch_agent(self._config, self._entrypoint, list(args))
           ^^^^^^^^^^^^^^^^^^^^^^^^^^^^^^^^^^^^^^^^^^^^^^^^^^^^^^^^
  File "/usr/local/lib/python3.12/dist-packages/torch/distributed/launcher/api.py", line 317, in launch_agent
    raise ChildFailedError(
torch.distributed.elastic.multiprocessing.errors.ChildFailedError: 
============================================================
bench/v4_flash_tp_wgmma_graph.py FAILED
------------------------------------------------------------
Failures:
[1]:
  time      : 2026-09-04_08:59:55
  host      : H20-GPU-06.cm.cluster
  rank      : 0 (local_rank: 0)
  exitcode  : 1 (pid: 412219)
  error_file: <N/A>
  traceback : To enable traceback see: https://pytorch.org/docs/stable/elastic/errors.html
[2]:
  time      : 2026-09-04_08:59:55
  host      : H20-GPU-06.cm.cluster
  rank      : 1 (local_rank: 1)
  exitcode  : -15 (pid: 412220)
  error_file: <N/A>
  traceback : Signal 15 (SIGTERM) received by PID 412220
[3]:
  time      : 2026-09-04_08:59:55
  host      : H20-GPU-06.cm.cluster
  rank      : 2 (local_rank: 2)
  exitcode  : -15 (pid: 412221)
  error_file: <N/A>
  traceback : Signal 15 (SIGTERM) received by PID 412221
------------------------------------------------------------
Root Cause (first observed failure):
[0]:
  time      : 2026-09-04_08:59:55
  host      : H20-GPU-06.cm.cluster
  rank      : 3 (local_rank: 3)
  exitcode  : 1 (pid: 412222)
  error_file: <N/A>
  traceback : To enable traceback see: https://pytorch.org/docs/stable/elastic/errors.html
============================================================
