PAIRED_M=8
W0903 13:33:20.604000 323905 torch/distributed/run.py:851] 
W0903 13:33:20.604000 323905 torch/distributed/run.py:851] *****************************************
W0903 13:33:20.604000 323905 torch/distributed/run.py:851] Setting OMP_NUM_THREADS environment variable for each process to be 1 in default, to avoid your system being overloaded, please further tune the variable for optimal performance in your application as needed. 
W0903 13:33:20.604000 323905 torch/distributed/run.py:851] *****************************************
PAIRED_W2_STORE_RESULT {"candidate": {"batch_medians_ms": [0.077504001557827, 0.07753600180149078, 0.07763200253248215, 0.07755200192332268, 0.07755200192332268, 0.07758400216698647], "flag_value": 1, "max_ms": 0.07964800298213959, "median_ms": 0.07755200192332268, "min_ms": 0.07606399804353714}, "compare_flag": "V4_W13_DISTRIBUTED_PREP", "control": {"batch_medians_ms": [0.07862400263547897, 0.07846400141716003, 0.07864000275731087, 0.07849600166082382, 0.07859200239181519, 0.07865600287914276], "flag_value": 0, "max_ms": 0.23343999683856964, "median_ms": 0.0785600021481514, "min_ms": 0.07727999985218048}, "control_over_candidate": 1.0129977331317037, "exact_all_ranks": true, "l2_policy": "cold; separate 256MiB clear immediately before every graph replay; clear excluded from events", "m": 8, "order_policy": "per-sample alternating A/B then B/A", "route_pattern": "random", "samples_per_variant": 600, "world_size": 4}
PAIRED_M=16
W0903 13:33:38.129000 324164 torch/distributed/run.py:851] 
W0903 13:33:38.129000 324164 torch/distributed/run.py:851] *****************************************
W0903 13:33:38.129000 324164 torch/distributed/run.py:851] Setting OMP_NUM_THREADS environment variable for each process to be 1 in default, to avoid your system being overloaded, please further tune the variable for optimal performance in your application as needed. 
W0903 13:33:38.129000 324164 torch/distributed/run.py:851] *****************************************
PAIRED_W2_STORE_RESULT {"candidate": {"batch_medians_ms": [0.12300799787044525, 0.12281599640846252, 0.12283199653029442, 0.12295999750494957, 0.12272000312805176, 0.12257600203156471], "flag_value": 1, "max_ms": 0.1249919980764389, "median_ms": 0.12281599640846252, "min_ms": 0.12147200107574463}, "compare_flag": "V4_W13_DISTRIBUTED_PREP", "control": {"batch_medians_ms": [0.12433600053191185, 0.12435200065374374, 0.12435200065374374, 0.12430400028824806, 0.12432000041007996, 0.1239359974861145], "flag_value": 0, "max_ms": 0.5492479801177979, "median_ms": 0.12425599992275238, "min_ms": 0.12256000190973282}, "control_over_candidate": 1.011724885653337, "exact_all_ranks": true, "l2_policy": "cold; separate 256MiB clear immediately before every graph replay; clear excluded from events", "m": 16, "order_policy": "per-sample alternating A/B then B/A", "route_pattern": "random", "samples_per_variant": 600, "world_size": 4}
PAIRED_M=32
W0903 13:33:55.969000 324423 torch/distributed/run.py:851] 
W0903 13:33:55.969000 324423 torch/distributed/run.py:851] *****************************************
W0903 13:33:55.969000 324423 torch/distributed/run.py:851] Setting OMP_NUM_THREADS environment variable for each process to be 1 in default, to avoid your system being overloaded, please further tune the variable for optimal performance in your application as needed. 
W0903 13:33:55.969000 324423 torch/distributed/run.py:851] *****************************************
PAIRED_W2_STORE_RESULT {"candidate": {"batch_medians_ms": [0.19171200692653656, 0.19368000328540802, 0.1960960030555725, 0.19494399428367615, 0.19648000597953796, 0.1953120008111], "flag_value": 1, "max_ms": 0.6852480173110962, "median_ms": 0.19511999934911728, "min_ms": 0.1903039962053299}, "compare_flag": "V4_W13_DISTRIBUTED_PREP", "control": {"batch_medians_ms": [0.19382400065660477, 0.19571200013160706, 0.19833600521087646, 0.19739200174808502, 0.19864000380039215, 0.19760000705718994], "flag_value": 0, "max_ms": 0.41177600622177124, "median_ms": 0.1974399983882904, "min_ms": 0.19193600118160248}, "control_over_candidate": 1.0118901140165653, "exact_all_ranks": true, "l2_policy": "cold; separate 256MiB clear immediately before every graph replay; clear excluded from events", "m": 32, "order_policy": "per-sample alternating A/B then B/A", "route_pattern": "random", "samples_per_variant": 600, "world_size": 4}
PAIRED_M=64
W0903 13:34:14.177000 324687 torch/distributed/run.py:851] 
W0903 13:34:14.177000 324687 torch/distributed/run.py:851] *****************************************
W0903 13:34:14.177000 324687 torch/distributed/run.py:851] Setting OMP_NUM_THREADS environment variable for each process to be 1 in default, to avoid your system being overloaded, please further tune the variable for optimal performance in your application as needed. 
W0903 13:34:14.177000 324687 torch/distributed/run.py:851] *****************************************
PAIRED_W2_STORE_RESULT {"candidate": {"batch_medians_ms": [0.2685920000076294, 0.28097599744796753, 0.2860319912433624, 0.2810560017824173, 0.281792014837265, 0.28331199288368225], "flag_value": 1, "max_ms": 0.289247989654541, "median_ms": 0.28143998980522156, "min_ms": 0.26659199595451355}, "compare_flag": "V4_W13_DISTRIBUTED_PREP", "control": {"batch_medians_ms": [0.2712000012397766, 0.2837440073490143, 0.289216011762619, 0.2840320020914078, 0.2847039997577667, 0.28620800375938416], "flag_value": 0, "max_ms": 0.42323198914527893, "median_ms": 0.28465600311756134, "min_ms": 0.2690559923648834}, "control_over_candidate": 1.0114269948437873, "exact_all_ranks": true, "l2_policy": "cold; separate 256MiB clear immediately before every graph replay; clear excluded from events", "m": 64, "order_policy": "per-sample alternating A/B then B/A", "route_pattern": "random", "samples_per_variant": 600, "world_size": 4}
