ITER399_78CTA_REAL_SMID_MAP
date=2026-09-05
host=H20-GPU-06
container=dpskv4_h20_weekly_gap_20260727
device=NVIDIA H20-3e
source_flag=V4_SINGLE_LAUNCH_78CTA_SMID_MAP=1
input_contract=prequantized_FP8_E4M3_X_plus_FP32_group128_scale
collective=false
l2_policy=separate_256MiB_clear_before_profiled_launch_clear_excluded

static.rows=78
static.cols=8
static.permutation_0_623=true
static.root_bench_graph_identical=true
static.python_compile=true

m8.route=random
m8.seed=20260904
m8.split_k=4
m8.padded_rows=360
m8.cosine=0.9999999999999999
m8.rel_l2=0
m8.finite=true
m8.packed_generations=[2048,2048,2048,2048]
m8.phase_us.route_w13_requant_w2=[2.592,46.368,3.296,25.120]
m8.accepted=true

m128.route=random
m128.seed=20260904
m128.split_k=2
m128.padded_rows=1944
m128.cosine=1.0
m128.rel_l2=0
m128.finite=true
m128.packed_generations=[2048,2048,2048,2048]
m128.phase_us.route_w13_requant_w2=[3.904,210.272,6.528,107.712]
m128.accepted=true

comparison.m8_unmapped_iter398_w13_us=53.344
comparison.m8_mapped_w13_us=46.368
comparison.m8_unmapped_iter398_w2_us=31.360
comparison.m8_mapped_w2_us=25.120
comparison.m128_unmapped_iter391_w13_us=232.192
comparison.m128_mapped_w13_us=210.272
comparison.m128_unmapped_iter391_w2_us=113.056
comparison.m128_mapped_w2_us=107.712
ITER399_78CTA_REAL_SMID_MAP_CORRECTNESS_OK
