ITER403_78CTA_SMID_MAP_LOCAL_SASS
date=2026-09-05
mapped_so=/tmp/torch_ext_v4_tp/v4tp_55373bc1dcabf00755a5_v178mspec/v4tp_55373bc1dcabf00755a5_v178mspec.so
unmapped_so=/tmp/torch_ext_v4_tp/v4tp_d088d2f4481441777004_v178mspec/v4tp_d088d2f4481441777004_v178mspec.so
function=tp4_megamoe_single_launch_kernel<2,128>

mapped.REG=64
mapped.STACK=48
mapped.SHARED=3072
mapped.LOCAL=0
mapped.local_instruction_sites=8
mapped.local_ops=STL[R1+0x20],LDL.LU[R1+0x20],STL[R1+0x20],STL.128[R1],STL.128[R1+0x10],LDL.64[R16],LDL.64[R58],LDL.64[R58]

unmapped_current_source.REG=64
unmapped_current_source.STACK=48
unmapped_current_source.SHARED=3072
unmapped_current_source.LOCAL=0
unmapped_current_source.local_instruction_sites=8
unmapped_current_source.local_ops=STL[R1+0x20],LDL.LU[R1+0x20],STL[R1+0x20],STL.128[R1],STL.128[R1+0x10],LDL.64[R16],LDL.64[R58],LDL.64[R58]

unmapped_pre_refactor_iter390.REG=64
unmapped_pre_refactor_iter390.STACK=32
unmapped_pre_refactor_iter390.ncu_local_spilling_requests=0

conclusion=caller_per_WG_loop_refactor_expanded_stack_in_both_builds
next=uniform_wave_loop_and_task_internal_mapping
ITER403_78CTA_SMID_MAP_LOCAL_SASS_OK
